--------- beginning of main
06-25 23:05:54.945 D/AF::Track(  418): interceptBuffer: took 3816us to intercept 0 tracks
06-25 23:05:55.025 D/AudioFlinger(  418): mixer(0x7eac95bc9930) throttle end: throttle time(7)
--------- beginning of kernel
06-25 23:05:55.037 I/logd    (    0): logdr: UID=0 GID=0 PID=10321 b tail=0 logMask=99 pid=0 start=0ns deadline=0ns
06-25 23:05:55.082 D/EGL_emulation(10059): app_time_stats: avg=22.83ms min=13.38ms max=38.14ms count=37
06-25 23:05:55.166 D/AF::Track(  418): interceptBuffer: took 1624us to intercept 0 tracks
06-25 23:05:55.694 D/BufferPoolAccessor2.0(  484): bufferpool2 0x78aab4613ea8 : 5(20548 size) total buffers - 2(9216 size) used buffers - 9400/9409 (recycle/alloc) - 50/9408 (fetch/transfer)
06-25 23:05:56.092 D/EGL_emulation(10059): app_time_stats: avg=14.53ms min=9.85ms max=21.43ms count=55
06-25 23:05:56.213 D/AF::Track(  418): interceptBuffer: took 1647us to intercept 0 tracks
06-25 23:05:56.566 D/StatusBarIconController(  749): ignoring old pipeline callback because the new wifi icon is enabled
06-25 23:05:56.572 I/GoogleInputMethodService( 1389): GoogleInputMethodService.onFinishInput():3227 
06-25 23:05:56.580 I/GoogleInputMethodService( 1389): GoogleInputMethodService.updateDeviceLockedStatus():2087 repeatCheckTimes = 0, unlocked = true
06-25 23:05:56.584 I/GoogleInputMethodService( 1389): GoogleInputMethodService.onStartInput():1877 onStartInput(EditorInfo{inputType=0x0(NULL) imeOptions=0x0 privateImeOptions=null actionName=UNSPECIFIED actionLabel=null actionId=0 initialSelStart=-1 initialSelEnd=-1 initialCapsMode=0x0 hintText=null label=null packageName=com.donizetiferr.expertnabiblia fieldId=0 fieldName=null extras=null}, false)
06-25 23:05:56.588 I/GoogleInputMethodService( 1389): GoogleInputMethodService.shouldHideHeaderOnInitialState():4008 ShouldHideHeaderOnInitialState = false
06-25 23:05:56.593 I/GoogleInputMethodService( 1389): GoogleInputMethodService.updateDeviceLockedStatus():2087 repeatCheckTimes = 2, unlocked = true
06-25 23:05:56.638 D/AudioFlinger(  418): mixer(0x7eac95bc9930) throttle end: throttle time(4)
06-25 23:05:56.715 D/audioserver(  418): FGS Logger Transaction failed
06-25 23:05:56.716 D/audioserver(  418): -129
06-25 23:05:56.814 W/ReactNativeJS(10059): '[Layout children]: No route named "licoes" exists in nested children:', [ 'config',
06-25 23:05:56.814 W/ReactNativeJS(10059):   'index',
06-25 23:05:56.814 W/ReactNativeJS(10059):   'modos',
06-25 23:05:56.814 W/ReactNativeJS(10059):   'onboarding',
06-25 23:05:56.814 W/ReactNativeJS(10059):   'trofeu',
06-25 23:05:56.814 W/ReactNativeJS(10059):   'licoes/[moduloId]',
06-25 23:05:56.814 W/ReactNativeJS(10059):   'licoes/index',
06-25 23:05:56.814 W/ReactNativeJS(10059):   'licoes/[moduloId]/[licaoId]',
06-25 23:05:56.814 W/ReactNativeJS(10059):   'licoes/[moduloId]/[licaoId]/feedback',
06-25 23:05:56.814 W/ReactNativeJS(10059):   'licoes/[moduloId]/[licaoId]/final',
06-25 23:05:56.814 W/ReactNativeJS(10059):   'quiz/customizar',
06-25 23:05:56.814 W/ReactNativeJS(10059):   'quiz/final',
06-25 23:05:56.814 W/ReactNativeJS(10059):   'quiz/index',
06-25 23:05:56.814 W/ReactNativeJS(10059):   'quiz/jogar' ]
06-25 23:05:56.815 W/ReactNativeJS(10059): '[Layout children]: No route named "quiz" exists in nested children:', [ 'config',
06-25 23:05:56.815 W/ReactNativeJS(10059):   'index',
06-25 23:05:56.815 W/ReactNativeJS(10059):   'modos',
06-25 23:05:56.815 W/ReactNativeJS(10059):   'onboarding',
06-25 23:05:56.815 W/ReactNativeJS(10059):   'trofeu',
06-25 23:05:56.815 W/ReactNativeJS(10059):   'licoes/[moduloId]',
06-25 23:05:56.815 W/ReactNativeJS(10059):   'licoes/index',
06-25 23:05:56.815 W/ReactNativeJS(10059):   'licoes/[moduloId]/[licaoId]',
06-25 23:05:56.815 W/ReactNativeJS(10059):   'licoes/[moduloId]/[licaoId]/feedback',
06-25 23:05:56.815 W/ReactNativeJS(10059):   'licoes/[moduloId]/[licaoId]/final',
06-25 23:05:56.815 W/ReactNativeJS(10059):   'quiz/customizar',
06-25 23:05:56.815 W/ReactNativeJS(10059):   'quiz/final',
06-25 23:05:56.815 W/ReactNativeJS(10059):   'quiz/index',
06-25 23:05:56.815 W/ReactNativeJS(10059):   'quiz/jogar' ]
06-25 23:05:56.868 W/unknown:ReactNative(10059): StatusBarModule: Ignored status bar change, current activity is edge-to-edge.
06-25 23:05:56.957 D/audioserver(  418): FGS Logger Transaction failed
06-25 23:05:56.957 D/audioserver(  418): -129
06-25 23:05:56.973 D/AutofillManager(10059): view not autofillable - not passing ime action check
06-25 23:05:56.974 D/AutofillManager(10059): view not autofillable - not passing ime action check
06-25 23:05:56.985 W/[RNScreens](10059): backTitleFontFamily prop is not available on Android
06-25 23:05:56.985 W/[RNScreens](10059): disableBackButtonMenu prop is not available on Android
06-25 23:05:56.988 W/[RNScreens](10059): backTitleVisible prop is not available on Android
06-25 23:05:56.990 W/[RNScreens](10059): topInsetEnabled prop is not available on Android
06-25 23:05:56.993 W/[RNScreens](10059): largeTitleHideShadow prop is not available on Android
06-25 23:05:56.994 W/[RNScreens](10059): largeTitleFontWeight prop is not available on Android
06-25 23:05:56.994 W/[RNScreens](10059): userInterfaceStyle prop is not available on Android
06-25 23:05:56.996 W/[RNScreens](10059): largeTitleFontFamily prop is not available on Android
06-25 23:05:57.065 I/ImeTracker(10059): com.donizetiferr.expertnabiblia:d316c197: onRequestHide at ORIGIN_CLIENT_HIDE_SOFT_INPUT reason HIDE_SOFT_INPUT
06-25 23:05:57.071 I/ImeTracker(  544): com.donizetiferr.expertnabiblia:d316c197: onCancelled at PHASE_SERVER_SHOULD_HIDE
06-25 23:05:57.114 D/EGL_emulation(10059): app_time_stats: avg=32.84ms min=10.41ms max=269.83ms count=28
06-25 23:05:57.252 D/BufferPoolAccessor2.0(10059): bufferpool2 0x72b009068af8 : 5(40960 size) total buffers - 1(8192 size) used buffers - 9496/9502 (recycle/alloc) - 24/18910 (fetch/transfer)
06-25 23:05:57.618 W/RemoteInputConnectionImpl(10059): clearMetaKeyStates on inactive InputConnection
06-25 23:05:58.973 W/BpBinder(10337): Linking to death on android.gui.ISurfaceComposer but there are no threads (yet?) listening to incoming transactions. See ProcessState::startThreadPool and ProcessState::setThreadPoolMaxThreadCount. Generally you should setup the binder threadpool before other initialization steps.
06-25 23:05:58.978 W/ProcessState(10337): Extra binder thread started, but 0 threads requested. Do not use *startThreadPool when zero threads are requested.
06-25 23:05:58.998 I/hwservicemanager(  158): getTransport: Cannot find entry android.hardware.graphics.mapper@4.0::IMapper/default in either framework or device VINTF manifest.
06-25 23:05:58.999 I/Gralloc4(10337): mapper 4.x is not supported
06-25 23:05:58.976 I/servicemanager(    0): Could not find android.hardware.graphics.allocator.IAllocator/default in the VINTF manifest.
06-25 23:05:59.163 I/wpa_supplicant( 3589): wlan0: CTRL-EVENT-BEACON-LOSS 
06-25 23:05:59.556 D/StatusBarIconController(  749): ignoring old pipeline callback because the new wifi icon is enabled
06-25 23:05:59.832 D/AF::Track(  418): interceptBuffer: took 841us to intercept 0 tracks
06-25 23:06:00.013 I/AiAiEcho( 1482): Predicting[0]: 
06-25 23:06:00.015 I/AiAiEcho( 1482): EchoTargets: 
06-25 23:06:00.015 I/AiAiEcho( 1482): Filtered by AiAi flag check: 
06-25 23:06:00.019 I/AiAiEcho( 1482): Ranked targets strategy: SORT, count: 0, ranking metadata: 
06-25 23:06:00.024 I/AiAiEcho( 1482): #postPredictionTargets: Sending updates to UISurface lockscreen with targets# 0 (types=[])
06-25 23:06:00.035 W/PageIndicator(  749): Total number of pages invalid: 0. Assuming 1 page.
06-25 23:06:00.040 D/EGL_emulation(  749): app_time_stats: avg=60015.08ms min=60015.08ms max=60015.08ms count=1
06-25 23:06:00.081 D/AF::Track(  418): interceptBuffer: took 1208us to intercept 0 tracks
06-25 23:06:01.113 D/BufferPoolAccessor2.0(  484): bufferpool2 0x78aab4613ea8 : 5(20548 size) total buffers - 1(4608 size) used buffers - 9606/9615 (recycle/alloc) - 50/9614 (fetch/transfer)
06-25 23:06:01.357 D/AF::Track(  418): interceptBuffer: took 1780us to intercept 0 tracks
06-25 23:06:01.426 D/AF::Track(  418): interceptBuffer: took 569us to intercept 0 tracks
06-25 23:06:02.514 D/BufferPoolAccessor2.0(10059): bufferpool2 0x72b009068af8 : 5(40960 size) total buffers - 1(8192 size) used buffers - 9697/9703 (recycle/alloc) - 24/19312 (fetch/transfer)
06-25 23:06:02.566 D/StatusBarIconController(  749): ignoring old pipeline callback because the new wifi icon is enabled
06-25 23:06:03.577 D/StatusBarIconController(  749): ignoring old pipeline callbacks, because the new mobile icons are enabled
06-25 23:06:03.601 D/EGL_emulation(  749): app_time_stats: avg=3557.37ms min=3557.37ms max=3557.37ms count=1
06-25 23:06:04.366 D/AF::Track(  418): interceptBuffer: took 613us to intercept 0 tracks
06-25 23:06:06.464 D/BufferPoolAccessor2.0(  484): bufferpool2 0x78aab4613ea8 : 5(20548 size) total buffers - 1(4608 size) used buffers - 9811/9820 (recycle/alloc) - 50/9819 (fetch/transfer)
06-25 23:06:07.099 I/wpa_supplicant( 3589): wlan0: CTRL-EVENT-BEACON-LOSS 
06-25 23:06:07.815 D/BufferPoolAccessor2.0(10059): bufferpool2 0x72b009068af8 : 5(40960 size) total buffers - 1(8192 size) used buffers - 9900/9906 (recycle/alloc) - 24/19718 (fetch/transfer)
06-25 23:06:08.584 D/StatusBarIconController(  749): ignoring old pipeline callback because the new wifi icon is enabled
--------- beginning of system
06-25 23:06:09.471 W/CpuMonitorService(  544): Current CPU frequency (2771271) is greater than maximum CPU frequency (2) for policy ID (1). Skipping CPU frequency policy
06-25 23:06:10.855 D/MediaCodec(10059): keep callback message for reclaim
06-25 23:06:10.856 I/CCodecConfig(10059): query failed after returning 7 values (BAD_INDEX)
06-25 23:06:10.861 W/Codec2Client(10059): query -- param skipped: index = 1342179345.
06-25 23:06:10.862 W/Codec2Client(10059): query -- param skipped: index = 2415921170.
06-25 23:06:11.323 D/AF::Track(  418): interceptBuffer: took 519us to intercept 0 tracks
06-25 23:06:11.593 D/StatusBarIconController(  749): ignoring old pipeline callback because the new wifi icon is enabled
06-25 23:06:11.734 D/BufferPoolAccessor2.0(  484): bufferpool2 0x78aab4613ea8 : 5(20548 size) total buffers - 1(4608 size) used buffers - 10015/10024 (recycle/alloc) - 52/10023 (fetch/transfer)
06-25 23:06:13.097 D/BufferPoolAccessor2.0(10059): bufferpool2 0x72b009068af8 : 5(40960 size) total buffers - 1(8192 size) used buffers - 10109/10115 (recycle/alloc) - 25/20126 (fetch/transfer)
06-25 23:06:13.579 D/StatusBarIconController(  749): ignoring old pipeline callbacks, because the new mobile icons are enabled
06-25 23:06:14.602 D/StatusBarIconController(  749): ignoring old pipeline callback because the new wifi icon is enabled
06-25 23:06:15.035 I/wpa_supplicant( 3589): wlan0: CTRL-EVENT-BEACON-LOSS 
06-25 23:06:17.061 D/BufferPoolAccessor2.0(  484): bufferpool2 0x78aab4613ea8 : 5(20548 size) total buffers - 1(4608 size) used buffers - 10219/10228 (recycle/alloc) - 53/10227 (fetch/transfer)
06-25 23:06:17.611 D/StatusBarIconController(  749): ignoring old pipeline callback because the new wifi icon is enabled
06-25 23:06:17.916 D/ActivityManager(  544): sync unfroze 2094 com.android.keychain for 10
06-25 23:06:17.919 D/ActivityManager(  544): sync unfroze 8088 com.android.settings for 10
06-25 23:06:18.444 D/BufferPoolAccessor2.0(10059): bufferpool2 0x72b009068af8 : 5(40960 size) total buffers - 1(8192 size) used buffers - 10313/10319 (recycle/alloc) - 25/20534 (fetch/transfer)
06-25 23:06:22.310 D/BufferPoolAccessor2.0(  484): bufferpool2 0x78aab4613ea8 : 5(20548 size) total buffers - 1(4608 size) used buffers - 10420/10429 (recycle/alloc) - 53/10428 (fetch/transfer)
06-25 23:06:22.971 I/wpa_supplicant( 3589): wlan0: CTRL-EVENT-BEACON-LOSS 
06-25 23:06:23.339 D/AF::Track(  418): interceptBuffer: took 580us to intercept 0 tracks
06-25 23:06:23.578 D/StatusBarIconController(  749): ignoring old pipeline callbacks, because the new mobile icons are enabled
06-25 23:06:23.628 D/StatusBarIconController(  749): ignoring old pipeline callback because the new wifi icon is enabled
06-25 23:06:23.632 D/AF::Track(  418): interceptBuffer: took 542us to intercept 0 tracks
06-25 23:06:23.659 D/BufferPoolAccessor2.0(10059): bufferpool2 0x72b009068af8 : 5(40960 size) total buffers - 1(8192 size) used buffers - 10513/10519 (recycle/alloc) - 25/20934 (fetch/transfer)
06-25 23:06:26.053 E/WifiStaIfaceAidlImpl(  544): installApfPacketFilter failed with service-specific exception: android.os.ServiceSpecificException:  (code 4)
06-25 23:06:26.637 D/StatusBarIconController(  749): ignoring old pipeline callback because the new wifi icon is enabled
06-25 23:06:26.771 W/unknown:BridgelessReact(10059): ReactHost{0}.onHostPause(activity)
06-25 23:06:26.771 W/unknown:BridgelessReact(10059): ReactHost{0}.ReactContext.onHostPause()
06-25 23:06:26.771 D/KeyguardService(  749): setOccluded(false)
06-25 23:06:26.772 I/ActivityTaskManager(  544): START u0 {act=android.intent.action.VIEW dat=expertnabiblia://licoes/... flg=0x10000000 pkg=com.donizetiferr.expertnabiblia cmp=com.donizetiferr.expertnabiblia/.MainActivity} with LAUNCH_SINGLE_TASK from uid 0 (BAL_ALLOW_ALLOWLISTED_UID) result code=3
06-25 23:06:26.772 D/KeyguardViewMediator(  749): setOccluded(false)
06-25 23:06:26.773 D/KeyguardViewMediator(  749): handleSetOccluded(false)
06-25 23:06:26.783 D/WindowManagerShell(  749): onActivityRestartAttempt: ComponentInfo{com.donizetiferr.expertnabiblia/com.donizetiferr.expertnabiblia.MainActivity}
06-25 23:06:26.785 I/MediaFocusControl(  544): abandonAudioFocus() from uid/pid 10221/10059 clientId=android.media.AudioManager@8bcffcdexpo.modules.av.AVManager@606491d
06-25 23:06:26.801 W/unknown:BridgelessReact(10059): ReactHost{0}.onHostResume(activity)
06-25 23:06:26.803 W/unknown:BridgelessReact(10059): ReactHost{0}.ReactContext.onHostResume()
06-25 23:06:26.807 W/AudioManager(10059): Use of stream types is deprecated for operations other than volume control
06-25 23:06:26.808 W/AudioManager(10059): See the documentation of requestAudioFocus() for what to use instead with android.media.AudioAttributes to qualify your playback use case
06-25 23:06:26.811 I/MediaFocusControl(  544): requestAudioFocus() from uid/pid 10221/10059 AA=USAGE_MEDIA/CONTENT_TYPE_MUSIC clientId=android.media.AudioManager@8bcffcdexpo.modules.av.AVManager@606491d callingPack=com.donizetiferr.expertnabiblia req=3 flags=0x0 sdk=36
06-25 23:06:26.817 I/AudioService.FadeOutManager(  544): unfadeOutUid() uid:10221
06-25 23:06:26.823 W/ReactNativeJS(10059): '[Layout children]: No route named "licoes" exists in nested children:', [ 'config',
06-25 23:06:26.823 W/ReactNativeJS(10059):   'index',
06-25 23:06:26.823 W/ReactNativeJS(10059):   'modos',
06-25 23:06:26.823 W/ReactNativeJS(10059):   'onboarding',
06-25 23:06:26.823 W/ReactNativeJS(10059):   'trofeu',
06-25 23:06:26.823 W/ReactNativeJS(10059):   'licoes/[moduloId]',
06-25 23:06:26.823 W/ReactNativeJS(10059):   'licoes/index',
06-25 23:06:26.823 W/ReactNativeJS(10059):   'licoes/[moduloId]/[licaoId]',
06-25 23:06:26.823 W/ReactNativeJS(10059):   'licoes/[moduloId]/[licaoId]/feedback',
06-25 23:06:26.823 W/ReactNativeJS(10059):   'licoes/[moduloId]/[licaoId]/final',
06-25 23:06:26.823 W/ReactNativeJS(10059):   'quiz/customizar',
06-25 23:06:26.823 W/ReactNativeJS(10059):   'quiz/final',
06-25 23:06:26.823 W/ReactNativeJS(10059):   'quiz/index',
06-25 23:06:26.823 W/ReactNativeJS(10059):   'quiz/jogar' ]
06-25 23:06:26.834 D/AF::Track(  418): interceptBuffer: took 839us to intercept 0 tracks
06-25 23:06:26.839 W/ReactNativeJS(10059): '[Layout children]: No route named "quiz" exists in nested children:', [ 'config',
06-25 23:06:26.839 W/ReactNativeJS(10059):   'index',
06-25 23:06:26.839 W/ReactNativeJS(10059):   'modos',
06-25 23:06:26.839 W/ReactNativeJS(10059):   'onboarding',
06-25 23:06:26.839 W/ReactNativeJS(10059):   'trofeu',
06-25 23:06:26.839 W/ReactNativeJS(10059):   'licoes/[moduloId]',
06-25 23:06:26.839 W/ReactNativeJS(10059):   'licoes/index',
06-25 23:06:26.839 W/ReactNativeJS(10059):   'licoes/[moduloId]/[licaoId]',
06-25 23:06:26.839 W/ReactNativeJS(10059):   'licoes/[moduloId]/[licaoId]/feedback',
06-25 23:06:26.839 W/ReactNativeJS(10059):   'licoes/[moduloId]/[licaoId]/final',
06-25 23:06:26.839 W/ReactNativeJS(10059):   'quiz/customizar',
06-25 23:06:26.839 W/ReactNativeJS(10059):   'quiz/final',
06-25 23:06:26.839 W/ReactNativeJS(10059):   'quiz/index',
06-25 23:06:26.839 W/ReactNativeJS(10059):   'quiz/jogar' ]
06-25 23:06:26.920 W/[RNScreens](10059): backTitleFontFamily prop is not available on Android
06-25 23:06:26.924 W/[RNScreens](10059): disableBackButtonMenu prop is not available on Android
06-25 23:06:26.927 W/[RNScreens](10059): backTitleVisible prop is not available on Android
06-25 23:06:26.928 W/[RNScreens](10059): topInsetEnabled prop is not available on Android
06-25 23:06:26.928 W/[RNScreens](10059): largeTitleHideShadow prop is not available on Android
06-25 23:06:26.928 W/[RNScreens](10059): largeTitleFontWeight prop is not available on Android
06-25 23:06:26.931 W/[RNScreens](10059): userInterfaceStyle prop is not available on Android
06-25 23:06:26.931 W/[RNScreens](10059): largeTitleFontFamily prop is not available on Android
06-25 23:06:26.933 W/ReactNativeJS(10059): '[Layout children]: No route named "licoes" exists in nested children:', [ 'config',
06-25 23:06:26.933 W/ReactNativeJS(10059):   'index',
06-25 23:06:26.933 W/ReactNativeJS(10059):   'modos',
06-25 23:06:26.933 W/ReactNativeJS(10059):   'onboarding',
06-25 23:06:26.933 W/ReactNativeJS(10059):   'trofeu',
06-25 23:06:26.933 W/ReactNativeJS(10059):   'licoes/[moduloId]',
06-25 23:06:26.933 W/ReactNativeJS(10059):   'licoes/index',
06-25 23:06:26.933 W/ReactNativeJS(10059):   'licoes/[moduloId]/[licaoId]',
06-25 23:06:26.933 W/ReactNativeJS(10059):   'licoes/[moduloId]/[licaoId]/feedback',
06-25 23:06:26.933 W/ReactNativeJS(10059):   'licoes/[moduloId]/[licaoId]/final',
06-25 23:06:26.933 W/ReactNativeJS(10059):   'quiz/customizar',
06-25 23:06:26.933 W/ReactNativeJS(10059):   'quiz/final',
06-25 23:06:26.933 W/ReactNativeJS(10059):   'quiz/index',
06-25 23:06:26.933 W/ReactNativeJS(10059):   'quiz/jogar' ]
06-25 23:06:26.936 W/ReactNativeJS(10059): '[Layout children]: No route named "quiz" exists in nested children:', [ 'config',
06-25 23:06:26.936 W/ReactNativeJS(10059):   'index',
06-25 23:06:26.936 W/ReactNativeJS(10059):   'modos',
06-25 23:06:26.936 W/ReactNativeJS(10059):   'onboarding',
06-25 23:06:26.936 W/ReactNativeJS(10059):   'trofeu',
06-25 23:06:26.936 W/ReactNativeJS(10059):   'licoes/[moduloId]',
06-25 23:06:26.936 W/ReactNativeJS(10059):   'licoes/index',
06-25 23:06:26.936 W/ReactNativeJS(10059):   'licoes/[moduloId]/[licaoId]',
06-25 23:06:26.936 W/ReactNativeJS(10059):   'licoes/[moduloId]/[licaoId]/feedback',
06-25 23:06:26.936 W/ReactNativeJS(10059):   'licoes/[moduloId]/[licaoId]/final',
06-25 23:06:26.936 W/ReactNativeJS(10059):   'quiz/customizar',
06-25 23:06:26.936 W/ReactNativeJS(10059):   'quiz/final',
06-25 23:06:26.936 W/ReactNativeJS(10059):   'quiz/index',
06-25 23:06:26.936 W/ReactNativeJS(10059):   'quiz/jogar' ]
06-25 23:06:26.972 W/unknown:ReactNative(10059): StatusBarModule: Ignored status bar change, current activity is edge-to-edge.
06-25 23:06:27.023 D/EGL_emulation(10059): app_time_stats: avg=2986.67ms min=8.14ms max=29666.71ms count=10
06-25 23:06:27.043 D/AutofillManager(10059): view not autofillable - not passing ime action check
06-25 23:06:27.043 D/AutofillManager(10059): view not autofillable - not passing ime action check
06-25 23:06:27.194 D/AF::Track(  418): interceptBuffer: took 2479us to intercept 0 tracks
06-25 23:06:27.770 D/BufferPoolAccessor2.0(  484): bufferpool2 0x78aab4613ea8 : 5(20548 size) total buffers - 1(4608 size) used buffers - 10628/10637 (recycle/alloc) - 54/10636 (fetch/transfer)
06-25 23:06:28.037 D/EGL_emulation(10059): app_time_stats: avg=20.44ms min=11.81ms max=60.53ms count=43
06-25 23:06:28.692 D/AF::Track(  418): interceptBuffer: took 1812us to intercept 0 tracks
06-25 23:06:28.824 D/AF::Track(  418): interceptBuffer: took 553us to intercept 0 tracks
06-25 23:06:28.942 D/BufferPoolAccessor2.0(10059): bufferpool2 0x72b009068af8 : 5(40960 size) total buffers - 4(32768 size) used buffers - 10717/10723 (recycle/alloc) - 25/21338 (fetch/transfer)
06-25 23:06:29.040 D/EGL_emulation(10059): app_time_stats: avg=18.62ms min=12.55ms max=29.58ms count=45
06-25 23:06:29.674 D/StatusBarIconController(  749): ignoring old pipeline callback because the new wifi icon is enabled
06-25 23:06:30.061 D/EGL_emulation(10059): app_time_stats: avg=17.93ms min=11.58ms max=28.75ms count=46
06-25 23:06:30.071 D/AF::Track(  418): interceptBuffer: took 565us to intercept 0 tracks
06-25 23:06:30.852 D/MediaCodec(10059): keep callback message for reclaim
06-25 23:06:30.856 I/CCodecConfig(10059): query failed after returning 7 values (BAD_INDEX)
06-25 23:06:30.862 W/Codec2Client(10059): query -- param skipped: index = 1342179345.
06-25 23:06:30.862 W/Codec2Client(10059): query -- param skipped: index = 2415921170.
06-25 23:06:30.912 I/wpa_supplicant( 3589): wlan0: CTRL-EVENT-BEACON-LOSS 
06-25 23:06:31.064 D/EGL_emulation(10059): app_time_stats: avg=15.79ms min=11.15ms max=25.92ms count=53
06-25 23:06:31.773 E/BLASTSyncEngine(  544): WM sent Transaction to organized, but never received commit callback. Application ANR likely to follow.
06-25 23:06:32.076 D/EGL_emulation(10059): app_time_stats: avg=16.51ms min=11.47ms max=24.95ms count=51
06-25 23:06:32.110 D/AF::Track(  418): interceptBuffer: took 716us to intercept 0 tracks
06-25 23:06:32.451 W/BpBinder(10354): Linking to death on android.gui.ISurfaceComposer but there are no threads (yet?) listening to incoming transactions. See ProcessState::startThreadPool and ProcessState::setThreadPoolMaxThreadCount. Generally you should setup the binder threadpool before other initialization steps.
06-25 23:06:32.457 W/ProcessState(10354): Extra binder thread started, but 0 threads requested. Do not use *startThreadPool when zero threads are requested.
06-25 23:06:32.472 I/servicemanager(    0): Could not find android.hardware.graphics.allocator.IAllocator/default in the VINTF manifest.
06-25 23:06:32.499 I/hwservicemanager(  158): getTransport: Cannot find entry android.hardware.graphics.mapper@4.0::IMapper/default in either framework or device VINTF manifest.
06-25 23:06:32.504 I/Gralloc4(10354): mapper 4.x is not supported
06-25 23:06:32.689 D/StatusBarIconController(  749): ignoring old pipeline callback because the new wifi icon is enabled
06-25 23:06:32.723 D/AF::Track(  418): interceptBuffer: took 539us to intercept 0 tracks
06-25 23:06:33.083 D/EGL_emulation(10059): app_time_stats: avg=19.62ms min=12.49ms max=31.95ms count=43
06-25 23:06:33.176 D/AF::Track(  418): interceptBuffer: took 1000us to intercept 0 tracks
06-25 23:06:33.187 D/BufferPoolAccessor2.0(  484): bufferpool2 0x78aab4613ea8 : 5(20548 size) total buffers - 1(4608 size) used buffers - 10839/10848 (recycle/alloc) - 56/10847 (fetch/transfer)
06-25 23:06:33.613 D/StatusBarIconController(  749): ignoring old pipeline callbacks, because the new mobile icons are enabled
06-25 23:06:34.084 D/EGL_emulation(10059): app_time_stats: avg=17.74ms min=11.32ms max=34.50ms count=47
06-25 23:06:34.162 D/BufferPoolAccessor2.0(10059): bufferpool2 0x72b009068af8 : 5(40960 size) total buffers - 3(24576 size) used buffers - 10921/10927 (recycle/alloc) - 26/21742 (fetch/transfer)
06-25 23:06:35.090 D/EGL_emulation(10059): app_time_stats: avg=15.72ms min=10.90ms max=26.29ms count=50
06-25 23:06:36.100 D/EGL_emulation(10059): app_time_stats: avg=14.69ms min=9.13ms max=23.46ms count=54
06-25 23:06:37.123 D/EGL_emulation(10059): app_time_stats: avg=15.72ms min=12.19ms max=28.08ms count=53
06-25 23:06:37.987 D/ActivityManager(  544): freezing 2094 com.android.keychain
06-25 23:06:37.990 D/ActivityManager(  544): freezing 8088 com.android.settings
06-25 23:06:38.123 D/EGL_emulation(10059): app_time_stats: avg=15.24ms min=10.97ms max=22.74ms count=53
06-25 23:06:38.348 D/AF::Track(  418): interceptBuffer: took 960us to intercept 0 tracks
06-25 23:06:38.432 D/AF::Track(  418): interceptBuffer: took 634us to intercept 0 tracks
06-25 23:06:38.651 D/BufferPoolAccessor2.0(  484): bufferpool2 0x78aab4613ea8 : 5(20548 size) total buffers - 1(4608 size) used buffers - 11049/11058 (recycle/alloc) - 58/11057 (fetch/transfer)
06-25 23:06:38.714 D/StatusBarIconController(  749): ignoring old pipeline callback because the new wifi icon is enabled
06-25 23:06:38.843 D/AF::Track(  418): interceptBuffer: took 1138us to intercept 0 tracks
06-25 23:06:39.098 I/wpa_supplicant( 3589): wlan0: CTRL-EVENT-BEACON-LOSS 
06-25 23:06:39.143 D/EGL_emulation(10059): app_time_stats: avg=16.44ms min=10.82ms max=26.77ms count=50
06-25 23:06:39.417 D/BufferPoolAccessor2.0(10059): bufferpool2 0x72b009068af8 : 5(40960 size) total buffers - 1(8192 size) used buffers - 11120/11126 (recycle/alloc) - 26/22142 (fetch/transfer)
06-25 23:06:39.545 D/AF::Track(  418): interceptBuffer: took 842us to intercept 0 tracks
06-25 23:06:39.750 D/AF::Track(  418): interceptBuffer: took 1340us to intercept 0 tracks
06-25 23:06:40.151 D/EGL_emulation(10059): app_time_stats: avg=14.25ms min=9.60ms max=18.47ms count=56
06-25 23:06:41.019 D/AF::Track(  418): interceptBuffer: took 2228us to intercept 0 tracks
06-25 23:06:41.160 D/EGL_emulation(10059): app_time_stats: avg=13.46ms min=9.92ms max=18.11ms count=57
06-25 23:06:41.724 D/StatusBarIconController(  749): ignoring old pipeline callback because the new wifi icon is enabled
06-25 23:06:42.175 D/EGL_emulation(10059): app_time_stats: avg=13.14ms min=9.84ms max=16.63ms count=60
06-25 23:06:43.181 D/EGL_emulation(10059): app_time_stats: avg=13.85ms min=9.15ms max=22.17ms count=56
06-25 23:06:43.601 D/StatusBarIconController(  749): ignoring old pipeline callbacks, because the new mobile icons are enabled
06-25 23:06:43.624 D/EGL_emulation(  749): app_time_stats: avg=40022.58ms min=40022.58ms max=40022.58ms count=1
06-25 23:06:43.874 D/AF::Track(  418): interceptBuffer: took 585us to intercept 0 tracks
06-25 23:06:43.971 D/BufferPoolAccessor2.0(  484): bufferpool2 0x78aab4613ea8 : 5(20548 size) total buffers - 1(4608 size) used buffers - 11251/11260 (recycle/alloc) - 59/11259 (fetch/transfer)
06-25 23:06:44.183 D/EGL_emulation(10059): app_time_stats: avg=12.77ms min=9.66ms max=21.35ms count=59
06-25 23:06:44.731 D/StatusBarIconController(  749): ignoring old pipeline callback because the new wifi icon is enabled
06-25 23:06:44.767 D/BufferPoolAccessor2.0(10059): bufferpool2 0x72b009068af8 : 5(40960 size) total buffers - 1(8192 size) used buffers - 11325/11331 (recycle/alloc) - 26/22552 (fetch/transfer)
06-25 23:06:45.189 D/EGL_emulation(10059): app_time_stats: avg=13.12ms min=9.33ms max=20.68ms count=57
06-25 23:06:45.981 D/AF::Track(  418): interceptBuffer: took 532us to intercept 0 tracks
06-25 23:06:46.193 D/EGL_emulation(10059): app_time_stats: avg=13.43ms min=9.74ms max=21.93ms count=56
06-25 23:06:47.035 I/wpa_supplicant( 3589): wlan0: CTRL-EVENT-BEACON-LOSS 
06-25 23:06:47.209 D/EGL_emulation(10059): app_time_stats: avg=14.15ms min=9.93ms max=21.81ms count=57
06-25 23:06:47.273 D/AF::Track(  418): interceptBuffer: took 654us to intercept 0 tracks
06-25 23:06:47.738 D/StatusBarIconController(  749): ignoring old pipeline callback because the new wifi icon is enabled
06-25 23:06:48.000 D/AF::Track(  418): interceptBuffer: took 2200us to intercept 0 tracks
06-25 23:06:48.216 D/EGL_emulation(10059): app_time_stats: avg=15.19ms min=10.56ms max=23.81ms count=54
06-25 23:06:48.362 D/AF::Track(  418): interceptBuffer: took 1533us to intercept 0 tracks
06-25 23:06:48.928 D/AF::Track(  418): interceptBuffer: took 597us to intercept 0 tracks
06-25 23:06:49.235 D/EGL_emulation(10059): app_time_stats: avg=14.96ms min=9.77ms max=24.52ms count=56
06-25 23:06:49.270 D/BufferPoolAccessor2.0(  484): bufferpool2 0x78aab4613ea8 : 5(20548 size) total buffers - 1(4608 size) used buffers - 11455/11464 (recycle/alloc) - 61/11463 (fetch/transfer)
06-25 23:06:49.701 D/AutofillManager(10059): view not autofillable - not passing ime action check
06-25 23:06:49.716 D/CompatibilityChangeReporter(10059): Compat change id reported: 163400105; UID 10221; state: ENABLED
06-25 23:06:49.717 I/GoogleInputMethodService( 1389): GoogleInputMethodService.onFinishInput():3227 
06-25 23:06:49.721 I/ImeTracker(10059): com.donizetiferr.expertnabiblia:6d91c428: onRequestShow at ORIGIN_CLIENT_SHOW_SOFT_INPUT reason SHOW_SOFT_INPUT
06-25 23:06:49.722 D/InputMethodManager(10059): showSoftInput() view=com.facebook.react.views.textinput.ReactEditText{de37366 VFED..CL. .F.P..ID 111,1267-905,1410 #6c6 aid=1073741826} flags=0 reason=SHOW_SOFT_INPUT
06-25 23:06:49.724 I/GoogleInputMethodService( 1389): GoogleInputMethodService.updateDeviceLockedStatus():2087 repeatCheckTimes = 0, unlocked = true
06-25 23:06:49.725 I/GoogleInputMethodService( 1389): GoogleInputMethodService.onStartInput():1877 onStartInput(EditorInfo{inputType=0x84001(Normal) imeOptions=0x4 privateImeOptions=null actionName=SEND actionLabel=null actionId=0 initialSelStart=0 initialSelEnd=0 initialCapsMode=0x2000 hintText=non-empty label=null packageName=com.donizetiferr.expertnabiblia fieldId=1734 fieldName=null extras=Bundle[mParcelledData.dataSize=240]}, false)
06-25 23:06:49.728 I/GoogleInputMethodService( 1389): GoogleInputMethodService.shouldHideHeaderOnInitialState():4008 ShouldHideHeaderOnInitialState = false
06-25 23:06:49.731 I/GoogleInputMethodService( 1389): GoogleInputMethodService.updateDeviceLockedStatus():2087 repeatCheckTimes = 2, unlocked = true
06-25 23:06:49.735 W/ProcessStats(  544): Tracking association SourceState{c60347e system/1000 BFgs #6675} whose proc state 4 is better than process ProcessState{5e13851 com.google.android.inputmethod.latin/10140 pkg=com.google.android.inputmethod.latin} proc state 6 (19 skipped)
06-25 23:06:49.741 I/GoogleInputMethodService( 1389): GoogleInputMethodService.onCreateInputView():1768 onCreateInputView()
06-25 23:06:49.755 I/ImeTracker(10059): com.donizetiferr.expertnabiblia:a56c4538: onRequestShow at ORIGIN_CLIENT_SHOW_SOFT_INPUT reason SHOW_SOFT_INPUT
06-25 23:06:49.755 D/InputMethodManager(10059): showSoftInput() view=com.facebook.react.views.textinput.ReactEditText{de37366 VFED..CL. .F.P.... 111,1267-905,1410 #6c6 aid=1073741826} flags=0 reason=SHOW_SOFT_INPUT
06-25 23:06:49.759 D/audioserver(  418): FGS Logger Transaction failed
06-25 23:06:49.759 D/audioserver(  418): -129
06-25 23:06:49.764 I/GoogleInputMethodService( 1389): GoogleInputMethodService.onStartInputView():1995 onStartInputView(EditorInfo{inputType=0x84001(Normal) imeOptions=0x4 privateImeOptions=null actionName=SEND actionLabel=null actionId=0 initialSelStart=0 initialSelEnd=0 initialCapsMode=0x2000 hintText=non-empty label=null packageName=com.donizetiferr.expertnabiblia fieldId=1734 fieldName=null extras=Bundle[{android.support.text.emoji.emojiCompat_metadataVersion=9, android.support.text.emoji.emojiCompat_replaceAll=false}]}, false)
06-25 23:06:49.768 I/GoogleInputMethodService( 1389): GoogleInputMethodService.updateDeviceLockedStatus():2087 repeatCheckTimes = 2, unlocked = true
06-25 23:06:49.771 I/DeviceModeUtil( 1389): DeviceModeUtil.getDeviceMode():122 Get device mode tablet_large by ui mode:1 and smallestScreenWidthDp:411
06-25 23:06:49.773 W/ModuleManager( 1389): ModuleManager.loadModule():450 Module erj is not available
06-25 23:06:49.780 I/KeyboardViewUtil( 1389): KeyboardViewUtil.getKeyboardHeightRatio():189 systemKeyboardHeightRatio:1.000000; userKeyboardHeightRatio:1.000000.
06-25 23:06:49.804 I/LatinIme( 1389): LatinIme.<init>():328 Language = en-US
06-25 23:06:49.826 I/Delight5Facilitator( 1389): Delight5Facilitator.initializeForIme():777 initializeForIme() : Locale = [en_US], layout = qwerty
06-25 23:06:49.831 I/AndroidIME( 1389): AbstractIme.onActivate():86 LatinIme.onActivate() : EditorInfo = inputType=0x84001(Normal) imeOptions=0x4 privateImeOptions=null actionName=SEND actionLabel=null actionId=0 initialSelStart=0 initialSelEnd=0 initialCapsMode=0x2000 hintText=non-empty label=null packageName=com.donizetiferr.expertnabiblia fieldId=1734 fieldName=null extras=Bundle[{android.support.text.emoji.emojiCompat_metadataVersion=9, android.support.text.emoji.emojiCompat_replaceAll=false}], IncognitoMode = false, DeviceLocked = false
06-25 23:06:49.839 I/VoiceInputManagerWrapper( 1389): VoiceInputManagerWrapper.cancelShutdown():55 cancelShutdown()
06-25 23:06:49.839 I/VoiceInputManagerWrapper( 1389): VoiceInputManagerWrapper.syncLanguagePacks():67 syncLanguagePacks()
06-25 23:06:49.842 I/LatinIme( 1389): LatinIme.updateEnableInlineSuggestionsOnDecoderSideFlags():1003 inline flag updated to:false
06-25 23:06:49.846 I/SpeechFactory( 1389): SpeechRecognitionFactory.maybeScheduleAutoPackDownloadForFallback():205 maybeScheduleAutoPackDownloadForFallback()
06-25 23:06:49.847 I/FallbackOnDeviceRecognitionProvider( 1389): FallbackOnDeviceRecognitionProvider.maybeScheduleAutoPackDownload():195 maybeScheduleAutoPackDownload() for language tag en-US
06-25 23:06:49.855 I/KeyboardWrapper( 1389): KeyboardWrapper.consumeEvent():275 Skip consuming an event as current keyboard is deactivated (state=0, keyboard existence=false)
06-25 23:06:49.860 I/KeyboardManager( 1389): KeyboardManager.requestKeyboard():146 Creating keyboard prime, imeId=ime_english_united_states, cacheKey=theme_border_stylesheet_noshadow_gsans_pillkey_silkpopup_materiallight_tablet_large
06-25 23:06:49.864 I/DeviceModeUtil( 1389): DeviceModeUtil.getDeviceMode():122 Get device mode tablet_large by ui mode:1 and smallestScreenWidthDp:411
06-25 23:06:49.865 I/DeviceModeUtil( 1389): DeviceModeUtil.getDeviceMode():122 Get device mode tablet_large by ui mode:1 and smallestScreenWidthDp:411
06-25 23:06:49.866 I/KeyboardModeManager( 1389): KeyboardModeManager.setInputView():364 setInputView() : supportsOneHandedMode=true
06-25 23:06:49.868 I/AndroidIME( 1389): KeyboardViewManager.updateKeyboardBackgroundFrameVisibility():357 Set background frame visibility. old:8, new:8
06-25 23:06:49.869 I/NormalModeController( 1389): NormalModeController.getKeyboardBodyViewHolderPaddingBottom():116 currentPrimeKeyboardType:SOFT systemPaddingBottom:-1
06-25 23:06:49.870 I/NormalModeController( 1389): NormalModeController.getKeyboardBodyViewHolderPaddingBottom():116 currentPrimeKeyboardType:SOFT systemPaddingBottom:-1
06-25 23:06:49.872 I/KeyboardModeManager( 1389): KeyboardModeManager.setInputView():356 setInputView() : entry=hwn{languageTag=en-US, variant=qwerty, hasLocalizedResources=true, conditionCacheKey=_device=tablet_device_size=large_enable_adaptive_text_editing=true_enable_inline_suggestions_on_client_side=false_enable_large_tablet_batch_1=false_enable_large_tablet_batch_2=false_enable_more_candidates_view_for_multilingual=false_enable_nav_redesign=false_enable_number_row=false_enable_preemptive_decode=true_enable_secondary_symbols=false_expressions=normal_four_or_more_letter_rows=false_keyboard_mode=normal_language=en-US_orientation=portrait_physical_keyboard=qwerty_show_secondary_digits=true_show_suggestions=true_split_with_duplicate_keys=true_variant=qwerty, imeDef.stringId=ime_english_united_states, imeDef.className=com.google.android.apps.inputmethod.libs.latin5.LatinIme, imeDef.languageTag=en-US}
06-25 23:06:49.878 I/VoiceImeExtension( 1389): VoiceImeExtension.shouldStartVoiceInputAutomatically():383 No private IME option set to start voice input.
06-25 23:06:49.922 D/CoreBackPreview(  544): Window{5b34cf8 u0 com.donizetiferr.expertnabiblia/com.donizetiferr.expertnabiblia.MainActivity}: Setting back callback OnBackInvokedCallbackInfo{mCallback=android.window.IOnBackInvokedCallback$Stub$Proxy@d6f105f, mPriority=0, mIsAnimationCallback=false}
06-25 23:06:49.923 D/ActivityManager(  544): sync unfroze 1658 com.google.android.gms for 6
06-25 23:06:49.936 I/DeviceModeUtil( 1389): DeviceModeUtil.getDeviceMode():122 Get device mode tablet_large by ui mode:1 and smallestScreenWidthDp:411
06-25 23:06:49.951 I/ImeTracker(  544): com.donizetiferr.expertnabiblia:6d91c428: onFailed at PHASE_WM_SHOW_IME_RUNNER
06-25 23:06:49.975 D/BoundBrokerSvc( 1658): onBind: Intent { act=com.google.firebase.dynamiclinks.service.START pkg=com.google.android.gms }
06-25 23:06:49.985 D/BoundBrokerSvc( 1658): Loading bound service for intent: Intent { act=com.google.firebase.dynamiclinks.service.START pkg=com.google.android.gms }
06-25 23:06:49.987 D/BufferPoolAccessor2.0(10059): bufferpool2 0x72b009068af8 : 5(40960 size) total buffers - 4(32768 size) used buffers - 11527/11533 (recycle/alloc) - 26/22952 (fetch/transfer)
06-25 23:06:49.996 D/audioserver(  418): FGS Logger Transaction failed
06-25 23:06:49.996 D/audioserver(  418): -129
06-25 23:06:50.199 D/AF::Track(  418): interceptBuffer: took 723us to intercept 0 tracks
06-25 23:06:50.223 I/KeyboardViewHelper( 1389): KeyboardViewHelper.getView():170 Get view with height ratio:1.000000
06-25 23:06:50.243 D/EGL_emulation(10059): app_time_stats: avg=18.32ms min=10.53ms max=76.06ms count=47
06-25 23:06:50.330 I/KeyboardViewUtil( 1389): KeyboardViewUtil.calculateMaxKeyboardBodyHeight():40 leave 354 height for app when screen height:1920, header height:131 and isFullscreenMode:false, so the max keyboard body height is:1435
06-25 23:06:50.331 I/SoftKeyboardView( 1389): SoftKeyboardView.setMaxHeight():731 Set max keyboard height:1435.
06-25 23:06:50.340 I/DeviceModeUtil( 1389): DeviceModeUtil.getDeviceMode():122 Get device mode tablet_large by ui mode:1 and smallestScreenWidthDp:411
06-25 23:06:50.341 I/GoogleInputMethodService( 1389): GoogleInputMethodService.setKeyboardViewShown():3483 setKeyboardViewShown() : type = HEADER, shownType = SHOW_OPTIONAL
06-25 23:06:50.341 I/GoogleInputMethodService( 1389): GoogleInputMethodService.setKeyboardViewShown():3530 setKeyboardViewShown() : shouldShow = true
06-25 23:06:50.341 I/GoogleInputMethodService( 1389): GoogleInputMethodService.setKeyboardViewShown():3483 setKeyboardViewShown() : type = BODY, shownType = SHOW_MANDATORY
06-25 23:06:50.341 I/GoogleInputMethodService( 1389): GoogleInputMethodService.setKeyboardViewShown():3530 setKeyboardViewShown() : shouldShow = true
06-25 23:06:50.346 I/GoogleInputMethodService( 1389): GoogleInputMethodService.setKeyboardViewShown():3483 setKeyboardViewShown() : type = FLOATING_CANDIDATES, shownType = HIDE
06-25 23:06:50.346 I/GoogleInputMethodService( 1389): GoogleInputMethodService.setKeyboardViewShown():3530 setKeyboardViewShown() : shouldShow = false
06-25 23:06:50.360 I/DeviceModeUtil( 1389): DeviceModeUtil.getDeviceMode():122 Get device mode tablet_large by ui mode:1 and smallestScreenWidthDp:411
06-25 23:06:50.361 I/DeviceModeUtil( 1389): DeviceModeUtil.getDeviceMode():122 Get device mode tablet_large by ui mode:1 and smallestScreenWidthDp:411
06-25 23:06:50.370 I/DeviceModeUtil( 1389): DeviceModeUtil.getDeviceMode():122 Get device mode tablet_large by ui mode:1 and smallestScreenWidthDp:411
06-25 23:06:50.371 I/KeyboardViewUtil( 1389): KeyboardViewUtil.calculateMaxKeyboardBodyHeight():40 leave 354 height for app when screen height:1920, header height:131 and isFullscreenMode:false, so the max keyboard body height is:1435
06-25 23:06:50.372 I/DeviceModeUtil( 1389): DeviceModeUtil.getDeviceMode():122 Get device mode tablet_large by ui mode:1 and smallestScreenWidthDp:411
06-25 23:06:50.399 I/AndroidIME( 1389): KeyboardViewManager.updateKeyboardBackgroundFrameVisibility():357 Set background frame visibility. old:8, new:8
06-25 23:06:50.498 W/TooltipLifecycleManager( 1389): TooltipLifecycleManager.dismissTooltips():159 Tooltip with id spell_check_add_to_dictionary not found in tooltipManager.
06-25 23:06:50.499 I/DeviceModeUtil( 1389): DeviceModeUtil.getDeviceMode():122 Get device mode tablet_large by ui mode:1 and smallestScreenWidthDp:411
06-25 23:06:50.508 I/DeviceModeUtil( 1389): DeviceModeUtil.getDeviceMode():122 Get device mode tablet_large by ui mode:1 and smallestScreenWidthDp:411
06-25 23:06:50.518 D/InsetsController(10059): show(ime(), fromIme=true)
06-25 23:06:50.518 I/NormalModeController( 1389): NormalModeController.getKeyboardBodyViewHolderPaddingBottom():116 currentPrimeKeyboardType:SOFT systemPaddingBottom:-1
06-25 23:06:50.522 I/Delight5Decoder( 1389): Delight5DecoderWrapper.setKeyboardLayout():457 setKeyboardLayout()
06-25 23:06:50.524 I/AndroidIME( 1389): KeyboardViewManager.updateKeyboardBodyViewHolderPaddingBottom():604 Set finalPaddingBottom = 0 while keyboardBottomGapFromScreen = 0; navigationHeight = 0
06-25 23:06:50.525 I/AndroidIME( 1389): KeyboardViewManager.saveKeyboardBottomGap():282 realScreenHeight: 0 screenHeightInInches: 12.000000
06-25 23:06:50.525 I/AndroidIME( 1389): keyboardHolderHeight: 971 navigationHeight: 0
06-25 23:06:50.525 I/AndroidIME( 1389): getKeyboardBodyViewHolderPaddingBottom(): 0 getKeyboardBottomGapFromScreen(): 0
06-25 23:06:50.525 I/AndroidIME( 1389): keyboardBottomGap: 0 bodyViewHolderBottomPadding: 0
06-25 23:06:50.525 I/AndroidIME( 1389): decorViewStableInsetBottom: 0 updated: false
06-25 23:06:50.540 I/Delight5Decoder( 1389): Delight5DecoderWrapper.setKeyboardLayout():457 setKeyboardLayout()
06-25 23:06:50.579 D/BoundBrokerSvc( 1658): onBind: Intent { act=com.google.android.gms.common.BIND_SHARED_PREFS pkg=com.google.android.gms }
06-25 23:06:50.583 D/BoundBrokerSvc( 1658): Loading bound service for intent: Intent { act=com.google.android.gms.common.BIND_SHARED_PREFS pkg=com.google.android.gms }
06-25 23:06:50.610 D/BoundBrokerSvc( 1658): onUnbind: Intent { act=com.google.android.gms.common.BIND_SHARED_PREFS pkg=com.google.android.gms }
06-25 23:06:50.644 D/BoundBrokerSvc( 1658): onBind: Intent { act=com.google.android.gms.common.BIND_SHARED_PREFS pkg=com.google.android.gms }
06-25 23:06:50.646 D/BoundBrokerSvc( 1658): Loading bound service for intent: Intent { act=com.google.android.gms.common.BIND_SHARED_PREFS pkg=com.google.android.gms }
06-25 23:06:50.691 D/BoundBrokerSvc( 1658): onUnbind: Intent { act=com.google.android.gms.common.BIND_SHARED_PREFS pkg=com.google.android.gms }
06-25 23:06:50.743 D/AudioFlinger(  418): mixer(0x7eac95bc9930) throttle end: throttle time(1)
06-25 23:06:50.793 I/ImeTracker(10059): com.donizetiferr.expertnabiblia:a56c4538: onShown
06-25 23:06:50.841 D/MediaCodec(10059): keep callback message for reclaim
06-25 23:06:50.845 I/CCodecConfig(10059): query failed after returning 7 values (BAD_INDEX)
06-25 23:06:50.851 W/Codec2Client(10059): query -- param skipped: index = 1342179345.
06-25 23:06:50.851 W/Codec2Client(10059): query -- param skipped: index = 2415921170.
06-25 23:06:51.062 I/GoogleInputMethodService( 1389): GoogleInputMethodService.setKeyboardViewShown():3483 setKeyboardViewShown() : type = HEADER, shownType = SHOW_MANDATORY_WITH_ANIMATION
06-25 23:06:51.064 I/GoogleInputMethodService( 1389): GoogleInputMethodService.setKeyboardViewShown():3530 setKeyboardViewShown() : shouldShow = true
06-25 23:06:51.216 I/GoogleInputMethodService( 1389): GoogleInputMethodService.setKeyboardViewShown():3483 setKeyboardViewShown() : type = HEADER, shownType = SHOW_MANDATORY_WITH_ANIMATION
06-25 23:06:51.216 I/GoogleInputMethodService( 1389): GoogleInputMethodService.setKeyboardViewShown():3530 setKeyboardViewShown() : shouldShow = true
06-25 23:06:51.244 D/EGL_emulation(10059): app_time_stats: avg=20.19ms min=12.47ms max=78.23ms count=44
06-25 23:06:51.253 I/native  ( 1389): I0000 00:00:1782428811.252922    2142 input-context-store.cc:178] Ignoring stale client request for FetchSuggestions
06-25 23:06:51.267 W/InputContextProxyV4( 1389): InputContextProxyV4.applyClientDiffInternal():897 Ignore [FetchSuggestions] diff due to stale request: 4165<4168, inputStateId=0, lastInputStateId=3831
06-25 23:06:51.269 I/GoogleInputMethodService( 1389): GoogleInputMethodService.setKeyboardViewShown():3483 setKeyboardViewShown() : type = HEADER, shownType = SHOW_MANDATORY_WITH_ANIMATION
06-25 23:06:51.269 I/GoogleInputMethodService( 1389): GoogleInputMethodService.setKeyboardViewShown():3530 setKeyboardViewShown() : shouldShow = true
06-25 23:06:51.363 I/KeyboardViewController( 1389): KeyboardViewController.lambda$showSelfAndAncestors$6():609 current view doesn't has the priority com.google.android.libraries.inputmethod.accesspoint.widget.AccessPointsBar{fd928e3 I.E...... ......ID 0,0-644,131 #7f0b0018 app:id/0_resource_name_obfuscated} to show itself, DEFAULT
06-25 23:06:51.368 I/GoogleInputMethodService( 1389): GoogleInputMethodService.setKeyboardViewShown():3483 setKeyboardViewShown() : type = HEADER, shownType = SHOW_MANDATORY_WITH_ANIMATION
06-25 23:06:51.368 I/GoogleInputMethodService( 1389): GoogleInputMethodService.setKeyboardViewShown():3530 setKeyboardViewShown() : shouldShow = true
06-25 23:06:51.424 I/GoogleInputMethodService( 1389): GoogleInputMethodService.setKeyboardViewShown():3483 setKeyboardViewShown() : type = HEADER, shownType = SHOW_MANDATORY_WITH_ANIMATION
06-25 23:06:51.425 I/GoogleInputMethodService( 1389): GoogleInputMethodService.setKeyboardViewShown():3530 setKeyboardViewShown() : shouldShow = true
06-25 23:06:51.524 I/GoogleInputMethodService( 1389): GoogleInputMethodService.setKeyboardViewShown():3483 setKeyboardViewShown() : type = HEADER, shownType = SHOW_MANDATORY_WITH_ANIMATION
06-25 23:06:51.525 I/GoogleInputMethodService( 1389): GoogleInputMethodService.setKeyboardViewShown():3530 setKeyboardViewShown() : shouldShow = true
06-25 23:06:51.831 I/native  ( 1389): I0000 00:00:1782428811.831609    2142 input-context-store.cc:255] Ignoring stale client request for FetchSuggestions
06-25 23:06:51.860 W/InputContextProxyV4( 1389): InputContextProxyV4.applyClientDiffInternal():897 Ignore [FetchSuggestions] diff due to stale request: 4176<4188, inputStateId=3846, lastInputStateId=3846
06-25 23:06:51.864 I/GoogleInputMethodService( 1389): GoogleInputMethodService.setKeyboardViewShown():3483 setKeyboardViewShown() : type = HEADER, shownType = SHOW_MANDATORY_WITH_ANIMATION
06-25 23:06:51.864 I/GoogleInputMethodService( 1389): GoogleInputMethodService.setKeyboardViewShown():3530 setKeyboardViewShown() : shouldShow = true
06-25 23:06:51.981 I/GoogleInputMethodService( 1389): GoogleInputMethodService.setKeyboardViewShown():3483 setKeyboardViewShown() : type = HEADER, shownType = SHOW_MANDATORY_WITH_ANIMATION
06-25 23:06:51.982 I/GoogleInputMethodService( 1389): GoogleInputMethodService.setKeyboardViewShown():3530 setKeyboardViewShown() : shouldShow = true
06-25 23:06:52.010 I/GoogleInputMethodService( 1389): GoogleInputMethodService.setKeyboardViewShown():3483 setKeyboardViewShown() : type = HEADER, shownType = SHOW_MANDATORY_WITH_ANIMATION
06-25 23:06:52.013 I/GoogleInputMethodService( 1389): GoogleInputMethodService.setKeyboardViewShown():3530 setKeyboardViewShown() : shouldShow = true
06-25 23:06:52.098 I/GoogleInputMethodService( 1389): GoogleInputMethodService.setKeyboardViewShown():3483 setKeyboardViewShown() : type = HEADER, shownType = SHOW_MANDATORY_WITH_ANIMATION
06-25 23:06:52.099 I/GoogleInputMethodService( 1389): GoogleInputMethodService.setKeyboardViewShown():3530 setKeyboardViewShown() : shouldShow = true
06-25 23:06:52.116 D/EGL_emulation( 1389): app_time_stats: avg=136.16ms min=33.87ms max=566.83ms count=12
06-25 23:06:52.176 I/GoogleInputMethodService( 1389): GoogleInputMethodService.setKeyboardViewShown():3483 setKeyboardViewShown() : type = HEADER, shownType = SHOW_MANDATORY_WITH_ANIMATION
06-25 23:06:52.176 I/GoogleInputMethodService( 1389): GoogleInputMethodService.setKeyboardViewShown():3530 setKeyboardViewShown() : shouldShow = true
06-25 23:06:52.252 D/EGL_emulation(10059): app_time_stats: avg=20.04ms min=12.92ms max=40.70ms count=44
06-25 23:06:52.321 W/InputContextProxyV4( 1389): InputContextProxyV4.applyClientDiffInternal():897 Ignore [FetchSuggestions] diff due to stale request: 4198<4200, inputStateId=3857, lastInputStateId=3858
06-25 23:06:52.326 I/GoogleInputMethodService( 1389): GoogleInputMethodService.setKeyboardViewShown():3483 setKeyboardViewShown() : type = HEADER, shownType = SHOW_MANDATORY_WITH_ANIMATION
06-25 23:06:52.326 I/GoogleInputMethodService( 1389): GoogleInputMethodService.setKeyboardViewShown():3530 setKeyboardViewShown() : shouldShow = true
06-25 23:06:52.499 W/InputContextProxyV4( 1389): InputContextProxyV4.applyClientDiffInternal():897 Ignore [FetchSuggestions] diff due to stale request: 4205<4209, inputStateId=3864, lastInputStateId=3867
06-25 23:06:52.504 I/native  ( 1389): I0000 00:00:1782428812.504328    2142 input-context-store.cc:255] Ignoring stale client request for FetchSuggestions
06-25 23:06:52.557 W/InputContextProxyV4( 1389): InputContextProxyV4.applyClientDiffInternal():897 Ignore [FetchSuggestions] diff due to stale request: 4208<4211, inputStateId=3867, lastInputStateId=3869
06-25 23:06:52.561 W/InputContextProxyV4( 1389): InputContextProxyV4.applyClientDiffInternal():897 Ignore [FetchSuggestions] diff due to stale request: 4210<4211, inputStateId=3868, lastInputStateId=3869
06-25 23:06:52.625 W/InputContextProxyV4( 1389): InputContextProxyV4.applyClientDiffInternal():897 Ignore [FetchSuggestions] diff due to stale request: 4212<4214, inputStateId=3870, lastInputStateId=3871
06-25 23:06:52.629 I/GoogleInputMethodService( 1389): GoogleInputMethodService.setKeyboardViewShown():3483 setKeyboardViewShown() : type = HEADER, shownType = SHOW_MANDATORY_WITH_ANIMATION
06-25 23:06:52.630 I/GoogleInputMethodService( 1389): GoogleInputMethodService.setKeyboardViewShown():3530 setKeyboardViewShown() : shouldShow = true
06-25 23:06:52.696 W/Delight5Decoder( 1389): Delight5DecoderWrapper.shouldAbandonMessage():1983 Detected old [FetchSuggestions] request in background: 4216<4217
