06-25 23:08:25.328 D/nativeloader(10515): Configuring clns-8 for other apk /system/framework/com.android.location.provider.jar. target_sdk_version=33, uses_libraries=ALL, library_path=/product/priv-app/PrebuiltGmsCore/lib/x86_64:/product/priv-app/PrebuiltGmsCore/PrebuiltGmsCore.apk!/lib/x86_64, permitted_path=/data:/mnt/expand:/data/user/0/com.google.android.gms
06-25 23:08:25.345 D/ApplicationLoaders(10515): Returning zygote-cached class loader: /system_ext/framework/androidx.window.extensions.jar
06-25 23:08:25.345 D/ApplicationLoaders(10515): Returning zygote-cached class loader: /system_ext/framework/androidx.window.sidecar.jar
06-25 23:08:25.376 I/NetworkScheduler.Stats( 1259): Task com.google.android.gms/com.google.android.gms.checkin.EventLogService finished executing. cause:5 result: 1 elapsed_millis: 290 uptime_millis: 290 exec_start_elapsed_seconds: 7786 [CONTEXT service_id=218 ]
06-25 23:08:25.560 D/BufferPoolAccessor2.0(  484): bufferpool2 0x78aab4613ea8 : 5(20548 size) total buffers - 1(4608 size) used buffers - 15148/15161 (recycle/alloc) - 79/15160 (fetch/transfer)
06-25 23:08:25.641 I/resolv  (  358): GetAddrInfoHandler::run: {101 786533 101 983141 10130 0}
06-25 23:08:25.655 I/resolv  (  358): res_nmkquery: (QUERY, IN, A)
06-25 23:08:25.658 I/resolv  (  358): res_nmkquery: (QUERY, IN, AAAA)
06-25 23:08:25.659 I/resolv  (  358): res_stats_usable_server: too many resolution errors, ignoring server
06-25 23:08:25.672 I/resolv  (  358): res_stats_usable_server: too many resolution errors, ignoring server
06-25 23:08:26.086 I/resolv  (  358): res_nsend: used send_dg 149 terrno: 0
06-25 23:08:26.087 I/resolv  (  358): res_nsend: used send_dg 101 terrno: 0
06-25 23:08:26.088 I/resolv  (  358): doQuery: rcode=0, ancount=4, return value=149
06-25 23:08:26.090 I/resolv  (  358): doQuery: rcode=0, ancount=4, return value=101
06-25 23:08:26.110 D/TrafficStats( 1259): tagSocket(95) with statsTag=0x1065fff, statsUid=-1
06-25 23:08:26.170 D/TrafficStats( 1259): tagSocket(157) with statsTag=0x1065fff, statsUid=-1
06-25 23:08:26.195 D/EGL_emulation(10059): app_time_stats: avg=32.58ms min=14.89ms max=52.76ms count=29
06-25 23:08:26.239 D/nativeloader(10515): InitLlndkLibrariesProduct: libEGL.so:libGLESv1_CM.so:libGLESv2.so:libGLESv3.so:libRS.so:libandroid_net.so:libbinder_ndk.so:libc.so:libcgrouprc.so:libclang_rt.asan-x86_64-android.so:libcom.android.tethering.connectivity_native.so:libdl.so:libft2.so:liblog.so:libm.so:libmediandk.so:libnativewindow.so:libneuralnetworks.so:libselinux.so:libsync.so:libvndksupport.so:libvulkan.so
06-25 23:08:26.240 D/nativeloader(10515): Configuring product-clns-9 for unbundled product apk /product/priv-app/PrebuiltGmsCore/PrebuiltGmsCore.apk. target_sdk_version=33, uses_libraries=, library_path=/product/priv-app/PrebuiltGmsCore/lib/x86_64:/product/priv-app/PrebuiltGmsCore/PrebuiltGmsCore.apk!/lib/x86_64:/product/lib64:/system/product/lib64, permitted_path=/data:/mnt/expand:/data/user/0/com.google.android.gms:/product/lib64:/system/product/lib64
06-25 23:08:26.261 D/nativeloader(10515): InitVndkspLibrariesProduct: android.hardware.common-V2-ndk.so:android.hardware.common.fmq-V1-ndk.so:android.hardware.graphics.allocator-V2-ndk.so:android.hardware.graphics.common-V4-ndk.so:android.hardware.graphics.common@1.0.so:android.hardware.graphics.common@1.1.so:android.hardware.graphics.common@1.2.so:android.hardware.graphics.composer3-V1-ndk.so:android.hardware.graphics.mapper@2.0.so:android.hardware.graphics.mapper@2.1.so:android.hardware.graphics.mapper@3.0.so:android.hardware.graphics.mapper@4.0.so:android.hardware.renderscript@1.0.so:android.hidl.memory.token@1.0.so:android.hidl.memory@1.0-impl.so:android.hidl.memory@1.0.so:android.hidl.safe_union@1.0.so:libRSCpuRef.so:libRSDriver.so:libRS_internal.so:libbase.so:libbcinfo.so:libblas.so:libc++.so:libcompiler_rt.so:libcutils.so:libdmabufheap.so:libgralloctypes.so:libhardware.so:libhidlbase.so:libhidlmemory.so:libion.so:libjsoncpp.so:liblzma.so:libprocessgroup.so:libunwindstack.so:libutils.so:libutilscallstack.so:libz.so
06-25 23:08:26.283 D/AF::Track(  418): interceptBuffer: took 3109us to intercept 0 tracks
06-25 23:08:26.324 V/GraphicsEnvironment(10515): Currently set values for:
06-25 23:08:26.328 V/GraphicsEnvironment(10515):   angle_gl_driver_selection_pkgs=[]
06-25 23:08:26.333 V/GraphicsEnvironment(10515):   angle_gl_driver_selection_values=[]
06-25 23:08:26.339 V/GraphicsEnvironment(10515): ANGLE GameManagerService for com.google.android.gms: false
06-25 23:08:26.340 V/GraphicsEnvironment(10515): com.google.android.gms is not listed in per-application setting
06-25 23:08:26.340 V/GraphicsEnvironment(10515): Neither updatable production driver nor prerelease driver is supported.
06-25 23:08:26.486 D/TrafficStats( 1259): tagSocket(125) with statsTag=0x1065fff, statsUid=-1
06-25 23:08:26.610 W/ProviderHelper(10515): Unknown dynamite feature providerinstaller.dynamite
06-25 23:08:26.615 I/DynamiteModule(10515): Considering local module com.google.android.gms.providerinstaller.dynamite:1 and remote module com.google.android.gms.providerinstaller.dynamite:0
06-25 23:08:26.619 I/DynamiteModule(10515): Selected local version of com.google.android.gms.providerinstaller.dynamite
06-25 23:08:26.651 V/NativeCrypto(10515): Registering com/google/android/gms/org/conscrypt/NativeCrypto's 295 native methods...
06-25 23:08:26.691 D/AF::Track(  418): interceptBuffer: took 552us to intercept 0 tracks
06-25 23:08:26.695 I/ProviderInstaller(10515): Installed default security provider GmsCore_OpenSSL
06-25 23:08:26.771 I/Watchcat(10515): Started
06-25 23:08:26.774 I/GMS_MM_Logger(10515): Start time: 270358
06-25 23:08:26.782 I/GMS_MM_Logger(10515): Started.
06-25 23:08:26.786 D/CompatibilityChangeReporter(10515): Compat change id reported: 183155436; UID 10130; state: ENABLED
06-25 23:08:26.786 I/GmsApplication(10515): [gms_startup_benchmark] Static start time (ms): 7788255, Startup latency (ms): 426, Is system user: true
06-25 23:08:26.791 I/cuir    (10515): Primes not initialized, returning default (no-op) Primes instance which will ignore all calls. Please call Primes.initialize(...) before using any Primes API.
06-25 23:08:26.800 I/ActivityManager(  544): Flag disabled. Ignoring finishAttachApplication from uid: 10130. pid: 10515
06-25 23:08:27.218 D/EGL_emulation(10059): app_time_stats: avg=28.40ms min=16.97ms max=67.27ms count=34
06-25 23:08:27.280 D/StatusBarIconController(  749): ignoring old pipeline callback because the new wifi icon is enabled
06-25 23:08:27.390 D/AudioFlinger(  418): mixer(0x7eac95bc9930) throttle end: throttle time(1)
06-25 23:08:27.497 I/.gms.persistent( 1259): Background young concurrent copying GC freed 235477(10222KB) AllocSpace objects, 17(544KB) LOS objects, 37% free, 17MB/27MB, paused 611us,893us total 124.217ms
06-25 23:08:27.497 W/.gms.persistent( 1259): Reducing the number of considered missed Gc histogram windows from 354 to 100
06-25 23:08:27.524 D/nativeloader(10515): Configuring clns-10 for other apk . target_sdk_version=33, uses_libraries=ALL, library_path=, permitted_path=/data:/mnt/expand
06-25 23:08:27.625 D/AF::Track(  418): interceptBuffer: took 600us to intercept 0 tracks
06-25 23:08:27.723 W/libc    (10515): Access denied finding property "persist.adb.tls_server.enable"
06-25 23:08:27.723 W/libc    (10515): Access denied finding property "service.adb.tls.port"
06-25 23:08:27.719 W/binder:10515_3(10515): type=1400 audit(0.0:24): avc:  denied  { read } for  name="u:object_r:system_adbd_prop:s0" dev="tmpfs" ino=292 scontext=u:r:gmscore_app:s0:c512,c768 tcontext=u:object_r:system_adbd_prop:s0 tclass=file permissive=0 app=com.google.android.gms
06-25 23:08:27.719 W/binder:10515_3(10515): type=1400 audit(0.0:25): avc:  denied  { read } for  name="u:object_r:adbd_prop:s0" dev="tmpfs" ino=60 scontext=u:r:gmscore_app:s0:c512,c768 tcontext=u:object_r:adbd_prop:s0 tclass=file permissive=0 app=com.google.android.gms
06-25 23:08:27.839 I/resolv  (  358): GetAddrInfoHandler::run: {101 786533 101 983141 10130 0}
06-25 23:08:27.850 D/TrafficStats(10515): tagSocket(89) with statsTag=0x1809, statsUid=-1
06-25 23:08:27.868 D/AF::Track(  418): interceptBuffer: took 594us to intercept 0 tracks
06-25 23:08:28.068 I/NetworkScheduler.Stats( 1259): Task com.google.android.gms/com.google.android.gms.clearcut.uploader.QosUploaderService finished executing. cause:5 result: 1 elapsed_millis: 3503 uptime_millis: 3503 exec_start_elapsed_seconds: 7786 [CONTEXT service_id=218 ]
06-25 23:08:28.112 W/GmsUrlRequestImpl( 1259): Content-Type header is overwritten.
06-25 23:08:28.124 I/resolv  (  358): GetAddrInfoHandler::run: {101 786533 101 983141 10130 0}
06-25 23:08:28.125 I/resolv  (  358): res_nmkquery: (QUERY, IN, A)
06-25 23:08:28.129 I/resolv  (  358): res_nmkquery: (QUERY, IN, AAAA)
06-25 23:08:28.130 I/resolv  (  358): res_stats_usable_server: too many resolution errors, ignoring server
06-25 23:08:28.130 I/resolv  (  358): res_stats_usable_server: too many resolution errors, ignoring server
06-25 23:08:28.229 D/EGL_emulation(10059): app_time_stats: avg=24.79ms min=14.38ms max=37.30ms count=37
06-25 23:08:28.447 I/resolv  (  358): res_nsend: used send_dg 152 terrno: 0
06-25 23:08:28.448 I/resolv  (  358): doQuery: rcode=0, ancount=4, return value=152
06-25 23:08:28.449 I/resolv  (  358): res_nsend: used send_dg 104 terrno: 0
06-25 23:08:28.450 I/resolv  (  358): doQuery: rcode=0, ancount=4, return value=104
06-25 23:08:28.478 D/TrafficStats( 1259): tagSocket(90) with statsTag=0x401, statsUid=10130
06-25 23:08:28.502 D/AudioFlinger(  418): mixer(0x7eac95bc9930) throttle end: throttle time(1)
06-25 23:08:28.731 D/AF::Track(  418): interceptBuffer: took 794us to intercept 0 tracks
06-25 23:08:28.779 D/TrafficStats( 1259): tagSocket(92) with statsTag=0x401, statsUid=10130
06-25 23:08:28.870 D/AF::Track(  418): interceptBuffer: took 580us to intercept 0 tracks
06-25 23:08:28.960 D/TrafficStats( 1259): tagSocket(92) with statsTag=0x401, statsUid=10130
06-25 23:08:29.009 D/TrafficStats( 1259): tagSocket(92) with statsTag=0x401, statsUid=10130
06-25 23:08:29.057 D/TrafficStats( 1259): tagSocket(93) with statsTag=0x401, statsUid=10130
06-25 23:08:29.116 D/AudioFlinger(  418): mixer(0x7eac95bc9930) throttle end: throttle time(18)
06-25 23:08:29.143 D/TrafficStats( 1259): tagSocket(93) with statsTag=0x401, statsUid=10130
06-25 23:08:29.164 D/TrafficStats( 1259): tagSocket(92) with statsTag=0x401, statsUid=10130
06-25 23:08:29.208 D/TrafficStats( 1259): tagSocket(98) with statsTag=0x401, statsUid=10130
06-25 23:08:29.238 D/EGL_emulation(10059): app_time_stats: avg=27.03ms min=17.80ms max=71.31ms count=34
06-25 23:08:29.344 D/TrafficStats( 1259): tagSocket(92) with statsTag=0x401, statsUid=10130
06-25 23:08:29.392 D/TrafficStats( 1259): tagSocket(93) with statsTag=0x401, statsUid=10130
06-25 23:08:29.487 D/TrafficStats( 1259): tagSocket(92) with statsTag=0x401, statsUid=10130
06-25 23:08:29.550 W/GLSUser ( 1259): [AppCertManager] Exception while requesting key: 
06-25 23:08:29.550 W/GLSUser ( 1259): java.util.concurrent.ExecutionException: avvw: Parse Proto Exception.
06-25 23:08:29.550 W/GLSUser ( 1259): 	at dlnv.s(:com.google.android.gms@231818047@23.18.18 (190800-535401451):3)
06-25 23:08:29.550 W/GLSUser ( 1259): 	at dlnv.get(:com.google.android.gms@231818047@23.18.18 (190800-535401451):7)
06-25 23:08:29.550 W/GLSUser ( 1259): 	at oub.b(:com.google.android.gms@231818047@23.18.18 (190800-535401451):78)
06-25 23:08:29.550 W/GLSUser ( 1259): 	at otz.a(:com.google.android.gms@231818047@23.18.18 (190800-535401451):8)
06-25 23:08:29.550 W/GLSUser ( 1259): 	at otv.a(:com.google.android.gms@231818047@23.18.18 (190800-535401451):0)
06-25 23:08:29.550 W/GLSUser ( 1259): 	at otx.a(:com.google.android.gms@231818047@23.18.18 (190800-535401451):6)
06-25 23:08:29.550 W/GLSUser ( 1259): 	at otx.b(:com.google.android.gms@231818047@23.18.18 (190800-535401451):0)
06-25 23:08:29.550 W/GLSUser ( 1259): 	at abxk.r(:com.google.android.gms@231818047@23.18.18 (190800-535401451):1)
06-25 23:08:29.550 W/GLSUser ( 1259): 	at abxw.e(:com.google.android.gms@231818047@23.18.18 (190800-535401451):4)
06-25 23:08:29.550 W/GLSUser ( 1259): 	at czsa.a(:com.google.android.gms@231818047@23.18.18 (190800-535401451):10)
06-25 23:08:29.550 W/GLSUser ( 1259): 	at czpa.call(:com.google.android.gms@231818047@23.18.18 (190800-535401451):18)
06-25 23:08:29.550 W/GLSUser ( 1259): 	at java.util.concurrent.FutureTask.run(FutureTask.java:264)
06-25 23:08:29.550 W/GLSUser ( 1259): 	at aced.c(:com.google.android.gms@231818047@23.18.18 (190800-535401451):6)
06-25 23:08:29.550 W/GLSUser ( 1259): 	at aced.run(:com.google.android.gms@231818047@23.18.18 (190800-535401451):7)
06-25 23:08:29.550 W/GLSUser ( 1259): 	at java.util.concurrent.ThreadPoolExecutor.runWorker(ThreadPoolExecutor.java:1145)
06-25 23:08:29.550 W/GLSUser ( 1259): 	at java.util.concurrent.ThreadPoolExecutor$Worker.run(ThreadPoolExecutor.java:644)
06-25 23:08:29.550 W/GLSUser ( 1259): 	at acjn.run(:com.google.android.gms@231818047@23.18.18 (190800-535401451):0)
06-25 23:08:29.550 W/GLSUser ( 1259): 	at java.lang.Thread.run(Thread.java:1012)
06-25 23:08:29.550 W/GLSUser ( 1259): Caused by: avvw: Parse Proto Exception.
06-25 23:08:29.550 W/GLSUser ( 1259): 	at avwn.f(:com.google.android.gms@231818047@23.18.18 (190800-535401451):5)
06-25 23:08:29.550 W/GLSUser ( 1259): 	at avxk.onSucceeded(:com.google.android.gms@231818047@23.18.18 (190800-535401451):0)
06-25 23:08:29.550 W/GLSUser ( 1259): 	at jf.onSucceeded(:com.google.android.gms.dynamite_cronetdynamite@231818047@23.18.18 (190800-0):0)
06-25 23:08:29.550 W/GLSUser ( 1259): 	at ie.run(:com.google.android.gms.dynamite_cronetdynamite@231818047@23.18.18 (190800-0):4)
06-25 23:08:29.550 W/GLSUser ( 1259): 	... 6 more
06-25 23:08:29.550 W/GLSUser ( 1259): Caused by: dzfz: Protocol message contained an invalid tag (zero).
06-25 23:08:29.550 W/GLSUser ( 1259): 	at dzdb.k(:com.google.android.gms@231818047@23.18.18 (190800-535401451):13)
06-25 23:08:29.550 W/GLSUser ( 1259): 	at dzha.c(:com.google.android.gms@231818047@23.18.18 (190800-535401451):47)
06-25 23:08:29.550 W/GLSUser ( 1259): 	at dzha.h(:com.google.android.gms@231818047@23.18.18 (190800-535401451):45)
06-25 23:08:29.550 W/GLSUser ( 1259): 	at dzfd.A(:com.google.android.gms@231818047@23.18.18 (190800-535401451):2)
06-25 23:08:29.550 W/GLSUser ( 1259): 	at dzex.f(:com.google.android.gms@231818047@23.18.18 (190800-535401451):0)
06-25 23:08:29.550 W/GLSUser ( 1259): 	at dzcx.d(:com.google.android.gms@231818047@23.18.18 (190800-535401451):0)
06-25 23:08:29.550 W/GLSUser ( 1259): 	at dzcx.c(:com.google.android.gms@231818047@23.18.18 (190800-535401451):0)
06-25 23:08:29.550 W/GLSUser ( 1259): 	at dzcx.n(:com.google.android.gms@231818047@23.18.18 (190800-535401451):0)
06-25 23:08:29.550 W/GLSUser ( 1259): 	at avwn.h(:com.google.android.gms@231818047@23.18.18 (190800-535401451):7)
06-25 23:08:29.550 W/GLSUser ( 1259): 	at avwn.f(:com.google.android.gms@231818047@23.18.18 (190800-535401451):1)
06-25 23:08:29.550 W/GLSUser ( 1259): 	... 9 more
06-25 23:08:29.568 D/AF::Track(  418): interceptBuffer: took 717us to intercept 0 tracks
06-25 23:08:29.577 W/GLSUser ( 1259): [DeviceKeyStore] Cannot load key: Device key file not found.
06-25 23:08:29.633 I/resolv  (  358): GetAddrInfoHandler::run: {101 786533 101 983141 10130 0}
06-25 23:08:29.636 I/resolv  (  358): res_nmkquery: (QUERY, IN, A)
06-25 23:08:29.638 I/resolv  (  358): res_nmkquery: (QUERY, IN, AAAA)
06-25 23:08:29.639 I/resolv  (  358): res_stats_usable_server: too many resolution errors, ignoring server
06-25 23:08:29.651 I/resolv  (  358): res_stats_usable_server: too many resolution errors, ignoring server
06-25 23:08:29.735 D/AF::Track(  418): interceptBuffer: took 1753us to intercept 0 tracks
06-25 23:08:29.842 D/AudioFlinger(  418): mixer(0x7eac95bc9930) throttle end: throttle time(5)
06-25 23:08:29.973 I/resolv  (  358): res_nsend: used send_dg 117 terrno: 0
06-25 23:08:29.974 I/resolv  (  358): res_nsend: used send_dg 165 terrno: 0
06-25 23:08:29.975 I/resolv  (  358): doQuery: rcode=0, ancount=4, return value=117
06-25 23:08:29.976 I/resolv  (  358): doQuery: rcode=0, ancount=4, return value=165
06-25 23:08:29.978 D/AudioFlinger(  418): mixer(0x7eac95bc9930) throttle end: throttle time(3)
06-25 23:08:30.005 D/BufferPoolAccessor2.0(10059): bufferpool2 0x72b009068af8 : 5(40960 size) total buffers - 4(32768 size) used buffers - 15376/15387 (recycle/alloc) - 36/30618 (fetch/transfer)
06-25 23:08:30.022 D/TrafficStats( 1259): tagSocket(92) with statsTag=0x24000609, statsUid=10130
06-25 23:08:30.053 D/AudioFlinger(  418): mixer(0x7eac95bc9930) throttle end: throttle time(5)
06-25 23:08:30.240 D/EGL_emulation(10059): app_time_stats: avg=40.08ms min=15.23ms max=69.35ms count=24
06-25 23:08:30.339 D/AF::Track(  418): interceptBuffer: took 1055us to intercept 0 tracks
06-25 23:08:30.538 W/Conscrypt( 1259): Could not set socket write timeout: java.net.SocketException: Socket closed
06-25 23:08:30.539 W/Conscrypt( 1259): 	at com.google.android.gms.org.conscrypt.Platform.setSocketWriteTimeout(:com.google.android.gms@231818047@23.18.18 (190800-535401451):2)
06-25 23:08:30.541 W/Conscrypt( 1259): 	at com.google.android.gms.org.conscrypt.ConscryptFileDescriptorSocket.setSoWriteTimeout(:com.google.android.gms@231818047@23.18.18 (190800-535401451):0)
06-25 23:08:30.635 W/Conscrypt( 1259): Could not set socket write timeout: java.net.SocketException: Socket closed
06-25 23:08:30.635 W/Conscrypt( 1259): 	at com.google.android.gms.org.conscrypt.Platform.setSocketWriteTimeout(:com.google.android.gms@231818047@23.18.18 (190800-535401451):2)
06-25 23:08:30.636 W/Conscrypt( 1259): 	at com.google.android.gms.org.conscrypt.ConscryptFileDescriptorSocket.setSoWriteTimeout(:com.google.android.gms@231818047@23.18.18 (190800-535401451):0)
06-25 23:08:30.856 D/MediaCodec(10059): keep callback message for reclaim
06-25 23:08:30.860 I/CCodecConfig(10059): query failed after returning 7 values (BAD_INDEX)
06-25 23:08:30.877 W/Codec2Client(10059): query -- param skipped: index = 1342179345.
06-25 23:08:30.879 W/Codec2Client(10059): query -- param skipped: index = 2415921170.
06-25 23:08:30.905 D/BufferPoolAccessor2.0(  484): bufferpool2 0x78aab4613ea8 : 5(20548 size) total buffers - 1(4608 size) used buffers - 15348/15361 (recycle/alloc) - 81/15360 (fetch/transfer)
06-25 23:08:30.949 W/GlsClientGrpc( 1259): Kollektomat gRPC failure INVALID_ARGUMENT: Application credential header not valid. Please fix the client to pass a valid application credential header. [CONTEXT service_id=6 ]
06-25 23:08:30.949 W/GlsClientGrpc( 1259): enms: INVALID_ARGUMENT: Application credential header not valid. Please fix the client to pass a valid application credential header.
06-25 23:08:30.949 W/GlsClientGrpc( 1259): 	at enmr.h(:com.google.android.gms@231818047@23.18.18 (190800-535401451):0)
06-25 23:08:30.949 W/GlsClientGrpc( 1259): 	at abxw.u(:com.google.android.gms@231818047@23.18.18 (190800-535401451):2)
06-25 23:08:30.949 W/GlsClientGrpc( 1259): 	at abxw.e(:com.google.android.gms@231818047@23.18.18 (190800-535401451):17)
06-25 23:08:30.949 W/GlsClientGrpc( 1259): 	at czsa.a(:com.google.android.gms@231818047@23.18.18 (190800-535401451):10)
06-25 23:08:30.949 W/GlsClientGrpc( 1259): 	at czpa.call(:com.google.android.gms@231818047@23.18.18 (190800-535401451):18)
06-25 23:08:30.949 W/GlsClientGrpc( 1259): 	at java.util.concurrent.FutureTask.run(FutureTask.java:264)
06-25 23:08:30.949 W/GlsClientGrpc( 1259): 	at aced.c(:com.google.android.gms@231818047@23.18.18 (190800-535401451):6)
06-25 23:08:30.949 W/GlsClientGrpc( 1259): 	at aced.run(:com.google.android.gms@231818047@23.18.18 (190800-535401451):7)
06-25 23:08:30.949 W/GlsClientGrpc( 1259): 	at java.util.concurrent.ThreadPoolExecutor.runWorker(ThreadPoolExecutor.java:1145)
06-25 23:08:30.949 W/GlsClientGrpc( 1259): 	at java.util.concurrent.ThreadPoolExecutor$Worker.run(ThreadPoolExecutor.java:644)
06-25 23:08:30.949 W/GlsClientGrpc( 1259): 	at acjn.run(:com.google.android.gms@231818047@23.18.18 (190800-535401451):0)
06-25 23:08:30.949 W/GlsClientGrpc( 1259): 	at java.lang.Thread.run(Thread.java:1012)
06-25 23:08:30.971 I/wpa_supplicant( 3589): wlan0: CTRL-EVENT-BEACON-LOSS 
06-25 23:08:31.248 D/EGL_emulation(10059): app_time_stats: avg=20.49ms min=13.61ms max=37.94ms count=43
06-25 23:08:32.253 D/EGL_emulation(10059): app_time_stats: avg=18.83ms min=11.46ms max=26.18ms count=47
06-25 23:08:33.267 D/EGL_emulation(10059): app_time_stats: avg=17.91ms min=11.66ms max=25.70ms count=48
06-25 23:08:33.611 D/StatusBarIconController(  749): ignoring old pipeline callbacks, because the new mobile icons are enabled
06-25 23:08:34.282 D/EGL_emulation(10059): app_time_stats: avg=16.99ms min=11.63ms max=27.75ms count=50
06-25 23:08:34.601 D/AF::Track(  418): interceptBuffer: took 2537us to intercept 0 tracks
06-25 23:08:34.691 D/AF::Track(  418): interceptBuffer: took 541us to intercept 0 tracks
06-25 23:08:34.964 D/AF::Track(  418): interceptBuffer: took 1015us to intercept 0 tracks
06-25 23:08:35.201 D/BufferPoolAccessor2.0(10059): bufferpool2 0x72b009068af8 : 5(40960 size) total buffers - 1(8192 size) used buffers - 15581/15592 (recycle/alloc) - 37/31024 (fetch/transfer)
06-25 23:08:35.287 D/EGL_emulation(10059): app_time_stats: avg=18.46ms min=12.26ms max=37.46ms count=47
06-25 23:08:36.289 D/EGL_emulation(10059): app_time_stats: avg=18.13ms min=13.70ms max=25.77ms count=46
06-25 23:08:36.328 D/AF::Track(  418): interceptBuffer: took 740us to intercept 0 tracks
06-25 23:08:36.389 D/BufferPoolAccessor2.0(  484): bufferpool2 0x78aab4613ea8 : 5(20548 size) total buffers - 2(9216 size) used buffers - 15567/15580 (recycle/alloc) - 81/15579 (fetch/transfer)
06-25 23:08:37.208 D/AF::Track(  418): interceptBuffer: took 1165us to intercept 0 tracks
06-25 23:08:37.291 D/EGL_emulation(10059): app_time_stats: avg=18.55ms min=12.85ms max=34.93ms count=46
06-25 23:08:37.706 D/AF::Track(  418): interceptBuffer: took 625us to intercept 0 tracks
06-25 23:08:38.301 D/EGL_emulation(10059): app_time_stats: avg=19.76ms min=13.50ms max=32.65ms count=44
06-25 23:08:38.638 D/AF::Track(  418): interceptBuffer: took 515us to intercept 0 tracks
06-25 23:08:38.910 I/wpa_supplicant( 3589): wlan0: CTRL-EVENT-BEACON-LOSS 
06-25 23:08:39.315 D/EGL_emulation(10059): app_time_stats: avg=19.47ms min=11.51ms max=43.52ms count=46
06-25 23:08:39.331 D/StatusBarIconController(  749): ignoring old pipeline callback because the new wifi icon is enabled
06-25 23:08:39.977 D/AF::Track(  418): interceptBuffer: took 1094us to intercept 0 tracks
06-25 23:08:40.022 D/AF::Track(  418): interceptBuffer: took 1091us to intercept 0 tracks
06-25 23:08:40.198 D/AF::Track(  418): interceptBuffer: took 789us to intercept 0 tracks
06-25 23:08:40.335 D/EGL_emulation(10059): app_time_stats: avg=18.12ms min=11.73ms max=35.36ms count=48
06-25 23:08:40.471 D/BufferPoolAccessor2.0(10059): bufferpool2 0x72b009068af8 : 5(40960 size) total buffers - 1(8192 size) used buffers - 15783/15794 (recycle/alloc) - 37/31428 (fetch/transfer)
06-25 23:08:40.948 D/AF::Track(  418): interceptBuffer: took 641us to intercept 0 tracks
06-25 23:08:41.289 D/AF::Track(  418): interceptBuffer: took 644us to intercept 0 tracks
06-25 23:08:41.349 D/EGL_emulation(10059): app_time_stats: avg=19.39ms min=13.92ms max=31.15ms count=45
06-25 23:08:41.695 D/BufferPoolAccessor2.0(  484): bufferpool2 0x78aab4613ea8 : 5(20548 size) total buffers - 2(9216 size) used buffers - 15769/15782 (recycle/alloc) - 82/15781 (fetch/transfer)
06-25 23:08:42.266 D/AF::Track(  418): interceptBuffer: took 1445us to intercept 0 tracks
06-25 23:08:42.337 D/StatusBarIconController(  749): ignoring old pipeline callback because the new wifi icon is enabled
06-25 23:08:42.375 D/EGL_emulation(10059): app_time_stats: avg=17.84ms min=13.88ms max=25.24ms count=49
06-25 23:08:42.556 D/AF::Track(  418): interceptBuffer: took 520us to intercept 0 tracks
06-25 23:08:42.876 D/AF::Track(  418): interceptBuffer: took 535us to intercept 0 tracks
06-25 23:08:42.964 D/AF::Track(  418): interceptBuffer: took 682us to intercept 0 tracks
06-25 23:08:43.014 D/ActivityManager(  544): freezing 1658 com.google.android.gms
06-25 23:08:43.016 D/ActivityManager(  544): freezing 10515 com.google.android.gms.unstable
06-25 23:08:43.389 D/EGL_emulation(10059): app_time_stats: avg=23.32ms min=14.85ms max=31.74ms count=39
06-25 23:08:43.509 D/AudioFlinger(  418): mixer(0x7eac95bc9930) throttle end: throttle time(4)
06-25 23:08:43.611 D/StatusBarIconController(  749): ignoring old pipeline callbacks, because the new mobile icons are enabled
06-25 23:08:43.781 D/AF::Track(  418): interceptBuffer: took 939us to intercept 0 tracks
06-25 23:08:43.847 D/AudioFlinger(  418): mixer(0x7eac95bc9930) throttle end: throttle time(2)
06-25 23:08:44.404 D/EGL_emulation(10059): app_time_stats: avg=23.61ms min=14.95ms max=30.90ms count=39
06-25 23:08:45.369 D/StatusBarIconController(  749): ignoring old pipeline callback because the new wifi icon is enabled
06-25 23:08:45.430 D/EGL_emulation(10059): app_time_stats: avg=21.74ms min=15.36ms max=39.52ms count=42
06-25 23:08:45.738 D/BufferPoolAccessor2.0(10059): bufferpool2 0x72b009068af8 : 5(40960 size) total buffers - 1(8192 size) used buffers - 15984/15995 (recycle/alloc) - 37/31830 (fetch/transfer)
06-25 23:08:46.437 D/EGL_emulation(10059): app_time_stats: avg=23.10ms min=17.26ms max=33.33ms count=39
06-25 23:08:46.871 D/BufferPoolAccessor2.0(  484): bufferpool2 0x78aab4613ea8 : 5(20548 size) total buffers - 2(9216 size) used buffers - 15967/15980 (recycle/alloc) - 83/15980 (fetch/transfer)
06-25 23:08:47.100 I/wpa_supplicant( 3589): wlan0: CTRL-EVENT-BEACON-LOSS 
06-25 23:08:47.463 D/EGL_emulation(10059): app_time_stats: avg=21.76ms min=12.65ms max=39.16ms count=41
06-25 23:08:48.375 D/StatusBarIconController(  749): ignoring old pipeline callback because the new wifi icon is enabled
06-25 23:08:48.470 D/EGL_emulation(10059): app_time_stats: avg=20.91ms min=14.61ms max=36.29ms count=43
06-25 23:08:49.289 D/AF::Track(  418): interceptBuffer: took 532us to intercept 0 tracks
06-25 23:08:49.369 W/healthd (    0): battery l=100 v=5000 t=25.0 h=2 st=4 c=900000 fc=3000000 cc=10 chg=
06-25 23:08:49.493 D/EGL_emulation(10059): app_time_stats: avg=20.37ms min=13.95ms max=31.87ms count=43
06-25 23:08:50.038 D/AF::Track(  418): interceptBuffer: took 1894us to intercept 0 tracks
06-25 23:08:50.285 D/AF::Track(  418): interceptBuffer: took 843us to intercept 0 tracks
06-25 23:08:50.525 D/EGL_emulation(10059): app_time_stats: avg=21.30ms min=15.14ms max=31.58ms count=42
06-25 23:08:50.850 D/MediaCodec(10059): keep callback message for reclaim
06-25 23:08:50.854 I/CCodecConfig(10059): query failed after returning 7 values (BAD_INDEX)
06-25 23:08:50.875 W/Codec2Client(10059): query -- param skipped: index = 1342179345.
06-25 23:08:50.875 W/Codec2Client(10059): query -- param skipped: index = 2415921170.
06-25 23:08:50.932 D/BufferPoolAccessor2.0(10059): bufferpool2 0x72b009068af8 : 5(40960 size) total buffers - 4(32768 size) used buffers - 16185/16196 (recycle/alloc) - 38/32220 (fetch/transfer)
06-25 23:08:51.533 D/EGL_emulation(10059): app_time_stats: avg=20.79ms min=12.83ms max=29.47ms count=43
06-25 23:08:51.740 D/AF::Track(  418): interceptBuffer: took 774us to intercept 0 tracks
06-25 23:08:52.188 D/BufferPoolAccessor2.0(  484): bufferpool2 0x78aab4613ea8 : 5(20548 size) total buffers - 1(4608 size) used buffers - 16172/16185 (recycle/alloc) - 85/16184 (fetch/transfer)
06-25 23:08:52.506 D/AudioFlinger(  418): mixer(0x7eac95bc9930) throttle end: throttle time(2)
06-25 23:08:52.534 D/EGL_emulation(10059): app_time_stats: avg=20.88ms min=14.97ms max=31.81ms count=42
06-25 23:08:53.347 D/AF::Track(  418): interceptBuffer: took 819us to intercept 0 tracks
06-25 23:08:53.549 D/EGL_emulation(10059): app_time_stats: avg=19.81ms min=15.15ms max=39.08ms count=45
06-25 23:08:53.609 D/StatusBarIconController(  749): ignoring old pipeline callbacks, because the new mobile icons are enabled
06-25 23:08:54.399 D/StatusBarIconController(  749): ignoring old pipeline callback because the new wifi icon is enabled
06-25 23:08:54.439 D/AF::Track(  418): interceptBuffer: took 1103us to intercept 0 tracks
06-25 23:08:54.555 D/EGL_emulation(10059): app_time_stats: avg=21.05ms min=14.46ms max=35.21ms count=42
06-25 23:08:54.932 D/AF::Track(  418): interceptBuffer: took 644us to intercept 0 tracks
06-25 23:08:55.035 I/wpa_supplicant( 3589): wlan0: CTRL-EVENT-BEACON-LOSS 
06-25 23:08:55.567 D/EGL_emulation(10059): app_time_stats: avg=19.56ms min=13.83ms max=30.31ms count=44
06-25 23:08:55.955 D/AF::Track(  418): interceptBuffer: took 884us to intercept 0 tracks
06-25 23:08:56.044 D/AF::Track(  418): interceptBuffer: took 1111us to intercept 0 tracks
06-25 23:08:56.323 D/BufferPoolAccessor2.0(10059): bufferpool2 0x72b009068af8 : 5(40960 size) total buffers - 2(16384 size) used buffers - 16396/16407 (recycle/alloc) - 38/32648 (fetch/transfer)
06-25 23:08:56.567 D/EGL_emulation(10059): app_time_stats: avg=19.80ms min=14.31ms max=28.10ms count=44
06-25 23:08:56.994 D/AudioFlinger(  418): mixer(0x7eac95bc9930) throttle end: throttle time(1)
06-25 23:08:57.421 D/StatusBarIconController(  749): ignoring old pipeline callback because the new wifi icon is enabled
06-25 23:08:57.575 D/EGL_emulation(10059): app_time_stats: avg=19.27ms min=14.11ms max=27.06ms count=45
06-25 23:08:57.599 D/BufferPoolAccessor2.0(  484): bufferpool2 0x78aab4613ea8 : 5(20548 size) total buffers - 1(4608 size) used buffers - 16380/16393 (recycle/alloc) - 85/16392 (fetch/transfer)
06-25 23:08:58.583 D/EGL_emulation(10059): app_time_stats: avg=19.77ms min=12.02ms max=28.81ms count=45
06-25 23:08:59.555 D/AF::Track(  418): interceptBuffer: took 522us to intercept 0 tracks
06-25 23:08:59.594 D/EGL_emulation(10059): app_time_stats: avg=19.92ms min=14.11ms max=31.28ms count=44
06-25 23:09:00.038 I/AiAiEcho( 1482): Predicting[0]: 
06-25 23:09:00.042 I/AiAiEcho( 1482): EchoTargets: 
06-25 23:09:00.042 I/AiAiEcho( 1482): Filtered by AiAi flag check: 
06-25 23:09:00.048 I/AiAiEcho( 1482): Ranked targets strategy: SORT, count: 0, ranking metadata: 
06-25 23:09:00.059 I/AiAiEcho( 1482): #postPredictionTargets: Sending updates to UISurface lockscreen with targets# 0 (types=[])
06-25 23:09:00.075 W/PageIndicator(  749): Total number of pages invalid: 0. Assuming 1 page.
06-25 23:09:00.084 D/EGL_emulation(  749): app_time_stats: avg=60001.87ms min=60001.87ms max=60001.87ms count=1
06-25 23:09:00.432 D/StatusBarIconController(  749): ignoring old pipeline callback because the new wifi icon is enabled
06-25 23:09:00.600 D/EGL_emulation(10059): app_time_stats: avg=22.85ms min=15.40ms max=38.62ms count=40
06-25 23:09:01.303 D/AF::Track(  418): interceptBuffer: took 1190us to intercept 0 tracks
06-25 23:09:01.440 D/BufferPoolAccessor2.0(10059): bufferpool2 0x72b009068af8 : 5(40960 size) total buffers - 4(32768 size) used buffers - 16592/16603 (recycle/alloc) - 38/33036 (fetch/transfer)
06-25 23:09:01.620 D/EGL_emulation(10059): app_time_stats: avg=23.50ms min=15.31ms max=40.38ms count=39
06-25 23:09:01.982 D/AF::Track(  418): interceptBuffer: took 606us to intercept 0 tracks
06-25 23:09:02.259 D/AF::Track(  418): interceptBuffer: took 2352us to intercept 0 tracks
06-25 23:09:02.503 D/AF::Track(  418): interceptBuffer: took 554us to intercept 0 tracks
06-25 23:09:02.637 D/EGL_emulation(10059): app_time_stats: avg=22.83ms min=14.63ms max=38.97ms count=39
06-25 23:09:02.857 D/BufferPoolAccessor2.0(  484): bufferpool2 0x78aab4613ea8 : 5(20548 size) total buffers - 1(4608 size) used buffers - 16582/16595 (recycle/alloc) - 85/16594 (fetch/transfer)
06-25 23:09:02.974 I/wpa_supplicant( 3589): wlan0: CTRL-EVENT-BEACON-LOSS 
06-25 23:09:03.298 D/AF::Track(  418): interceptBuffer: took 653us to intercept 0 tracks
06-25 23:09:03.442 D/StatusBarIconController(  749): ignoring old pipeline callback because the new wifi icon is enabled
06-25 23:09:03.639 D/StatusBarIconController(  749): ignoring old pipeline callbacks, because the new mobile icons are enabled
06-25 23:09:03.645 D/EGL_emulation(  749): app_time_stats: avg=3556.79ms min=3556.79ms max=3556.79ms count=1
06-25 23:09:03.665 D/EGL_emulation(10059): app_time_stats: avg=22.16ms min=14.13ms max=35.79ms count=40
06-25 23:09:04.633 D/AF::Track(  418): interceptBuffer: took 1350us to intercept 0 tracks
06-25 23:09:04.675 D/EGL_emulation(10059): app_time_stats: avg=19.18ms min=12.75ms max=39.65ms count=46
06-25 23:09:04.771 D/AF::Track(  418): interceptBuffer: took 549us to intercept 0 tracks
06-25 23:09:04.840 D/AF::Track(  418): interceptBuffer: took 581us to intercept 0 tracks
06-25 23:09:05.703 D/EGL_emulation(10059): app_time_stats: avg=21.45ms min=13.17ms max=32.75ms count=42
06-25 23:09:06.609 D/BufferPoolAccessor2.0(10059): bufferpool2 0x72b009068af8 : 5(40960 size) total buffers - 1(8192 size) used buffers - 16789/16800 (recycle/alloc) - 38/33435 (fetch/transfer)
06-25 23:09:06.721 D/EGL_emulation(10059): app_time_stats: avg=20.34ms min=14.19ms max=35.18ms count=43
06-25 23:09:07.105 D/AF::Track(  418): interceptBuffer: took 585us to intercept 0 tracks
06-25 23:09:07.730 D/EGL_emulation(10059): app_time_stats: avg=18.96ms min=13.81ms max=27.06ms count=46
06-25 23:09:08.248 D/BufferPoolAccessor2.0(  484): bufferpool2 0x78aab4613ea8 : 5(20548 size) total buffers - 1(4608 size) used buffers - 16787/16800 (recycle/alloc) - 86/16799 (fetch/transfer)
06-25 23:09:08.738 D/EGL_emulation(10059): app_time_stats: avg=18.47ms min=13.14ms max=28.18ms count=47
06-25 23:09:09.464 D/StatusBarIconController(  749): ignoring old pipeline callback because the new wifi icon is enabled
06-25 23:09:09.752 D/EGL_emulation(10059): app_time_stats: avg=18.10ms min=11.78ms max=26.50ms count=48
06-25 23:09:09.771 W/CpuMonitorService(  544): Current CPU frequency (3492195) is greater than maximum CPU frequency (2) for policy ID (0). Skipping CPU frequency policy
06-25 23:09:09.776 W/CpuMonitorService(  544): Current CPU frequency (3369467) is greater than maximum CPU frequency (2) for policy ID (1). Skipping CPU frequency policy
06-25 23:09:09.778 W/CpuMonitorService(  544): Current CPU frequency (3442297) is greater than maximum CPU frequency (2) for policy ID (2). Skipping CPU frequency policy
06-25 23:09:09.778 W/CpuMonitorService(  544): Current CPU frequency (3506345) is greater than maximum CPU frequency (2) for policy ID (3). Skipping CPU frequency policy
06-25 23:09:10.770 D/EGL_emulation(10059): app_time_stats: avg=19.45ms min=13.74ms max=28.05ms count=46
06-25 23:09:10.859 D/MediaCodec(10059): keep callback message for reclaim
06-25 23:09:10.868 I/CCodecConfig(10059): query failed after returning 7 values (BAD_INDEX)
06-25 23:09:10.875 W/Codec2Client(10059): query -- param skipped: index = 1342179345.
06-25 23:09:10.881 W/Codec2Client(10059): query -- param skipped: index = 2415921170.
06-25 23:09:10.909 I/wpa_supplicant( 3589): wlan0: CTRL-EVENT-BEACON-LOSS 
06-25 23:09:11.782 D/EGL_emulation(10059): app_time_stats: avg=19.55ms min=13.91ms max=29.48ms count=44
06-25 23:09:11.937 D/AF::Track(  418): interceptBuffer: took 4839us to intercept 0 tracks
06-25 23:09:11.990 D/BufferPoolAccessor2.0(10059): bufferpool2 0x72b009068af8 : 5(40960 size) total buffers - 1(8192 size) used buffers - 17000/17011 (recycle/alloc) - 39/33846 (fetch/transfer)
06-25 23:09:12.475 D/StatusBarIconController(  749): ignoring old pipeline callback because the new wifi icon is enabled
06-25 23:09:12.784 D/EGL_emulation(10059): app_time_stats: avg=17.46ms min=13.31ms max=27.81ms count=48
06-25 23:09:13.524 D/AF::Track(  418): interceptBuffer: took 788us to intercept 0 tracks
06-25 23:09:13.602 D/StatusBarIconController(  749): ignoring old pipeline callbacks, because the new mobile icons are enabled
06-25 23:09:13.636 D/AF::Track(  418): interceptBuffer: took 1025us to intercept 0 tracks
06-25 23:09:13.707 D/BufferPoolAccessor2.0(  484): bufferpool2 0x78aab4613ea8 : 5(20548 size) total buffers - 1(4608 size) used buffers - 16998/17011 (recycle/alloc) - 88/17010 (fetch/transfer)
06-25 23:09:13.802 D/EGL_emulation(10059): app_time_stats: avg=19.10ms min=13.45ms max=28.15ms count=46
06-25 23:09:14.824 D/EGL_emulation(10059): app_time_stats: avg=18.48ms min=13.73ms max=24.26ms count=49
06-25 23:09:15.500 D/StatusBarIconController(  749): ignoring old pipeline callback because the new wifi icon is enabled
06-25 23:09:15.843 D/EGL_emulation(10059): app_time_stats: avg=21.69ms min=15.08ms max=31.19ms count=41
06-25 23:09:16.861 D/EGL_emulation(10059): app_time_stats: avg=19.37ms min=13.04ms max=26.74ms count=46
06-25 23:09:17.289 D/BufferPoolAccessor2.0(10059): bufferpool2 0x72b009068af8 : 5(40960 size) total buffers - 1(8192 size) used buffers - 17203/17214 (recycle/alloc) - 39/34252 (fetch/transfer)
06-25 23:09:17.869 D/EGL_emulation(10059): app_time_stats: avg=16.42ms min=11.82ms max=21.61ms count=53
06-25 23:09:18.512 D/StatusBarIconController(  749): ignoring old pipeline callback because the new wifi icon is enabled
06-25 23:09:18.880 D/EGL_emulation(10059): app_time_stats: avg=16.47ms min=12.31ms max=22.07ms count=52
06-25 23:09:18.940 D/AF::Track(  418): interceptBuffer: took 2462us to intercept 0 tracks
06-25 23:09:19.101 I/wpa_supplicant( 3589): wlan0: CTRL-EVENT-BEACON-LOSS 
06-25 23:09:19.203 D/BufferPoolAccessor2.0(  484): bufferpool2 0x78aab4613ea8 : 5(20548 size) total buffers - 1(4608 size) used buffers - 17209/17222 (recycle/alloc) - 89/17221 (fetch/transfer)
06-25 23:09:19.514 D/AF::Track(  418): interceptBuffer: took 1231us to intercept 0 tracks
06-25 23:09:19.684 D/AF::Track(  418): interceptBuffer: took 743us to intercept 0 tracks
06-25 23:09:19.888 D/EGL_emulation(10059): app_time_stats: avg=21.86ms min=13.26ms max=50.44ms count=41
06-25 23:09:20.319 W/BpBinder(10576): Linking to death on android.gui.ISurfaceComposer but there are no threads (yet?) listening to incoming transactions. See ProcessState::startThreadPool and ProcessState::setThreadPoolMaxThreadCount. Generally you should setup the binder threadpool before other initialization steps.
06-25 23:09:20.322 W/ProcessState(10576): Extra binder thread started, but 0 threads requested. Do not use *startThreadPool when zero threads are requested.
06-25 23:09:20.331 I/servicemanager(    0): Could not find android.hardware.graphics.allocator.IAllocator/default in the VINTF manifest.
06-25 23:09:20.354 I/hwservicemanager(  158): getTransport: Cannot find entry android.hardware.graphics.mapper@4.0::IMapper/default in either framework or device VINTF manifest.
06-25 23:09:20.355 I/Gralloc4(10576): mapper 4.x is not supported
06-25 23:09:20.904 D/EGL_emulation(10059): app_time_stats: avg=22.95ms min=13.93ms max=38.38ms count=39
06-25 23:09:21.270 D/AF::Track(  418): interceptBuffer: took 531us to intercept 0 tracks
06-25 23:09:21.816 D/AF::Track(  418): interceptBuffer: took 586us to intercept 0 tracks
06-25 23:09:21.916 D/EGL_emulation(10059): app_time_stats: avg=22.87ms min=13.69ms max=40.01ms count=40
06-25 23:09:21.975 D/AF::Track(  418): interceptBuffer: took 2165us to intercept 0 tracks
06-25 23:09:22.455 D/BufferPoolAccessor2.0(10059): bufferpool2 0x72b009068af8 : 5(40960 size) total buffers - 1(8192 size) used buffers - 17401/17412 (recycle/alloc) - 39/34648 (fetch/transfer)
06-25 23:09:22.916 D/EGL_emulation(10059): app_time_stats: avg=16.29ms min=10.49ms max=26.06ms count=52
06-25 23:09:23.067 W/BpBinder(10585): Linking to death on android.gui.ISurfaceComposer but there are no threads (yet?) listening to incoming transactions. See ProcessState::startThreadPool and ProcessState::setThreadPoolMaxThreadCount. Generally you should setup the binder threadpool before other initialization steps.
06-25 23:09:23.067 W/ProcessState(10585): Extra binder thread started, but 0 threads requested. Do not use *startThreadPool when zero threads are requested.
06-25 23:09:23.074 I/servicemanager(    0): Could not find android.hardware.graphics.allocator.IAllocator/default in the VINTF manifest.
06-25 23:09:23.098 I/hwservicemanager(  158): getTransport: Cannot find entry android.hardware.graphics.mapper@4.0::IMapper/default in either framework or device VINTF manifest.
06-25 23:09:23.102 I/Gralloc4(10585): mapper 4.x is not supported
06-25 23:09:23.602 D/StatusBarIconController(  749): ignoring old pipeline callbacks, because the new mobile icons are enabled
06-25 23:09:23.919 D/EGL_emulation(10059): app_time_stats: avg=18.07ms min=10.67ms max=33.16ms count=49
06-25 23:09:24.551 D/StatusBarIconController(  749): ignoring old pipeline callback because the new wifi icon is enabled
06-25 23:09:24.620 D/BufferPoolAccessor2.0(  484): bufferpool2 0x78aab4613ea8 : 5(20548 size) total buffers - 1(4608 size) used buffers - 17416/17429 (recycle/alloc) - 90/17428 (fetch/transfer)
06-25 23:09:24.934 D/EGL_emulation(10059): app_time_stats: avg=15.40ms min=11.01ms max=25.75ms count=57
06-25 23:09:25.936 D/EGL_emulation(10059): app_time_stats: avg=16.47ms min=11.16ms max=22.68ms count=51
06-25 23:09:26.715 D/AF::Track(  418): interceptBuffer: took 1181us to intercept 0 tracks
06-25 23:09:26.871 D/AF::Track(  418): interceptBuffer: took 1098us to intercept 0 tracks
06-25 23:09:26.937 D/EGL_emulation(10059): app_time_stats: avg=16.28ms min=11.26ms max=23.48ms count=53
06-25 23:09:26.983 D/AF::Track(  418): interceptBuffer: took 626us to intercept 0 tracks
06-25 23:09:27.034 I/wpa_supplicant( 3589): wlan0: CTRL-EVENT-BEACON-LOSS 
06-25 23:09:27.559 D/StatusBarIconController(  749): ignoring old pipeline callback because the new wifi icon is enabled
06-25 23:09:27.696 D/BufferPoolAccessor2.0(10059): bufferpool2 0x72b009068af8 : 5(40960 size) total buffers - 4(32768 size) used buffers - 17604/17615 (recycle/alloc) - 39/35050 (fetch/transfer)
06-25 23:09:27.954 D/EGL_emulation(10059): app_time_stats: avg=16.20ms min=11.03ms max=28.33ms count=55
06-25 23:09:28.754 D/AF::Track(  418): interceptBuffer: took 649us to intercept 0 tracks
06-25 23:09:28.977 D/EGL_emulation(10059): app_time_stats: avg=19.36ms min=11.93ms max=40.00ms count=46
06-25 23:09:29.772 D/AF::Track(  418): interceptBuffer: took 642us to intercept 0 tracks
06-25 23:09:29.989 D/BufferPoolAccessor2.0(  484): bufferpool2 0x78aab4613ea8 : 5(20548 size) total buffers - 1(4608 size) used buffers - 17622/17635 (recycle/alloc) - 91/17634 (fetch/transfer)
06-25 23:09:29.997 D/EGL_emulation(10059): app_time_stats: avg=19.80ms min=12.65ms max=35.77ms count=45
06-25 23:09:30.450 D/AF::Track(  418): interceptBuffer: took 631us to intercept 0 tracks
06-25 23:09:30.575 D/StatusBarIconController(  749): ignoring old pipeline callback because the new wifi icon is enabled
06-25 23:09:30.835 D/AF::Track(  418): interceptBuffer: took 556us to intercept 0 tracks
06-25 23:09:30.842 D/MediaCodec(10059): keep callback message for reclaim
06-25 23:09:30.846 I/CCodecConfig(10059): query failed after returning 7 values (BAD_INDEX)
06-25 23:09:30.855 W/Codec2Client(10059): query -- param skipped: index = 1342179345.
06-25 23:09:30.855 W/Codec2Client(10059): query -- param skipped: index = 2415921170.
06-25 23:09:31.000 D/EGL_emulation(10059): app_time_stats: avg=18.29ms min=12.40ms max=26.57ms count=48
06-25 23:09:31.699 D/AF::Track(  418): interceptBuffer: took 578us to intercept 0 tracks
06-25 23:09:32.003 D/EGL_emulation(10059): app_time_stats: avg=17.28ms min=12.07ms max=27.28ms count=49
06-25 23:09:32.014 D/AF::Track(  418): interceptBuffer: took 612us to intercept 0 tracks
06-25 23:09:32.945 D/BufferPoolAccessor2.0(10059): bufferpool2 0x72b009068af8 : 5(40960 size) total buffers - 1(8192 size) used buffers - 17809/17820 (recycle/alloc) - 40/35454 (fetch/transfer)
06-25 23:09:33.014 D/EGL_emulation(10059): app_time_stats: avg=16.79ms min=11.25ms max=23.58ms count=51
06-25 23:09:33.311 D/AF::Track(  418): interceptBuffer: took 1222us to intercept 0 tracks
06-25 23:09:33.597 D/StatusBarIconController(  749): ignoring old pipeline callback because the new wifi icon is enabled
06-25 23:09:33.613 D/StatusBarIconController(  749): ignoring old pipeline callbacks, because the new mobile icons are enabled
06-25 23:09:33.692 D/AF::Track(  418): interceptBuffer: took 557us to intercept 0 tracks
06-25 23:09:34.031 D/EGL_emulation(10059): app_time_stats: avg=17.31ms min=11.78ms max=33.59ms count=51
06-25 23:09:34.969 I/wpa_supplicant( 3589): wlan0: CTRL-EVENT-BEACON-LOSS 
06-25 23:09:35.037 D/EGL_emulation(10059): app_time_stats: avg=16.95ms min=12.14ms max=35.61ms count=51
06-25 23:09:35.367 D/BufferPoolAccessor2.0(  484): bufferpool2 0x78aab4613ea8 : 5(20548 size) total buffers - 1(4608 size) used buffers - 17830/17843 (recycle/alloc) - 92/17842 (fetch/transfer)
06-25 23:09:36.043 D/EGL_emulation(10059): app_time_stats: avg=15.34ms min=11.65ms max=23.95ms count=55
06-25 23:09:37.055 D/EGL_emulation(10059): app_time_stats: avg=15.84ms min=10.95ms max=24.94ms count=55
06-25 23:09:38.066 D/EGL_emulation(10059): app_time_stats: avg=14.56ms min=10.52ms max=25.99ms count=59
06-25 23:09:38.259 D/BufferPoolAccessor2.0(10059): bufferpool2 0x72b009068af8 : 5(40960 size) total buffers - 3(24576 size) used buffers - 18015/18026 (recycle/alloc) - 40/35865 (fetch/transfer)
06-25 23:09:38.633 D/AF::Track(  418): interceptBuffer: took 1070us to intercept 0 tracks
06-25 23:09:38.658 D/AF::Track(  418): interceptBuffer: took 647us to intercept 0 tracks
06-25 23:09:39.074 D/EGL_emulation(10059): app_time_stats: avg=15.84ms min=11.07ms max=27.23ms count=54
06-25 23:09:39.610 D/StatusBarIconController(  749): ignoring old pipeline callback because the new wifi icon is enabled
06-25 23:09:40.081 D/EGL_emulation(10059): app_time_stats: avg=15.72ms min=10.61ms max=22.53ms count=54
06-25 23:09:40.779 D/BufferPoolAccessor2.0(  484): bufferpool2 0x78aab4613ea8 : 5(20548 size) total buffers - 1(4608 size) used buffers - 18037/18050 (recycle/alloc) - 93/18049 (fetch/transfer)
06-25 23:09:41.082 D/EGL_emulation(10059): app_time_stats: avg=16.66ms min=11.30ms max=26.77ms count=52
06-25 23:09:41.217 D/AF::Track(  418): interceptBuffer: took 1004us to intercept 0 tracks
06-25 23:09:42.089 D/EGL_emulation(10059): app_time_stats: avg=15.89ms min=10.32ms max=23.34ms count=55
06-25 23:09:42.422 D/AF::Track(  418): interceptBuffer: took 907us to intercept 0 tracks
06-25 23:09:42.624 D/StatusBarIconController(  749): ignoring old pipeline callback because the new wifi icon is enabled
06-25 23:09:43.031 D/AF::Track(  418): interceptBuffer: took 1565us to intercept 0 tracks
06-25 23:09:43.054 D/AF::Track(  418): interceptBuffer: took 527us to intercept 0 tracks
06-25 23:09:43.105 D/EGL_emulation(10059): app_time_stats: avg=15.23ms min=10.80ms max=21.15ms count=55
06-25 23:09:43.162 I/wpa_supplicant( 3589): wlan0: CTRL-EVENT-BEACON-LOSS 
06-25 23:09:43.543 D/BufferPoolAccessor2.0(10059): bufferpool2 0x72b009068af8 : 5(40960 size) total buffers - 1(8192 size) used buffers - 18214/18225 (recycle/alloc) - 40/36264 (fetch/transfer)
06-25 23:09:43.608 D/StatusBarIconController(  749): ignoring old pipeline callbacks, because the new mobile icons are enabled
06-25 23:09:43.643 D/EGL_emulation(  749): app_time_stats: avg=39997.30ms min=39997.30ms max=39997.30ms count=1
06-25 23:09:44.123 D/EGL_emulation(10059): app_time_stats: avg=15.31ms min=10.88ms max=22.22ms count=57
06-25 23:09:45.135 D/EGL_emulation(10059): app_time_stats: avg=15.28ms min=11.07ms max=23.41ms count=58
06-25 23:09:45.638 D/AF::Track(  418): interceptBuffer: took 527us to intercept 0 tracks
06-25 23:09:45.643 D/StatusBarIconController(  749): ignoring old pipeline callback because the new wifi icon is enabled
06-25 23:09:45.828 D/BufferPoolAccessor2.0(  484): bufferpool2 0x78aab4613ea8 : 5(20548 size) total buffers - 1(4608 size) used buffers - 18230/18243 (recycle/alloc) - 95/18242 (fetch/transfer)
06-25 23:09:46.002 D/AF::Track(  418): interceptBuffer: took 516us to intercept 0 tracks
06-25 23:09:46.145 D/EGL_emulation(10059): app_time_stats: avg=15.49ms min=10.31ms max=23.39ms count=54
06-25 23:09:46.887 D/AF::Track(  418): interceptBuffer: took 2485us to intercept 0 tracks
06-25 23:09:47.152 D/EGL_emulation(10059): app_time_stats: avg=15.04ms min=10.68ms max=23.07ms count=55
06-25 23:09:48.157 D/EGL_emulation(10059): app_time_stats: avg=15.35ms min=10.16ms max=23.81ms count=54
06-25 23:09:48.655 D/StatusBarIconController(  749): ignoring old pipeline callback because the new wifi icon is enabled
06-25 23:09:48.934 D/BufferPoolAccessor2.0(10059): bufferpool2 0x72b009068af8 : 5(40960 size) total buffers - 1(8192 size) used buffers - 18421/18432 (recycle/alloc) - 40/36678 (fetch/transfer)
06-25 23:09:49.159 D/EGL_emulation(10059): app_time_stats: avg=16.30ms min=10.17ms max=22.35ms count=52
06-25 23:09:50.170 D/EGL_emulation(10059): app_time_stats: avg=15.89ms min=11.48ms max=24.12ms count=53
06-25 23:09:50.835 D/MediaCodec(10059): keep callback message for reclaim
06-25 23:09:50.839 I/CCodecConfig(10059): query failed after returning 7 values (BAD_INDEX)
06-25 23:09:50.842 W/Codec2Client(10059): query -- param skipped: index = 1342179345.
06-25 23:09:50.843 W/Codec2Client(10059): query -- param skipped: index = 2415921170.
06-25 23:09:50.862 D/BufferPoolAccessor2.0(  484): bufferpool2 0x78aab4613ea8 : 5(20548 size) total buffers - 1(4608 size) used buffers - 18420/18433 (recycle/alloc) - 97/18432 (fetch/transfer)
06-25 23:09:51.101 I/wpa_supplicant( 3589): wlan0: CTRL-EVENT-BEACON-LOSS 
06-25 23:09:51.179 D/EGL_emulation(10059): app_time_stats: avg=16.44ms min=11.62ms max=22.26ms count=53
06-25 23:09:52.186 D/EGL_emulation(10059): app_time_stats: avg=15.78ms min=10.74ms max=22.65ms count=54
06-25 23:09:53.192 D/EGL_emulation(10059): app_time_stats: avg=16.17ms min=11.68ms max=24.77ms count=54
