06-25 23:06:52.731 I/GoogleInputMethodService( 1389): GoogleInputMethodService.setKeyboardViewShown():3483 setKeyboardViewShown() : type = HEADER, shownType = SHOW_MANDATORY_WITH_ANIMATION
06-25 23:06:52.735 I/GoogleInputMethodService( 1389): GoogleInputMethodService.setKeyboardViewShown():3530 setKeyboardViewShown() : shouldShow = true
06-25 23:06:52.787 I/native  ( 1389): I0000 00:00:1782428812.693335    2142 input-context-store.cc:255] Ignoring stale client request for FetchSuggestions
06-25 23:06:52.800 W/InputContextProxyV4( 1389): InputContextProxyV4.applyClientDiffInternal():897 Ignore [FetchSuggestions] diff due to stale request: 4222<4224, inputStateId=3880, lastInputStateId=3880
06-25 23:06:52.804 I/GoogleInputMethodService( 1389): GoogleInputMethodService.setKeyboardViewShown():3483 setKeyboardViewShown() : type = HEADER, shownType = SHOW_MANDATORY_WITH_ANIMATION
06-25 23:06:52.809 I/GoogleInputMethodService( 1389): GoogleInputMethodService.setKeyboardViewShown():3530 setKeyboardViewShown() : shouldShow = true
06-25 23:06:52.878 I/KeyboardViewController( 1389): KeyboardViewController.lambda$showSelfAndAncestors$6():609 current view doesn't has the priority com.google.android.libraries.inputmethod.accesspoint.widget.AccessPointsBar{fd928e3 I.E...... ......ID 0,0-644,131 #7f0b0018 app:id/0_resource_name_obfuscated} to show itself, DEFAULT
06-25 23:06:52.934 I/GoogleInputMethodService( 1389): GoogleInputMethodService.setKeyboardViewShown():3483 setKeyboardViewShown() : type = HEADER, shownType = SHOW_MANDATORY_WITH_ANIMATION
06-25 23:06:52.934 I/GoogleInputMethodService( 1389): GoogleInputMethodService.setKeyboardViewShown():3530 setKeyboardViewShown() : shouldShow = true
06-25 23:06:52.988 I/GoogleInputMethodService( 1389): GoogleInputMethodService.setKeyboardViewShown():3483 setKeyboardViewShown() : type = HEADER, shownType = SHOW_MANDATORY_WITH_ANIMATION
06-25 23:06:52.989 I/GoogleInputMethodService( 1389): GoogleInputMethodService.setKeyboardViewShown():3530 setKeyboardViewShown() : shouldShow = true
06-25 23:06:53.139 I/GoogleInputMethodService( 1389): GoogleInputMethodService.setKeyboardViewShown():3483 setKeyboardViewShown() : type = HEADER, shownType = SHOW_MANDATORY_WITH_ANIMATION
06-25 23:06:53.139 I/GoogleInputMethodService( 1389): GoogleInputMethodService.setKeyboardViewShown():3530 setKeyboardViewShown() : shouldShow = true
06-25 23:06:53.172 D/EGL_emulation( 1389): app_time_stats: avg=105.21ms min=32.28ms max=188.37ms count=10
06-25 23:06:53.207 I/GoogleInputMethodService( 1389): GoogleInputMethodService.setKeyboardViewShown():3483 setKeyboardViewShown() : type = HEADER, shownType = SHOW_MANDATORY_WITH_ANIMATION
06-25 23:06:53.209 I/GoogleInputMethodService( 1389): GoogleInputMethodService.setKeyboardViewShown():3530 setKeyboardViewShown() : shouldShow = true
06-25 23:06:53.267 D/EGL_emulation(10059): app_time_stats: avg=19.45ms min=12.32ms max=29.63ms count=46
06-25 23:06:53.274 I/native  ( 1389): I0000 00:00:1782428813.185829    2142 input-context-store.cc:255] Ignoring stale client request for FetchSuggestions
06-25 23:06:53.298 W/InputContextProxyV4( 1389): InputContextProxyV4.applyClientDiffInternal():897 Ignore [FetchSuggestions] diff due to stale request: 4234<4237, inputStateId=3893, lastInputStateId=3893
06-25 23:06:53.299 I/GoogleInputMethodService( 1389): GoogleInputMethodService.setKeyboardViewShown():3483 setKeyboardViewShown() : type = HEADER, shownType = SHOW_MANDATORY_WITH_ANIMATION
06-25 23:06:53.299 I/GoogleInputMethodService( 1389): GoogleInputMethodService.setKeyboardViewShown():3530 setKeyboardViewShown() : shouldShow = true
06-25 23:06:53.388 I/GoogleInputMethodService( 1389): GoogleInputMethodService.setKeyboardViewShown():3483 setKeyboardViewShown() : type = HEADER, shownType = SHOW_MANDATORY_WITH_ANIMATION
06-25 23:06:53.388 I/GoogleInputMethodService( 1389): GoogleInputMethodService.setKeyboardViewShown():3530 setKeyboardViewShown() : shouldShow = true
06-25 23:06:53.471 I/native  ( 1389): I0000 00:00:1782428813.354993    2142 input-context-store.cc:255] Ignoring stale client request for FetchSuggestions
06-25 23:06:53.477 W/InputContextProxyV4( 1389): InputContextProxyV4.applyClientDiffInternal():897 Ignore [FetchSuggestions] diff due to stale request: 4244<4247, inputStateId=3902, lastInputStateId=3902
06-25 23:06:53.598 I/native  ( 1389): I0000 00:00:1782428813.456029    2142 input-context-store.cc:255] Ignoring stale client request for FetchSuggestions
06-25 23:06:53.603 D/StatusBarIconController(  749): ignoring old pipeline callbacks, because the new mobile icons are enabled
06-25 23:06:53.604 W/InputContextProxyV4( 1389): InputContextProxyV4.applyClientDiffInternal():897 Ignore [FetchSuggestions] diff due to stale request: 4247<4251, inputStateId=3903, lastInputStateId=3906
06-25 23:06:53.609 W/InputContextProxyV4( 1389): InputContextProxyV4.applyClientDiffInternal():897 Ignore [FetchSuggestions] diff due to stale request: 4250<4252, inputStateId=3906, lastInputStateId=3906
06-25 23:06:53.623 I/GoogleInputMethodService( 1389): GoogleInputMethodService.setKeyboardViewShown():3483 setKeyboardViewShown() : type = HEADER, shownType = SHOW_MANDATORY_WITH_ANIMATION
06-25 23:06:53.624 I/GoogleInputMethodService( 1389): GoogleInputMethodService.setKeyboardViewShown():3530 setKeyboardViewShown() : shouldShow = true
06-25 23:06:53.719 I/GoogleInputMethodService( 1389): GoogleInputMethodService.setKeyboardViewShown():3483 setKeyboardViewShown() : type = HEADER, shownType = SHOW_MANDATORY_WITH_ANIMATION
06-25 23:06:53.720 I/GoogleInputMethodService( 1389): GoogleInputMethodService.setKeyboardViewShown():3530 setKeyboardViewShown() : shouldShow = true
06-25 23:06:53.764 I/GoogleInputMethodService( 1389): GoogleInputMethodService.setKeyboardViewShown():3483 setKeyboardViewShown() : type = HEADER, shownType = SHOW_MANDATORY_WITH_ANIMATION
06-25 23:06:53.768 I/GoogleInputMethodService( 1389): GoogleInputMethodService.setKeyboardViewShown():3530 setKeyboardViewShown() : shouldShow = true
06-25 23:06:53.774 D/StatusBarIconController(  749): ignoring old pipeline callback because the new wifi icon is enabled
06-25 23:06:53.860 I/GoogleInputMethodService( 1389): GoogleInputMethodService.setKeyboardViewShown():3483 setKeyboardViewShown() : type = HEADER, shownType = SHOW_MANDATORY_WITH_ANIMATION
06-25 23:06:53.861 I/GoogleInputMethodService( 1389): GoogleInputMethodService.setKeyboardViewShown():3530 setKeyboardViewShown() : shouldShow = true
06-25 23:06:54.036 I/GoogleInputMethodService( 1389): GoogleInputMethodService.setKeyboardViewShown():3483 setKeyboardViewShown() : type = HEADER, shownType = SHOW_MANDATORY_WITH_ANIMATION
06-25 23:06:54.036 I/GoogleInputMethodService( 1389): GoogleInputMethodService.setKeyboardViewShown():3530 setKeyboardViewShown() : shouldShow = true
06-25 23:06:54.147 I/native  ( 1389): I0000 00:00:1782428813.871497    2142 input-context-store.cc:255] Ignoring stale client request for FetchSuggestions
06-25 23:06:54.157 W/InputContextProxyV4( 1389): InputContextProxyV4.applyClientDiffInternal():897 Ignore [FetchSuggestions] diff due to stale request: 4262<4264, inputStateId=3917, lastInputStateId=3917
06-25 23:06:54.161 I/GoogleInputMethodService( 1389): GoogleInputMethodService.setKeyboardViewShown():3483 setKeyboardViewShown() : type = HEADER, shownType = SHOW_MANDATORY_WITH_ANIMATION
06-25 23:06:54.161 I/GoogleInputMethodService( 1389): GoogleInputMethodService.setKeyboardViewShown():3530 setKeyboardViewShown() : shouldShow = true
06-25 23:06:54.228 D/EGL_emulation( 1389): app_time_stats: avg=95.57ms min=22.85ms max=200.09ms count=11
06-25 23:06:54.271 D/EGL_emulation(10059): app_time_stats: avg=19.44ms min=13.65ms max=28.17ms count=46
06-25 23:06:54.276 I/native  ( 1389): I0000 00:00:1782428813.983372    2142 input-context-store.cc:255] Ignoring stale client request for FetchSuggestions
06-25 23:06:54.280 W/InputContextProxyV4( 1389): InputContextProxyV4.applyClientDiffInternal():897 Ignore [FetchSuggestions] diff due to stale request: 4266<4269, inputStateId=3922, lastInputStateId=3922
06-25 23:06:54.308 W/InputContextProxyV4( 1389): InputContextProxyV4.applyClientDiffInternal():897 Ignore [FetchSuggestions] diff due to stale request: 4269<4270, inputStateId=3923, lastInputStateId=3924
06-25 23:06:54.360 W/InputContextProxyV4( 1389): InputContextProxyV4.applyClientDiffInternal():897 Ignore [FetchSuggestions] diff due to stale request: 4272<4274, inputStateId=3926, lastInputStateId=3927
06-25 23:06:54.368 I/GoogleInputMethodService( 1389): GoogleInputMethodService.setKeyboardViewShown():3483 setKeyboardViewShown() : type = HEADER, shownType = SHOW_MANDATORY_WITH_ANIMATION
06-25 23:06:54.371 I/GoogleInputMethodService( 1389): GoogleInputMethodService.setKeyboardViewShown():3530 setKeyboardViewShown() : shouldShow = true
06-25 23:06:54.427 I/native  ( 1389): I0000 00:00:1782428814.184635    2142 input-context-store.cc:195] Using roll back input context for operation: [FetchSuggestions] rolled back operation: [OverrideDecodedCandidates] reason: client [3929] vs decoder [3931]
06-25 23:06:54.474 W/InputContextProxyV4( 1389): InputContextProxyV4.applyClientDiffInternal():897 Ignore [FetchSuggestions] diff due to stale request: 4276<4279, inputStateId=3931, lastInputStateId=3934
06-25 23:06:54.477 W/InputContextProxyV4( 1389): InputContextProxyV4.applyClientDiffInternal():897 Ignore [FetchSuggestions] diff due to stale request: 4277<4279, inputStateId=3933, lastInputStateId=3934
06-25 23:06:54.494 I/GoogleInputMethodService( 1389): GoogleInputMethodService.setKeyboardViewShown():3483 setKeyboardViewShown() : type = HEADER, shownType = SHOW_MANDATORY_WITH_ANIMATION
06-25 23:06:54.500 I/GoogleInputMethodService( 1389): GoogleInputMethodService.setKeyboardViewShown():3530 setKeyboardViewShown() : shouldShow = true
06-25 23:06:54.547 I/GoogleInputMethodService( 1389): GoogleInputMethodService.setKeyboardViewShown():3483 setKeyboardViewShown() : type = HEADER, shownType = SHOW_MANDATORY_WITH_ANIMATION
06-25 23:06:54.548 I/GoogleInputMethodService( 1389): GoogleInputMethodService.setKeyboardViewShown():3530 setKeyboardViewShown() : shouldShow = true
06-25 23:06:54.597 I/GoogleInputMethodService( 1389): GoogleInputMethodService.setKeyboardViewShown():3483 setKeyboardViewShown() : type = HEADER, shownType = SHOW_MANDATORY_WITH_ANIMATION
06-25 23:06:54.605 I/GoogleInputMethodService( 1389): GoogleInputMethodService.setKeyboardViewShown():3530 setKeyboardViewShown() : shouldShow = true
06-25 23:06:54.622 D/BufferPoolAccessor2.0(  484): bufferpool2 0x78aab4613ea8 : 5(20548 size) total buffers - 3(13824 size) used buffers - 11664/11673 (recycle/alloc) - 63/11672 (fetch/transfer)
06-25 23:06:54.671 I/GoogleInputMethodService( 1389): GoogleInputMethodService.setKeyboardViewShown():3483 setKeyboardViewShown() : type = HEADER, shownType = SHOW_MANDATORY_WITH_ANIMATION
06-25 23:06:54.674 I/GoogleInputMethodService( 1389): GoogleInputMethodService.setKeyboardViewShown():3530 setKeyboardViewShown() : shouldShow = true
06-25 23:06:54.709 I/.expertnabiblia(10059): Background young concurrent copying GC freed 181469(5993KB) AllocSpace objects, 2(56KB) LOS objects, 27% free, 15MB/21MB, paused 2.278ms,96us total 129.943ms
06-25 23:06:54.868 W/TooltipLifecycleManager( 1389): TooltipLifecycleManager.dismissTooltips():159 Tooltip with id spell_check_add_to_dictionary not found in tooltipManager.
06-25 23:06:54.879 I/GoogleInputMethodService( 1389): GoogleInputMethodService.setKeyboardViewShown():3483 setKeyboardViewShown() : type = HEADER, shownType = SHOW_MANDATORY_WITH_ANIMATION
06-25 23:06:54.880 I/GoogleInputMethodService( 1389): GoogleInputMethodService.setKeyboardViewShown():3530 setKeyboardViewShown() : shouldShow = true
06-25 23:06:54.889 D/AF::Track(  418): interceptBuffer: took 528us to intercept 0 tracks
06-25 23:06:54.971 I/wpa_supplicant( 3589): wlan0: CTRL-EVENT-BEACON-LOSS 
06-25 23:06:55.141 D/BufferPoolAccessor2.0(10059): bufferpool2 0x72b009068af8 : 5(40960 size) total buffers - 1(8192 size) used buffers - 11727/11733 (recycle/alloc) - 27/23350 (fetch/transfer)
06-25 23:06:55.286 D/EGL_emulation(10059): app_time_stats: avg=16.47ms min=9.79ms max=33.26ms count=50
06-25 23:06:55.842 D/AF::Track(  418): interceptBuffer: took 514us to intercept 0 tracks
06-25 23:06:56.000 W/BpBinder(10378): Linking to death on android.gui.ISurfaceComposer but there are no threads (yet?) listening to incoming transactions. See ProcessState::startThreadPool and ProcessState::setThreadPoolMaxThreadCount. Generally you should setup the binder threadpool before other initialization steps.
06-25 23:06:56.004 W/ProcessState(10378): Extra binder thread started, but 0 threads requested. Do not use *startThreadPool when zero threads are requested.
06-25 23:06:56.028 I/servicemanager(    0): Could not find android.hardware.graphics.allocator.IAllocator/default in the VINTF manifest.
06-25 23:06:56.051 I/hwservicemanager(  158): getTransport: Cannot find entry android.hardware.graphics.mapper@4.0::IMapper/default in either framework or device VINTF manifest.
06-25 23:06:56.052 I/Gralloc4(10378): mapper 4.x is not supported
06-25 23:06:56.070 D/AF::Track(  418): interceptBuffer: took 1613us to intercept 0 tracks
06-25 23:06:56.303 D/EGL_emulation(10059): app_time_stats: avg=15.79ms min=9.71ms max=23.23ms count=55
06-25 23:06:56.790 D/StatusBarIconController(  749): ignoring old pipeline callback because the new wifi icon is enabled
06-25 23:06:56.909 D/AF::Track(  418): interceptBuffer: took 614us to intercept 0 tracks
06-25 23:06:57.312 D/EGL_emulation(10059): app_time_stats: avg=17.41ms min=12.28ms max=22.35ms count=50
06-25 23:06:58.327 D/EGL_emulation(10059): app_time_stats: avg=14.41ms min=9.40ms max=24.40ms count=56
06-25 23:06:59.290 D/AF::Track(  418): interceptBuffer: took 1216us to intercept 0 tracks
06-25 23:06:59.341 D/EGL_emulation(10059): app_time_stats: avg=14.62ms min=9.45ms max=31.85ms count=57
06-25 23:06:59.719 D/AF::Track(  418): interceptBuffer: took 676us to intercept 0 tracks
06-25 23:06:59.796 D/StatusBarIconController(  749): ignoring old pipeline callback because the new wifi icon is enabled
06-25 23:07:00.015 I/AiAiEcho( 1482): Predicting[0]: 
06-25 23:07:00.016 I/AiAiEcho( 1482): EchoTargets: 
06-25 23:07:00.016 I/AiAiEcho( 1482): Filtered by AiAi flag check: 
06-25 23:07:00.019 I/AiAiEcho( 1482): Ranked targets strategy: SORT, count: 0, ranking metadata: 
06-25 23:07:00.028 I/AiAiEcho( 1482): #postPredictionTargets: Sending updates to UISurface lockscreen with targets# 0 (types=[])
06-25 23:07:00.048 W/PageIndicator(  749): Total number of pages invalid: 0. Assuming 1 page.
06-25 23:07:00.054 D/EGL_emulation(  749): app_time_stats: avg=16428.83ms min=16428.83ms max=16428.83ms count=1
06-25 23:07:00.060 D/AF::Track(  418): interceptBuffer: took 665us to intercept 0 tracks
06-25 23:07:00.102 D/BufferPoolAccessor2.0(  484): bufferpool2 0x78aab4613ea8 : 5(20548 size) total buffers - 1(4608 size) used buffers - 11871/11880 (recycle/alloc) - 64/11879 (fetch/transfer)
06-25 23:07:00.219 D/AF::Track(  418): interceptBuffer: took 4727us to intercept 0 tracks
06-25 23:07:00.345 D/EGL_emulation(10059): app_time_stats: avg=15.28ms min=9.21ms max=21.87ms count=55
06-25 23:07:00.476 D/BufferPoolAccessor2.0(10059): bufferpool2 0x72b009068af8 : 5(40960 size) total buffers - 4(32768 size) used buffers - 11934/11940 (recycle/alloc) - 27/23759 (fetch/transfer)
06-25 23:07:01.107 E/FrameTracker(10059): force finish cuj, time out: J<IME_INSETS_ANIMATION::0@0@com.donizetiferr.expertnabiblia>
06-25 23:07:01.108 W/FrameTracker(10059): Missed SF frame:UNKNOWN: 80, 2976155, 0, CUJ=J<IME_INSETS_ANIMATION::0@0@com.donizetiferr.expertnabiblia>
06-25 23:07:01.108 W/FrameTracker(10059): Missed SF frame:PREDICTION_ERROR, 2976178, 0, CUJ=J<IME_INSETS_ANIMATION::0@0@com.donizetiferr.expertnabiblia>
06-25 23:07:01.108 W/FrameTracker(10059): Missed SF frame:PREDICTION_ERROR, 2976193, 0, CUJ=J<IME_INSETS_ANIMATION::0@0@com.donizetiferr.expertnabiblia>
06-25 23:07:01.109 W/FrameTracker(10059): Missed SF frame:PREDICTION_ERROR, 2976201, 0, CUJ=J<IME_INSETS_ANIMATION::0@0@com.donizetiferr.expertnabiblia>
06-25 23:07:01.119 W/FrameTracker(10059): Missed SF frame:PREDICTION_ERROR, 2976224, 0, CUJ=J<IME_INSETS_ANIMATION::0@0@com.donizetiferr.expertnabiblia>
06-25 23:07:01.120 W/FrameTracker(10059): Missed SF frame:PREDICTION_ERROR, 2976238, 0, CUJ=J<IME_INSETS_ANIMATION::0@0@com.donizetiferr.expertnabiblia>
06-25 23:07:01.120 W/FrameTracker(10059): Missed SF frame:PREDICTION_ERROR, 2976247, 0, CUJ=J<IME_INSETS_ANIMATION::0@0@com.donizetiferr.expertnabiblia>
06-25 23:07:01.120 W/FrameTracker(10059): Missed SF frame:PREDICTION_ERROR, 2976262, 0, CUJ=J<IME_INSETS_ANIMATION::0@0@com.donizetiferr.expertnabiblia>
06-25 23:07:01.124 D/AF::Track(  418): interceptBuffer: took 584us to intercept 0 tracks
06-25 23:07:01.125 W/FrameTracker(10059): Missed SF frame:PREDICTION_ERROR, 2976292, 0, CUJ=J<IME_INSETS_ANIMATION::0@0@com.donizetiferr.expertnabiblia>
06-25 23:07:01.125 W/FrameTracker(10059): Missed SF frame:PREDICTION_ERROR, 2976307, 0, CUJ=J<IME_INSETS_ANIMATION::0@0@com.donizetiferr.expertnabiblia>
06-25 23:07:01.127 W/FrameTracker(10059): Missed SF frame:PREDICTION_ERROR, 2976315, 0, CUJ=J<IME_INSETS_ANIMATION::0@0@com.donizetiferr.expertnabiblia>
06-25 23:07:01.132 V/PerfettoTrigger(10059): Triggering /system/bin/trigger_perfetto com.android.telemetry.interaction-jank-monitor-69
06-25 23:07:01.349 D/EGL_emulation(10059): app_time_stats: avg=15.11ms min=9.78ms max=31.56ms count=53
06-25 23:07:01.440 D/AF::Track(  418): interceptBuffer: took 597us to intercept 0 tracks
06-25 23:07:02.351 D/EGL_emulation(10059): app_time_stats: avg=14.17ms min=10.85ms max=24.41ms count=58
06-25 23:07:02.808 D/StatusBarIconController(  749): ignoring old pipeline callback because the new wifi icon is enabled
06-25 23:07:03.168 D/AF::Track(  418): interceptBuffer: took 667us to intercept 0 tracks
06-25 23:07:03.172 I/wpa_supplicant( 3589): wlan0: CTRL-EVENT-BEACON-LOSS 
06-25 23:07:03.352 D/EGL_emulation(10059): app_time_stats: avg=14.56ms min=10.19ms max=22.47ms count=56
06-25 23:07:03.590 D/StatusBarIconController(  749): ignoring old pipeline callbacks, because the new mobile icons are enabled
06-25 23:07:04.024 D/AF::Track(  418): interceptBuffer: took 800us to intercept 0 tracks
06-25 23:07:04.364 D/EGL_emulation(10059): app_time_stats: avg=14.88ms min=9.41ms max=22.22ms count=54
06-25 23:07:05.082 W/ProcessStats(  544): Tracking association SourceState{c60347e system/1000 BFgs #6693} whose proc state 4 is better than process ProcessState{5e13851 com.google.android.inputmethod.latin/10140 pkg=com.google.android.inputmethod.latin} proc state 6 (9 skipped)
06-25 23:07:05.369 D/EGL_emulation(10059): app_time_stats: avg=13.48ms min=9.49ms max=19.16ms count=56
06-25 23:07:05.559 D/BufferPoolAccessor2.0(  484): bufferpool2 0x78aab4613ea8 : 5(20548 size) total buffers - 1(4608 size) used buffers - 12080/12089 (recycle/alloc) - 64/12088 (fetch/transfer)
06-25 23:07:05.641 D/BoundBrokerSvc( 1658): onUnbind: Intent { act=com.google.firebase.dynamiclinks.service.START pkg=com.google.android.gms }
06-25 23:07:05.826 D/BufferPoolAccessor2.0(10059): bufferpool2 0x72b009068af8 : 5(40960 size) total buffers - 2(16384 size) used buffers - 12138/12144 (recycle/alloc) - 27/24171 (fetch/transfer)
06-25 23:07:05.858 D/AudioFlinger(  418): mixer(0x7eac95bc9930) throttle end: throttle time(4)
06-25 23:07:06.376 D/EGL_emulation(10059): app_time_stats: avg=14.95ms min=9.65ms max=27.42ms count=54
06-25 23:07:07.390 D/EGL_emulation(10059): app_time_stats: avg=16.12ms min=11.33ms max=22.66ms count=53
06-25 23:07:08.037 D/AF::Track(  418): interceptBuffer: took 628us to intercept 0 tracks
06-25 23:07:08.287 D/AF::Track(  418): interceptBuffer: took 975us to intercept 0 tracks
06-25 23:07:08.401 D/EGL_emulation(10059): app_time_stats: avg=14.93ms min=10.51ms max=20.53ms count=57
06-25 23:07:08.860 D/StatusBarIconController(  749): ignoring old pipeline callback because the new wifi icon is enabled
06-25 23:07:09.288 D/AF::Track(  418): interceptBuffer: took 611us to intercept 0 tracks
06-25 23:07:09.402 D/EGL_emulation(10059): app_time_stats: avg=14.86ms min=10.92ms max=20.13ms count=57
06-25 23:07:09.572 W/CpuMonitorService(  544): Current CPU frequency (3552850) is greater than maximum CPU frequency (2) for policy ID (1). Skipping CPU frequency policy
06-25 23:07:09.573 W/CpuMonitorService(  544): Current CPU frequency (3162252) is greater than maximum CPU frequency (2) for policy ID (2). Skipping CPU frequency policy
06-25 23:07:09.576 W/CpuMonitorService(  544): Current CPU frequency (3540511) is greater than maximum CPU frequency (2) for policy ID (3). Skipping CPU frequency policy
06-25 23:07:10.420 D/EGL_emulation(10059): app_time_stats: avg=13.88ms min=9.75ms max=20.43ms count=60
06-25 23:07:10.856 D/MediaCodec(10059): keep callback message for reclaim
06-25 23:07:10.856 I/CCodecConfig(10059): query failed after returning 7 values (BAD_INDEX)
06-25 23:07:10.859 W/Codec2Client(10059): query -- param skipped: index = 1342179345.
06-25 23:07:10.861 W/Codec2Client(10059): query -- param skipped: index = 2415921170.
06-25 23:07:11.102 I/wpa_supplicant( 3589): wlan0: CTRL-EVENT-BEACON-LOSS 
06-25 23:07:11.119 D/BufferPoolAccessor2.0(10059): bufferpool2 0x72b009068af8 : 5(40960 size) total buffers - 1(8192 size) used buffers - 12345/12351 (recycle/alloc) - 28/24576 (fetch/transfer)
06-25 23:07:11.131 D/BufferPoolAccessor2.0(  484): bufferpool2 0x78aab4613ea8 : 5(20548 size) total buffers - 1(4608 size) used buffers - 12296/12305 (recycle/alloc) - 66/12304 (fetch/transfer)
06-25 23:07:11.437 D/EGL_emulation(10059): app_time_stats: avg=12.12ms min=9.28ms max=19.24ms count=60
06-25 23:07:11.877 D/StatusBarIconController(  749): ignoring old pipeline callback because the new wifi icon is enabled
06-25 23:07:12.440 D/EGL_emulation(10059): app_time_stats: avg=13.75ms min=8.35ms max=19.82ms count=59
06-25 23:07:13.453 D/EGL_emulation(10059): app_time_stats: avg=14.21ms min=9.85ms max=23.71ms count=57
06-25 23:07:13.632 D/StatusBarIconController(  749): ignoring old pipeline callbacks, because the new mobile icons are enabled
06-25 23:07:14.467 D/EGL_emulation(10059): app_time_stats: avg=13.70ms min=9.61ms max=21.88ms count=59
06-25 23:07:14.883 D/StatusBarIconController(  749): ignoring old pipeline callback because the new wifi icon is enabled
06-25 23:07:15.472 D/EGL_emulation(10059): app_time_stats: avg=14.07ms min=9.60ms max=21.26ms count=57
06-25 23:07:15.695 D/ActivityManager(  544): freezing 1658 com.google.android.gms
06-25 23:07:16.400 D/BufferPoolAccessor2.0(10059): bufferpool2 0x72b009068af8 : 5(40960 size) total buffers - 1(8192 size) used buffers - 12547/12553 (recycle/alloc) - 28/24980 (fetch/transfer)
06-25 23:07:16.410 D/BufferPoolAccessor2.0(  484): bufferpool2 0x78aab4613ea8 : 5(20548 size) total buffers - 1(4608 size) used buffers - 12498/12507 (recycle/alloc) - 67/12506 (fetch/transfer)
06-25 23:07:16.484 D/EGL_emulation(10059): app_time_stats: avg=14.07ms min=9.27ms max=23.74ms count=56
06-25 23:07:17.494 D/EGL_emulation(10059): app_time_stats: avg=16.50ms min=11.21ms max=30.28ms count=50
06-25 23:07:17.894 D/StatusBarIconController(  749): ignoring old pipeline callback because the new wifi icon is enabled
06-25 23:07:18.508 D/EGL_emulation(10059): app_time_stats: avg=14.15ms min=10.24ms max=21.28ms count=58
06-25 23:07:19.036 I/wpa_supplicant( 3589): wlan0: CTRL-EVENT-BEACON-LOSS 
06-25 23:07:19.526 D/EGL_emulation(10059): app_time_stats: avg=13.48ms min=8.96ms max=27.32ms count=59
06-25 23:07:19.715 D/AF::Track(  418): interceptBuffer: took 5664us to intercept 0 tracks
06-25 23:07:19.986 D/AF::Track(  418): interceptBuffer: took 753us to intercept 0 tracks
06-25 23:07:20.039 D/AF::Track(  418): interceptBuffer: took 8959us to intercept 0 tracks
06-25 23:07:20.550 D/EGL_emulation(10059): app_time_stats: avg=15.11ms min=9.03ms max=23.65ms count=54
06-25 23:07:20.566 D/AutofillManager(10059): view not autofillable - not passing ime action check
06-25 23:07:20.577 I/ImeTracker(10059): com.donizetiferr.expertnabiblia:34d34d29: onRequestHide at ORIGIN_CLIENT_HIDE_SOFT_INPUT reason HIDE_SOFT_INPUT
06-25 23:07:20.587 I/GoogleInputMethodService( 1389): GoogleInputMethodService.onFinishInputView():2241 
06-25 23:07:20.589 W/TooltipLifecycleManager( 1389): TooltipLifecycleManager.dismissTooltips():159 Tooltip with id spell_check_add_to_dictionary not found in tooltipManager.
06-25 23:07:20.598 I/InputBundle( 1389): InputBundle.consumeEvent():923 Skip consuming an event as keyboard status is 0
06-25 23:07:20.608 I/KeyboardWrapper( 1389): KeyboardWrapper.consumeEvent():275 Skip consuming an event as current keyboard is deactivated (state=0, keyboard existence=true)
06-25 23:07:20.608 I/VoiceInputManagerWrapper( 1389): VoiceInputManagerWrapper.shutdown():77 shutdown()
06-25 23:07:20.618 I/AndroidIME( 1389): AbstractIme.onDeactivate():207 LatinIme.onDeactivate()
06-25 23:07:20.640 I/GoogleInputMethodService( 1389): GoogleInputMethodService.onFinishInput():3227 
06-25 23:07:20.648 I/GoogleInputMethodService( 1389): GoogleInputMethodService.updateDeviceLockedStatus():2087 repeatCheckTimes = 0, unlocked = true
06-25 23:07:20.649 I/GoogleInputMethodService( 1389): GoogleInputMethodService.onStartInput():1877 onStartInput(EditorInfo{inputType=0x0(NULL) imeOptions=0x0 privateImeOptions=null actionName=UNSPECIFIED actionLabel=null actionId=0 initialSelStart=-1 initialSelEnd=-1 initialCapsMode=0x0 hintText=null label=null packageName=com.donizetiferr.expertnabiblia fieldId=0 fieldName=null extras=null}, false)
06-25 23:07:20.653 I/GoogleInputMethodService( 1389): GoogleInputMethodService.shouldHideHeaderOnInitialState():4008 ShouldHideHeaderOnInitialState = false
06-25 23:07:20.655 W/ModuleManager( 1389): ModuleManager.loadModule():450 Module jjj is not available
06-25 23:07:20.676 I/GoogleInputMethodService( 1389): GoogleInputMethodService.updateDeviceLockedStatus():2087 repeatCheckTimes = 2, unlocked = true
06-25 23:07:20.679 W/WindowOnBackDispatcher(10059): sendCancelIfRunning: isInProgress=falsecallback=ImeCallback=ImeOnBackInvokedCallback@131111192 Callback=android.window.IOnBackInvokedCallback$Stub$Proxy@91e9cb6
06-25 23:07:20.688 D/CoreBackPreview(  544): Window{5b34cf8 u0 com.donizetiferr.expertnabiblia/com.donizetiferr.expertnabiblia.MainActivity}: Setting back callback OnBackInvokedCallbackInfo{mCallback=android.window.IOnBackInvokedCallback$Stub$Proxy@4639cd1, mPriority=0, mIsAnimationCallback=false}
06-25 23:07:20.710 I/GoogleInputMethodService( 1389): GoogleInputMethodService.onStartInputView():1995 onStartInputView(EditorInfo{inputType=0x0(NULL) imeOptions=0x0 privateImeOptions=null actionName=UNSPECIFIED actionLabel=null actionId=0 initialSelStart=-1 initialSelEnd=-1 initialCapsMode=0x0 hintText=null label=null packageName=com.donizetiferr.expertnabiblia fieldId=0 fieldName=null extras=null}, false)
06-25 23:07:20.722 I/GoogleInputMethodService( 1389): GoogleInputMethodService.updateDeviceLockedStatus():2087 repeatCheckTimes = 2, unlocked = true
06-25 23:07:20.723 W/ModuleManager( 1389): ModuleManager.loadModule():450 Module erj is not available
06-25 23:07:20.726 I/DeviceModeUtil( 1389): DeviceModeUtil.getDeviceMode():122 Get device mode tablet_large by ui mode:1 and smallestScreenWidthDp:411
06-25 23:07:20.777 I/KeyboardViewUtil( 1389): KeyboardViewUtil.getKeyboardHeightRatio():189 systemKeyboardHeightRatio:1.000000; userKeyboardHeightRatio:1.000000.
06-25 23:07:20.778 I/AndroidIME( 1389): AbstractIme.onActivate():86 PasswordIme.onActivate() : EditorInfo = inputType=0x0(NULL) imeOptions=0x0 privateImeOptions=null actionName=UNSPECIFIED actionLabel=null actionId=0 initialSelStart=-1 initialSelEnd=-1 initialCapsMode=0x0 hintText=null label=null packageName=com.donizetiferr.expertnabiblia fieldId=0 fieldName=null extras=null, IncognitoMode = false, DeviceLocked = false
06-25 23:07:20.781 I/KeyboardManager( 1389): KeyboardManager.requestKeyboard():146 Creating keyboard prime, imeId=password, cacheKey=theme_border_stylesheet_noshadow_gsans_pillkey_silkpopup_materiallight_tablet_large
06-25 23:07:20.784 I/DeviceModeUtil( 1389): DeviceModeUtil.getDeviceMode():122 Get device mode tablet_large by ui mode:1 and smallestScreenWidthDp:411
06-25 23:07:20.791 I/DeviceModeUtil( 1389): DeviceModeUtil.getDeviceMode():122 Get device mode tablet_large by ui mode:1 and smallestScreenWidthDp:411
06-25 23:07:20.793 I/KeyboardModeManager( 1389): KeyboardModeManager.setInputView():364 setInputView() : supportsOneHandedMode=true
06-25 23:07:20.793 I/NormalModeController( 1389): NormalModeController.getKeyboardBodyViewHolderPaddingBottom():116 currentPrimeKeyboardType:SOFT systemPaddingBottom:-1
06-25 23:07:20.798 I/AndroidIME( 1389): KeyboardViewManager.updateKeyboardBodyViewHolderPaddingBottom():604 Set finalPaddingBottom = 0 while keyboardBottomGapFromScreen = 0; navigationHeight = 0
06-25 23:07:20.804 I/NormalModeController( 1389): NormalModeController.getKeyboardBodyViewHolderPaddingBottom():116 currentPrimeKeyboardType:SOFT systemPaddingBottom:-1
06-25 23:07:20.814 I/AndroidIME( 1389): KeyboardViewManager.updateKeyboardBodyViewHolderPaddingBottom():604 Set finalPaddingBottom = 0 while keyboardBottomGapFromScreen = 0; navigationHeight = 0
06-25 23:07:20.815 I/KeyboardModeManager( 1389): KeyboardModeManager.setInputView():356 setInputView() : entry=hwn{languageTag=en-US, variant=qwerty, hasLocalizedResources=true, conditionCacheKey=_device=tablet_device_size=large_enable_adaptive_text_editing=true_enable_inline_suggestions_on_client_side=false_enable_large_tablet_batch_1=false_enable_large_tablet_batch_2=false_enable_more_candidates_view_for_multilingual=false_enable_nav_redesign=false_enable_number_row=false_enable_preemptive_decode=true_enable_secondary_symbols=false_expressions=normal_four_or_more_letter_rows=false_keyboard_mode=normal_language=en-US_orientation=portrait_physical_keyboard=qwerty_show_secondary_digits=true_show_suggestions=true_split_with_duplicate_keys=true_variant=qwerty, imeDef.stringId=ime_english_united_states, imeDef.className=com.google.android.apps.inputmethod.libs.latin5.LatinIme, imeDef.languageTag=en-US}
06-25 23:07:20.827 I/VoiceImeExtension( 1389): VoiceImeExtension.shouldStartVoiceInputAutomatically():383 No private IME option set to start voice input.
06-25 23:07:20.830 I/KeyboardWrapper( 1389): KeyboardWrapper.consumeEvent():275 Skip consuming an event as current keyboard is deactivated (state=1, keyboard existence=false)
06-25 23:07:20.831 I/GoogleInputMethodService( 1389): GoogleInputMethodService.onFinishInputView():2241 
06-25 23:07:20.832 W/TooltipLifecycleManager( 1389): TooltipLifecycleManager.dismissTooltips():159 Tooltip with id spell_check_add_to_dictionary not found in tooltipManager.
06-25 23:07:20.835 I/AndroidIME( 1389): AbstractIme.onDeactivate():207 PasswordIme.onDeactivate()
06-25 23:07:20.854 I/resolv  (  358): GetAddrInfoHandler::run: {101 101 101 983141 10221 0}
06-25 23:07:20.861 D/EGL_emulation( 1389): app_time_stats: avg=2957.04ms min=6.59ms max=25924.98ms count=9
06-25 23:07:20.867 D/ActivityManager(  544): sync unfroze 1658 com.google.android.gms for 6
06-25 23:07:20.875 I/resolv  (  358): res_nmkquery: (QUERY, IN, AAAA)
06-25 23:07:20.875 I/resolv  (  358): res_stats_usable_server: too many resolution errors, ignoring server
06-25 23:07:20.880 I/resolv  (  358): res_nmkquery: (QUERY, IN, A)
06-25 23:07:20.884 I/resolv  (  358): res_stats_usable_server: too many resolution errors, ignoring server
06-25 23:07:20.888 D/BoundBrokerSvc( 1658): onBind: Intent { act=com.google.firebase.dynamiclinks.service.START pkg=com.google.android.gms }
06-25 23:07:20.888 D/BoundBrokerSvc( 1658): Loading bound service for intent: Intent { act=com.google.firebase.dynamiclinks.service.START pkg=com.google.android.gms }
06-25 23:07:20.978 D/BoundBrokerSvc( 1658): onBind: Intent { act=com.google.android.gms.common.BIND_SHARED_PREFS pkg=com.google.android.gms }
06-25 23:07:20.978 D/BoundBrokerSvc( 1658): Loading bound service for intent: Intent { act=com.google.android.gms.common.BIND_SHARED_PREFS pkg=com.google.android.gms }
06-25 23:07:21.001 D/BoundBrokerSvc( 1658): onUnbind: Intent { act=com.google.android.gms.common.BIND_SHARED_PREFS pkg=com.google.android.gms }
06-25 23:07:21.040 D/BoundBrokerSvc( 1658): onBind: Intent { act=com.google.android.gms.common.BIND_SHARED_PREFS pkg=com.google.android.gms }
06-25 23:07:21.040 D/BoundBrokerSvc( 1658): Loading bound service for intent: Intent { act=com.google.android.gms.common.BIND_SHARED_PREFS pkg=com.google.android.gms }
06-25 23:07:21.091 D/BoundBrokerSvc( 1658): onUnbind: Intent { act=com.google.android.gms.common.BIND_SHARED_PREFS pkg=com.google.android.gms }
06-25 23:07:21.209 D/AF::Track(  418): interceptBuffer: took 1499us to intercept 0 tracks
06-25 23:07:21.259 I/ImeTracker(10059): com.donizetiferr.expertnabiblia:1f5baf5f: onRequestHide at ORIGIN_CLIENT_HIDE_SOFT_INPUT reason HIDE_SOFT_INPUT_BY_INSETS_API
06-25 23:07:21.263 I/ImeTracker(  544): com.donizetiferr.expertnabiblia:1f5baf5f: onCancelled at PHASE_SERVER_SHOULD_HIDE
06-25 23:07:21.265 I/ImeTracker(10059): com.donizetiferr.expertnabiblia:34d34d29: onHidden
06-25 23:07:21.271 I/resolv  (  358): res_nsend: used send_dg 85 terrno: 0
06-25 23:07:21.272 I/resolv  (  358): doQuery: rcode=0, ancount=3, return value=85
06-25 23:07:21.273 I/resolv  (  358): res_nsend: used send_dg 124 terrno: 0
06-25 23:07:21.273 I/resolv  (  358): doQuery: rcode=0, ancount=1, return value=124
06-25 23:07:21.283 D/TrafficStats(10059): tagSocket(118) with statsTag=0xffffffff, statsUid=-1
06-25 23:07:21.336 W/BpBinder(10394): Linking to death on android.gui.ISurfaceComposer but there are no threads (yet?) listening to incoming transactions. See ProcessState::startThreadPool and ProcessState::setThreadPoolMaxThreadCount. Generally you should setup the binder threadpool before other initialization steps.
06-25 23:07:21.341 W/ProcessState(10394): Extra binder thread started, but 0 threads requested. Do not use *startThreadPool when zero threads are requested.
06-25 23:07:21.341 D/AudioFlinger(  418): mixer(0x7eac95bc9930) throttle end: throttle time(1)
06-25 23:07:21.356 I/servicemanager(    0): Could not find android.hardware.graphics.allocator.IAllocator/default in the VINTF manifest.
06-25 23:07:21.390 I/hwservicemanager(  158): getTransport: Cannot find entry android.hardware.graphics.mapper@4.0::IMapper/default in either framework or device VINTF manifest.
06-25 23:07:21.391 I/Gralloc4(10394): mapper 4.x is not supported
06-25 23:07:21.403 W/FrameTracker(10059): Missed SF frame:UNKNOWN: 80, 2989791, 0, CUJ=J<IME_INSETS_ANIMATION::1@0@com.donizetiferr.expertnabiblia>
06-25 23:07:21.403 W/FrameTracker(10059): Missed SF frame:PREDICTION_ERROR, 2989828, 0, CUJ=J<IME_INSETS_ANIMATION::1@0@com.donizetiferr.expertnabiblia>
06-25 23:07:21.403 W/FrameTracker(10059): Missed SF frame:PREDICTION_ERROR, 2989843, 0, CUJ=J<IME_INSETS_ANIMATION::1@0@com.donizetiferr.expertnabiblia>
06-25 23:07:21.404 W/FrameTracker(10059): Missed SF frame:PREDICTION_ERROR, 2989872, 0, CUJ=J<IME_INSETS_ANIMATION::1@0@com.donizetiferr.expertnabiblia>
06-25 23:07:21.404 W/FrameTracker(10059): Missed SF frame:PREDICTION_ERROR, 2989916, 0, CUJ=J<IME_INSETS_ANIMATION::1@0@com.donizetiferr.expertnabiblia>
06-25 23:07:21.406 W/FrameTracker(10059): Missed SF frame:PREDICTION_ERROR, 2989938, 0, CUJ=J<IME_INSETS_ANIMATION::1@0@com.donizetiferr.expertnabiblia>
06-25 23:07:21.406 W/FrameTracker(10059): Missed SF frame:PREDICTION_ERROR, 2989996, 0, CUJ=J<IME_INSETS_ANIMATION::1@0@com.donizetiferr.expertnabiblia>
06-25 23:07:21.406 W/FrameTracker(10059): Missed SF frame:PREDICTION_ERROR, 2990004, 0, CUJ=J<IME_INSETS_ANIMATION::1@0@com.donizetiferr.expertnabiblia>
06-25 23:07:21.406 W/FrameTracker(10059): Missed SF frame:JANK_SURFACEFLINGER_DEADLINE_MISSED, 2990019, 0, CUJ=J<IME_INSETS_ANIMATION::1@0@com.donizetiferr.expertnabiblia>
06-25 23:07:21.406 W/FrameTracker(10059): Missed SF frame:PREDICTION_ERROR, 2990034, 0, CUJ=J<IME_INSETS_ANIMATION::1@0@com.donizetiferr.expertnabiblia>
06-25 23:07:21.412 V/PerfettoTrigger(10059): Not triggering com.android.telemetry.interaction-jank-monitor-69 - not enough time since last trigger
06-25 23:07:21.567 D/EGL_emulation(10059): app_time_stats: avg=33.65ms min=15.87ms max=172.31ms count=28
06-25 23:07:21.602 D/BufferPoolAccessor2.0(10059): bufferpool2 0x72b009068af8 : 5(40960 size) total buffers - 1(8192 size) used buffers - 12746/12752 (recycle/alloc) - 28/25378 (fetch/transfer)
06-25 23:07:21.613 D/AF::Track(  418): interceptBuffer: took 799us to intercept 0 tracks
06-25 23:07:21.746 D/BufferPoolAccessor2.0(  484): bufferpool2 0x78aab4613ea8 : 5(20548 size) total buffers - 1(4608 size) used buffers - 12702/12711 (recycle/alloc) - 67/12710 (fetch/transfer)
06-25 23:07:22.215 W/BpBinder(10399): Linking to death on android.gui.ISurfaceComposer but there are no threads (yet?) listening to incoming transactions. See ProcessState::startThreadPool and ProcessState::setThreadPoolMaxThreadCount. Generally you should setup the binder threadpool before other initialization steps.
06-25 23:07:22.217 W/ProcessState(10399): Extra binder thread started, but 0 threads requested. Do not use *startThreadPool when zero threads are requested.
06-25 23:07:22.241 I/hwservicemanager(  158): getTransport: Cannot find entry android.hardware.graphics.mapper@4.0::IMapper/default in either framework or device VINTF manifest.
06-25 23:07:22.241 I/Gralloc4(10399): mapper 4.x is not supported
06-25 23:07:22.220 I/servicemanager(    0): Could not find android.hardware.graphics.allocator.IAllocator/default in the VINTF manifest.
06-25 23:07:22.569 D/EGL_emulation(10059): app_time_stats: avg=19.48ms min=8.23ms max=32.36ms count=45
06-25 23:07:22.839 D/AF::Track(  418): interceptBuffer: took 858us to intercept 0 tracks
06-25 23:07:23.282 W/BpBinder(10405): Linking to death on android.gui.ISurfaceComposer but there are no threads (yet?) listening to incoming transactions. See ProcessState::startThreadPool and ProcessState::setThreadPoolMaxThreadCount. Generally you should setup the binder threadpool before other initialization steps.
06-25 23:07:23.284 W/ProcessState(10405): Extra binder thread started, but 0 threads requested. Do not use *startThreadPool when zero threads are requested.
06-25 23:07:23.305 I/hwservicemanager(  158): getTransport: Cannot find entry android.hardware.graphics.mapper@4.0::IMapper/default in either framework or device VINTF manifest.
06-25 23:07:23.285 I/servicemanager(    0): Could not find android.hardware.graphics.allocator.IAllocator/default in the VINTF manifest.
06-25 23:07:23.307 I/Gralloc4(10405): mapper 4.x is not supported
06-25 23:07:23.541 D/AF::Track(  418): interceptBuffer: took 777us to intercept 0 tracks
06-25 23:07:23.580 D/EGL_emulation(10059): app_time_stats: avg=17.80ms min=12.64ms max=34.28ms count=50
06-25 23:07:23.618 D/StatusBarIconController(  749): ignoring old pipeline callbacks, because the new mobile icons are enabled
06-25 23:07:23.682 D/EGL_emulation(  749): app_time_stats: avg=23627.75ms min=23627.75ms max=23627.75ms count=1
06-25 23:07:23.854 I/.expertnabiblia(10059): Background concurrent copying GC freed 188621(7071KB) AllocSpace objects, 24(1248KB) LOS objects, 49% free, 12MB/25MB, paused 804us,114us total 165.208ms
06-25 23:07:24.179 W/BpBinder(10416): Linking to death on android.gui.ISurfaceComposer but there are no threads (yet?) listening to incoming transactions. See ProcessState::startThreadPool and ProcessState::setThreadPoolMaxThreadCount. Generally you should setup the binder threadpool before other initialization steps.
06-25 23:07:24.189 W/ProcessState(10416): Extra binder thread started, but 0 threads requested. Do not use *startThreadPool when zero threads are requested.
06-25 23:07:24.196 I/servicemanager(    0): Could not find android.hardware.graphics.allocator.IAllocator/default in the VINTF manifest.
06-25 23:07:24.219 I/hwservicemanager(  158): getTransport: Cannot find entry android.hardware.graphics.mapper@4.0::IMapper/default in either framework or device VINTF manifest.
06-25 23:07:24.222 I/Gralloc4(10416): mapper 4.x is not supported
06-25 23:07:24.311 D/AF::Track(  418): interceptBuffer: took 509us to intercept 0 tracks
06-25 23:07:24.593 D/EGL_emulation(10059): app_time_stats: avg=17.06ms min=10.89ms max=25.50ms count=50
06-25 23:07:25.048 W/BpBinder(10420): Linking to death on android.gui.ISurfaceComposer but there are no threads (yet?) listening to incoming transactions. See ProcessState::startThreadPool and ProcessState::setThreadPoolMaxThreadCount. Generally you should setup the binder threadpool before other initialization steps.
06-25 23:07:25.050 W/ProcessState(10420): Extra binder thread started, but 0 threads requested. Do not use *startThreadPool when zero threads are requested.
06-25 23:07:25.052 I/servicemanager(    0): Could not find android.hardware.graphics.allocator.IAllocator/default in the VINTF manifest.
06-25 23:07:25.074 I/hwservicemanager(  158): getTransport: Cannot find entry android.hardware.graphics.mapper@4.0::IMapper/default in either framework or device VINTF manifest.
06-25 23:07:25.074 I/Gralloc4(10420): mapper 4.x is not supported
06-25 23:07:25.607 D/EGL_emulation(10059): app_time_stats: avg=16.99ms min=11.77ms max=27.63ms count=52
06-25 23:07:25.960 W/BpBinder(10425): Linking to death on android.gui.ISurfaceComposer but there are no threads (yet?) listening to incoming transactions. See ProcessState::startThreadPool and ProcessState::setThreadPoolMaxThreadCount. Generally you should setup the binder threadpool before other initialization steps.
06-25 23:07:25.960 W/ProcessState(10425): Extra binder thread started, but 0 threads requested. Do not use *startThreadPool when zero threads are requested.
06-25 23:07:26.000 I/hwservicemanager(  158): getTransport: Cannot find entry android.hardware.graphics.mapper@4.0::IMapper/default in either framework or device VINTF manifest.
06-25 23:07:25.978 I/servicemanager(    0): Could not find android.hardware.graphics.allocator.IAllocator/default in the VINTF manifest.
06-25 23:07:26.003 I/Gralloc4(10425): mapper 4.x is not supported
06-25 23:07:26.611 D/EGL_emulation(10059): app_time_stats: avg=17.37ms min=12.27ms max=28.25ms count=51
06-25 23:07:26.855 D/ActivityManager(  544): sync unfroze 2094 com.android.keychain for 10
06-25 23:07:26.859 D/ActivityManager(  544): sync unfroze 8088 com.android.settings for 10
06-25 23:07:26.891 W/BpBinder(10429): Linking to death on android.gui.ISurfaceComposer but there are no threads (yet?) listening to incoming transactions. See ProcessState::startThreadPool and ProcessState::setThreadPoolMaxThreadCount. Generally you should setup the binder threadpool before other initialization steps.
06-25 23:07:26.894 W/ProcessState(10429): Extra binder thread started, but 0 threads requested. Do not use *startThreadPool when zero threads are requested.
06-25 23:07:26.896 D/AF::Track(  418): interceptBuffer: took 552us to intercept 0 tracks
06-25 23:07:26.903 D/BufferPoolAccessor2.0(10059): bufferpool2 0x72b009068af8 : 5(40960 size) total buffers - 4(32768 size) used buffers - 12951/12957 (recycle/alloc) - 28/25783 (fetch/transfer)
06-25 23:07:26.911 D/BufferPoolAccessor2.0(  484): bufferpool2 0x78aab4613ea8 : 5(20548 size) total buffers - 1(4608 size) used buffers - 12900/12909 (recycle/alloc) - 68/12908 (fetch/transfer)
06-25 23:07:26.917 I/servicemanager(    0): Could not find android.hardware.graphics.allocator.IAllocator/default in the VINTF manifest.
06-25 23:07:26.939 I/hwservicemanager(  158): getTransport: Cannot find entry android.hardware.graphics.mapper@4.0::IMapper/default in either framework or device VINTF manifest.
06-25 23:07:26.947 I/Gralloc4(10429): mapper 4.x is not supported
06-25 23:07:26.975 I/wpa_supplicant( 3589): wlan0: CTRL-EVENT-BEACON-LOSS 
06-25 23:07:27.058 D/AF::Track(  418): interceptBuffer: took 762us to intercept 0 tracks
06-25 23:07:27.239 D/AF::Track(  418): interceptBuffer: took 630us to intercept 0 tracks
06-25 23:07:27.372 D/AF::Track(  418): interceptBuffer: took 1226us to intercept 0 tracks
06-25 23:07:27.619 D/EGL_emulation(10059): app_time_stats: avg=18.29ms min=10.62ms max=29.14ms count=47
06-25 23:07:27.925 W/BpBinder(10433): Linking to death on android.gui.ISurfaceComposer but there are no threads (yet?) listening to incoming transactions. See ProcessState::startThreadPool and ProcessState::setThreadPoolMaxThreadCount. Generally you should setup the binder threadpool before other initialization steps.
06-25 23:07:27.928 W/ProcessState(10433): Extra binder thread started, but 0 threads requested. Do not use *startThreadPool when zero threads are requested.
06-25 23:07:27.955 I/hwservicemanager(  158): getTransport: Cannot find entry android.hardware.graphics.mapper@4.0::IMapper/default in either framework or device VINTF manifest.
06-25 23:07:27.933 I/servicemanager(    0): Could not find android.hardware.graphics.allocator.IAllocator/default in the VINTF manifest.
06-25 23:07:27.956 I/Gralloc4(10433): mapper 4.x is not supported
06-25 23:07:28.142 D/AF::Track(  418): interceptBuffer: took 1064us to intercept 0 tracks
06-25 23:07:28.634 D/EGL_emulation(10059): app_time_stats: avg=17.08ms min=7.46ms max=26.30ms count=52
06-25 23:07:28.853 W/BpBinder(10437): Linking to death on android.gui.ISurfaceComposer but there are no threads (yet?) listening to incoming transactions. See ProcessState::startThreadPool and ProcessState::setThreadPoolMaxThreadCount. Generally you should setup the binder threadpool before other initialization steps.
06-25 23:07:28.854 W/ProcessState(10437): Extra binder thread started, but 0 threads requested. Do not use *startThreadPool when zero threads are requested.
06-25 23:07:28.858 I/servicemanager(    0): Could not find android.hardware.graphics.allocator.IAllocator/default in the VINTF manifest.
06-25 23:07:28.878 I/hwservicemanager(  158): getTransport: Cannot find entry android.hardware.graphics.mapper@4.0::IMapper/default in either framework or device VINTF manifest.
06-25 23:07:28.879 I/Gralloc4(10437): mapper 4.x is not supported
06-25 23:07:29.635 D/EGL_emulation(10059): app_time_stats: avg=15.61ms min=3.75ms max=24.99ms count=54
06-25 23:07:29.920 W/BpBinder(10441): Linking to death on android.gui.ISurfaceComposer but there are no threads (yet?) listening to incoming transactions. See ProcessState::startThreadPool and ProcessState::setThreadPoolMaxThreadCount. Generally you should setup the binder threadpool before other initialization steps.
06-25 23:07:29.924 W/ProcessState(10441): Extra binder thread started, but 0 threads requested. Do not use *startThreadPool when zero threads are requested.
06-25 23:07:29.951 I/hwservicemanager(  158): getTransport: Cannot find entry android.hardware.graphics.mapper@4.0::IMapper/default in either framework or device VINTF manifest.
06-25 23:07:29.952 I/Gralloc4(10441): mapper 4.x is not supported
06-25 23:07:29.930 I/servicemanager(    0): Could not find android.hardware.graphics.allocator.IAllocator/default in the VINTF manifest.
06-25 23:07:29.957 D/StatusBarIconController(  749): ignoring old pipeline callback because the new wifi icon is enabled
06-25 23:07:30.636 D/EGL_emulation(10059): app_time_stats: avg=19.11ms min=6.18ms max=30.19ms count=46
06-25 23:07:30.795 W/BpBinder(10445): Linking to death on android.gui.ISurfaceComposer but there are no threads (yet?) listening to incoming transactions. See ProcessState::startThreadPool and ProcessState::setThreadPoolMaxThreadCount. Generally you should setup the binder threadpool before other initialization steps.
06-25 23:07:30.797 W/ProcessState(10445): Extra binder thread started, but 0 threads requested. Do not use *startThreadPool when zero threads are requested.
06-25 23:07:30.801 I/servicemanager(    0): Could not find android.hardware.graphics.allocator.IAllocator/default in the VINTF manifest.
06-25 23:07:30.826 I/hwservicemanager(  158): getTransport: Cannot find entry android.hardware.graphics.mapper@4.0::IMapper/default in either framework or device VINTF manifest.
06-25 23:07:30.826 I/Gralloc4(10445): mapper 4.x is not supported
06-25 23:07:30.851 D/MediaCodec(10059): keep callback message for reclaim
06-25 23:07:30.856 I/CCodecConfig(10059): query failed after returning 7 values (BAD_INDEX)
06-25 23:07:30.872 W/Codec2Client(10059): query -- param skipped: index = 1342179345.
06-25 23:07:30.873 W/Codec2Client(10059): query -- param skipped: index = 2415921170.
06-25 23:07:30.943 I/ProtoXDBBufferWrapper( 1389): ProtoXDBBufferWrapper.flushToStorage():153 Flushed 6 data item(s) to storage.
06-25 23:07:31.542 D/AF::Track(  418): interceptBuffer: took 648us to intercept 0 tracks
06-25 23:07:31.637 D/EGL_emulation(10059): app_time_stats: avg=18.97ms min=12.01ms max=27.69ms count=48
06-25 23:07:31.745 W/BpBinder(10449): Linking to death on android.gui.ISurfaceComposer but there are no threads (yet?) listening to incoming transactions. See ProcessState::startThreadPool and ProcessState::setThreadPoolMaxThreadCount. Generally you should setup the binder threadpool before other initialization steps.
06-25 23:07:31.746 W/ProcessState(10449): Extra binder thread started, but 0 threads requested. Do not use *startThreadPool when zero threads are requested.
06-25 23:07:31.772 I/hwservicemanager(  158): getTransport: Cannot find entry android.hardware.graphics.mapper@4.0::IMapper/default in either framework or device VINTF manifest.
06-25 23:07:31.750 I/servicemanager(    0): Could not find android.hardware.graphics.allocator.IAllocator/default in the VINTF manifest.
06-25 23:07:31.778 I/Gralloc4(10449): mapper 4.x is not supported
