06-25 23:09:53.599 D/StatusBarIconController(  749): ignoring old pipeline callbacks, because the new mobile icons are enabled
06-25 23:09:54.202 D/EGL_emulation(10059): app_time_stats: avg=15.46ms min=10.44ms max=21.13ms count=56
06-25 23:09:54.239 D/BufferPoolAccessor2.0(10059): bufferpool2 0x72b009068af8 : 5(40960 size) total buffers - 1(8192 size) used buffers - 18632/18643 (recycle/alloc) - 41/37091 (fetch/transfer)
06-25 23:09:54.685 D/StatusBarIconController(  749): ignoring old pipeline callback because the new wifi icon is enabled
06-25 23:09:55.206 D/EGL_emulation(10059): app_time_stats: avg=14.63ms min=10.47ms max=23.07ms count=56
06-25 23:09:55.921 D/BufferPoolAccessor2.0(  484): bufferpool2 0x78aab4613ea8 : 5(20548 size) total buffers - 1(4608 size) used buffers - 18619/18632 (recycle/alloc) - 98/18631 (fetch/transfer)
06-25 23:09:56.218 D/EGL_emulation(10059): app_time_stats: avg=16.15ms min=11.29ms max=26.03ms count=52
06-25 23:09:57.236 D/EGL_emulation(10059): app_time_stats: avg=15.48ms min=11.44ms max=23.86ms count=56
06-25 23:09:57.673 D/AF::Track(  418): interceptBuffer: took 880us to intercept 0 tracks
06-25 23:09:57.695 D/StatusBarIconController(  749): ignoring old pipeline callback because the new wifi icon is enabled
06-25 23:09:58.242 D/EGL_emulation(10059): app_time_stats: avg=14.50ms min=11.01ms max=19.92ms count=58
06-25 23:09:59.034 D/AF::Track(  418): interceptBuffer: took 516us to intercept 0 tracks
06-25 23:09:59.034 I/wpa_supplicant( 3589): wlan0: CTRL-EVENT-BEACON-LOSS 
06-25 23:09:59.257 D/EGL_emulation(10059): app_time_stats: avg=15.77ms min=10.53ms max=24.73ms count=54
06-25 23:09:59.261 D/AF::Track(  418): interceptBuffer: took 562us to intercept 0 tracks
06-25 23:09:59.603 D/AF::Track(  418): interceptBuffer: took 736us to intercept 0 tracks
06-25 23:09:59.659 D/BufferPoolAccessor2.0(10059): bufferpool2 0x72b009068af8 : 5(40960 size) total buffers - 3(24576 size) used buffers - 18840/18851 (recycle/alloc) - 41/37503 (fetch/transfer)
06-25 23:10:00.008 I/AiAiEcho( 1482): Predicting[0]: 
06-25 23:10:00.021 I/AiAiEcho( 1482): EchoTargets: 
06-25 23:10:00.021 I/AiAiEcho( 1482): Filtered by AiAi flag check: 
06-25 23:10:00.023 I/AiAiEcho( 1482): Ranked targets strategy: SORT, count: 0, ranking metadata: 
06-25 23:10:00.046 I/AiAiEcho( 1482): #postPredictionTargets: Sending updates to UISurface lockscreen with targets# 0 (types=[])
06-25 23:10:00.069 W/PageIndicator(  749): Total number of pages invalid: 0. Assuming 1 page.
06-25 23:10:00.076 D/EGL_emulation(  749): app_time_stats: avg=16432.67ms min=16432.67ms max=16432.67ms count=1
06-25 23:10:00.078 D/AF::Track(  418): interceptBuffer: took 576us to intercept 0 tracks
06-25 23:10:00.266 D/EGL_emulation(10059): app_time_stats: avg=17.48ms min=11.77ms max=31.24ms count=49
06-25 23:10:00.374 D/AF::Track(  418): interceptBuffer: took 1869us to intercept 0 tracks
06-25 23:10:00.721 D/StatusBarIconController(  749): ignoring old pipeline callback because the new wifi icon is enabled
06-25 23:10:01.276 D/EGL_emulation(10059): app_time_stats: avg=29.09ms min=19.62ms max=43.95ms count=31
06-25 23:10:01.450 D/BufferPoolAccessor2.0(  484): bufferpool2 0x78aab4613ea8 : 5(20548 size) total buffers - 1(4608 size) used buffers - 18830/18843 (recycle/alloc) - 98/18842 (fetch/transfer)
06-25 23:10:01.533 D/ActivityManager(  544): sync unfroze 8349 com.google.android.partnersetup for 6
06-25 23:10:01.551 D/AF::Track(  418): interceptBuffer: took 799us to intercept 0 tracks
06-25 23:10:01.587 W/system_server(  544): Long monitor contention with owner appscheduling.default (619) at boolean com.android.server.job.JobServiceContext.executeRunnableJob(com.android.server.job.controllers.JobStatus, int)(JobServiceContext.java:549) waiters=0 in void com.android.server.job.JobServiceContext.onServiceConnected(android.content.ComponentName, android.os.IBinder) for 155ms
06-25 23:10:01.596 W/system_server(  544): Weak pointer dereference blocked for 13 milliseconds.
06-25 23:10:01.601 D/AF::Track(  418): interceptBuffer: took 582us to intercept 0 tracks
06-25 23:10:01.624 W/Looper  (  544): Slow dispatch took 192ms main h=android.app.ActivityThread$H c=android.app.LoadedApk$ServiceDispatcher$RunConnection@8ca2d95 m=0
06-25 23:10:01.673 W/vold    (  171): There is no valid blk device path for data partition
06-25 23:10:01.703 W/StorageManagerService(  544): Failed to get storage write record
06-25 23:10:01.694 I/id.partnersetup( 8349): Background concurrent copying GC freed 2945(266KB) AllocSpace objects, 6(184KB) LOS objects, 49% free, 2083KB/4166KB, paused 50.486ms,757us total 158.283ms
06-25 23:10:01.703 I/SmartStorageMaintIdler(  544): Got smart storage maintenance service completion callback
06-25 23:10:01.703 W/id.partnersetup( 8349): Reducing the number of considered missed Gc histogram windows from 364 to 100
06-25 23:10:01.752 W/JobScheduler(  544): Job didn't exist in JobStore: 30a4dd6 #1000/2808 android/com.android.server.SmartStorageMaintIdler
06-25 23:10:01.774 V/NFC     ( 1259): this device does not have NFC support
06-25 23:10:01.777 I/system_server(  544): Background young concurrent copying GC freed 538449(22MB) AllocSpace objects, 150(3484KB) LOS objects, 46% free, 27MB/51MB, paused 1.293ms,6.201ms total 384.278ms
06-25 23:10:01.781 W/TapAndPay( 1259): NfcAdapter is null while obtaining CardEmulation instance. [CONTEXT service_id=79 ]
06-25 23:10:01.781 W/TapAndPay( 1259): java.lang.NullPointerException: NfcAdapter is null
06-25 23:10:01.781 W/TapAndPay( 1259): 	at android.nfc.cardemulation.CardEmulation.getInstance(CardEmulation.java:152)
06-25 23:10:01.781 W/TapAndPay( 1259): 	at cdoy.<init>(:com.google.android.gms@231818047@23.18.18 (190800-535401451):0)
06-25 23:10:01.781 W/TapAndPay( 1259): 	at com.google.android.gms.tapandpay.hce.task.TapAndPayAidRegistrationTaskOperation.a(:com.google.android.gms@231818047@23.18.18 (190800-535401451):5)
06-25 23:10:01.781 W/TapAndPay( 1259): 	at com.google.android.gms.tapandpay.gcmtask.TapAndPayGcmTaskChimeraService.a(:com.google.android.gms@231818047@23.18.18 (190800-535401451):4)
06-25 23:10:01.781 W/TapAndPay( 1259): 	at avzs.call(:com.google.android.gms@231818047@23.18.18 (190800-535401451):4)
06-25 23:10:01.781 W/TapAndPay( 1259): 	at java.util.concurrent.FutureTask.run(FutureTask.java:264)
06-25 23:10:01.781 W/TapAndPay( 1259): 	at aced.c(:com.google.android.gms@231818047@23.18.18 (190800-535401451):6)
06-25 23:10:01.781 W/TapAndPay( 1259): 	at aced.run(:com.google.android.gms@231818047@23.18.18 (190800-535401451):7)
06-25 23:10:01.781 W/TapAndPay( 1259): 	at java.util.concurrent.ThreadPoolExecutor.runWorker(ThreadPoolExecutor.java:1145)
06-25 23:10:01.781 W/TapAndPay( 1259): 	at java.util.concurrent.ThreadPoolExecutor$Worker.run(ThreadPoolExecutor.java:644)
06-25 23:10:01.781 W/TapAndPay( 1259): 	at acjn.run(:com.google.android.gms@231818047@23.18.18 (190800-535401451):0)
06-25 23:10:01.781 W/TapAndPay( 1259): 	at java.lang.Thread.run(Thread.java:1012)
06-25 23:10:01.804 I/NetworkScheduler.Stats( 1259): Task com.google.android.gms/com.google.android.gms.tapandpay.gcmtask.TapAndPayGcmTaskService started execution. cause:4 exec_start_elapsed_seconds: 7883 [CONTEXT service_id=218 ]
06-25 23:10:01.826 W/JobScheduler(  544): Job didn't exist in JobStore: 469a1ee #u0a124/4096 com.google.android.partnersetup/.InstalledAppJobService
06-25 23:10:01.911 I/NetworkScheduler.Stats( 1259): Task com.google.android.gms/com.google.android.gms.tapandpay.gcmtask.TapAndPayGcmTaskService finished executing. cause:4 result: 3 elapsed_millis: 427 uptime_millis: 427 exec_start_elapsed_seconds: 7883 [CONTEXT service_id=218 ]
06-25 23:10:02.231 D/AF::Track(  418): interceptBuffer: took 849us to intercept 0 tracks
06-25 23:10:02.287 D/EGL_emulation(10059): app_time_stats: avg=38.42ms min=20.93ms max=81.46ms count=25
06-25 23:10:03.294 D/EGL_emulation(10059): app_time_stats: avg=23.33ms min=17.40ms max=34.86ms count=39
06-25 23:10:03.610 D/StatusBarIconController(  749): ignoring old pipeline callbacks, because the new mobile icons are enabled
06-25 23:10:03.736 D/StatusBarIconController(  749): ignoring old pipeline callback because the new wifi icon is enabled
06-25 23:10:04.311 D/EGL_emulation(10059): app_time_stats: avg=18.71ms min=12.95ms max=27.10ms count=47
06-25 23:10:04.879 D/BufferPoolAccessor2.0(10059): bufferpool2 0x72b009068af8 : 5(40960 size) total buffers - 4(32768 size) used buffers - 19040/19051 (recycle/alloc) - 42/37901 (fetch/transfer)
06-25 23:10:05.327 D/EGL_emulation(10059): app_time_stats: avg=20.52ms min=15.33ms max=29.52ms count=44
06-25 23:10:05.406 D/AF::Track(  418): interceptBuffer: took 1475us to intercept 0 tracks
06-25 23:10:06.335 D/EGL_emulation(10059): app_time_stats: avg=17.57ms min=11.52ms max=25.14ms count=49
06-25 23:10:06.624 D/BufferPoolAccessor2.0(  484): bufferpool2 0x78aab4613ea8 : 5(20548 size) total buffers - 1(4608 size) used buffers - 19029/19042 (recycle/alloc) - 99/19041 (fetch/transfer)
06-25 23:10:06.976 I/wpa_supplicant( 3589): wlan0: CTRL-EVENT-BEACON-LOSS 
06-25 23:10:07.348 D/EGL_emulation(10059): app_time_stats: avg=17.55ms min=13.01ms max=23.97ms count=49
06-25 23:10:08.172 D/AF::Track(  418): interceptBuffer: took 736us to intercept 0 tracks
06-25 23:10:08.364 D/EGL_emulation(10059): app_time_stats: avg=17.30ms min=12.90ms max=32.29ms count=49
06-25 23:10:09.378 D/EGL_emulation(10059): app_time_stats: avg=16.37ms min=11.65ms max=24.90ms count=52
06-25 23:10:09.770 D/StatusBarIconController(  749): ignoring old pipeline callback because the new wifi icon is enabled
06-25 23:10:09.873 W/CpuMonitorService(  544): Current CPU frequency (3554851) is greater than maximum CPU frequency (2) for policy ID (0). Skipping CPU frequency policy
06-25 23:10:09.875 W/CpuMonitorService(  544): Current CPU frequency (3504397) is greater than maximum CPU frequency (2) for policy ID (1). Skipping CPU frequency policy
06-25 23:10:09.875 W/CpuMonitorService(  544): Current CPU frequency (2934831) is greater than maximum CPU frequency (2) for policy ID (2). Skipping CPU frequency policy
06-25 23:10:09.875 W/CpuMonitorService(  544): Current CPU frequency (3386194) is greater than maximum CPU frequency (2) for policy ID (3). Skipping CPU frequency policy
06-25 23:10:10.202 D/BufferPoolAccessor2.0(10059): bufferpool2 0x72b009068af8 : 5(40960 size) total buffers - 4(32768 size) used buffers - 19244/19255 (recycle/alloc) - 42/38309 (fetch/transfer)
06-25 23:10:10.394 D/EGL_emulation(10059): app_time_stats: avg=17.33ms min=12.11ms max=23.73ms count=50
06-25 23:10:10.854 D/MediaCodec(10059): keep callback message for reclaim
06-25 23:10:10.858 I/CCodecConfig(10059): query failed after returning 7 values (BAD_INDEX)
06-25 23:10:10.868 W/Codec2Client(10059): query -- param skipped: index = 1342179345.
06-25 23:10:10.868 W/Codec2Client(10059): query -- param skipped: index = 2415921170.
06-25 23:10:11.410 D/EGL_emulation(10059): app_time_stats: avg=17.20ms min=12.71ms max=22.40ms count=51
06-25 23:10:11.909 D/ActivityManager(  544): freezing 8349 com.google.android.partnersetup
06-25 23:10:11.914 D/ActivityManager(  544): freezing 1531 com.google.process.gservices
06-25 23:10:11.996 D/BufferPoolAccessor2.0(  484): bufferpool2 0x78aab4613ea8 : 5(20548 size) total buffers - 1(4608 size) used buffers - 19237/19250 (recycle/alloc) - 101/19249 (fetch/transfer)
06-25 23:10:12.411 D/EGL_emulation(10059): app_time_stats: avg=17.18ms min=11.96ms max=23.33ms count=49
06-25 23:10:12.779 D/StatusBarIconController(  749): ignoring old pipeline callback because the new wifi icon is enabled
06-25 23:10:12.863 D/AF::Track(  418): interceptBuffer: took 819us to intercept 0 tracks
06-25 23:10:13.246 D/AF::Track(  418): interceptBuffer: took 1099us to intercept 0 tracks
06-25 23:10:13.419 D/EGL_emulation(10059): app_time_stats: avg=17.30ms min=12.07ms max=26.07ms count=50
06-25 23:10:13.602 D/StatusBarIconController(  749): ignoring old pipeline callbacks, because the new mobile icons are enabled
06-25 23:10:14.132 D/AF::Track(  418): interceptBuffer: took 1725us to intercept 0 tracks
06-25 23:10:14.437 D/EGL_emulation(10059): app_time_stats: avg=16.25ms min=11.84ms max=24.22ms count=52
06-25 23:10:14.833 D/AF::Track(  418): interceptBuffer: took 1333us to intercept 0 tracks
06-25 23:10:15.165 I/wpa_supplicant( 3589): wlan0: CTRL-EVENT-BEACON-LOSS 
06-25 23:10:15.286 D/AF::Track(  418): interceptBuffer: took 1010us to intercept 0 tracks
06-25 23:10:15.439 D/EGL_emulation(10059): app_time_stats: avg=18.70ms min=12.72ms max=26.53ms count=45
06-25 23:10:15.562 D/BufferPoolAccessor2.0(10059): bufferpool2 0x72b009068af8 : 5(40960 size) total buffers - 3(24576 size) used buffers - 19455/19466 (recycle/alloc) - 43/38724 (fetch/transfer)
06-25 23:10:15.793 D/StatusBarIconController(  749): ignoring old pipeline callback because the new wifi icon is enabled
06-25 23:10:16.352 D/AF::Track(  418): interceptBuffer: took 713us to intercept 0 tracks
06-25 23:10:16.443 D/EGL_emulation(10059): app_time_stats: avg=18.51ms min=12.73ms max=33.29ms count=47
06-25 23:10:16.736 D/AF::Track(  418): interceptBuffer: took 572us to intercept 0 tracks
06-25 23:10:17.444 D/EGL_emulation(10059): app_time_stats: avg=17.89ms min=11.05ms max=26.85ms count=50
06-25 23:10:17.471 D/BufferPoolAccessor2.0(  484): bufferpool2 0x78aab4613ea8 : 5(20548 size) total buffers - 1(4608 size) used buffers - 19446/19459 (recycle/alloc) - 101/19458 (fetch/transfer)
06-25 23:10:18.103 D/AF::Track(  418): interceptBuffer: took 2194us to intercept 0 tracks
06-25 23:10:18.123 D/AF::Track(  418): interceptBuffer: took 597us to intercept 0 tracks
06-25 23:10:18.446 D/EGL_emulation(10059): app_time_stats: avg=18.87ms min=12.28ms max=37.29ms count=45
06-25 23:10:18.800 D/StatusBarIconController(  749): ignoring old pipeline callback because the new wifi icon is enabled
06-25 23:10:18.874 D/AF::Track(  418): interceptBuffer: took 1451us to intercept 0 tracks
06-25 23:10:19.234 D/AF::Track(  418): interceptBuffer: took 595us to intercept 0 tracks
06-25 23:10:19.466 D/EGL_emulation(10059): app_time_stats: avg=17.03ms min=12.22ms max=26.97ms count=50
06-25 23:10:20.481 D/EGL_emulation(10059): app_time_stats: avg=16.71ms min=11.46ms max=23.78ms count=50
06-25 23:10:20.747 D/BufferPoolAccessor2.0(10059): bufferpool2 0x72b009068af8 : 5(40960 size) total buffers - 4(32768 size) used buffers - 19653/19664 (recycle/alloc) - 43/39117 (fetch/transfer)
06-25 23:10:20.861 D/AF::Track(  418): interceptBuffer: took 584us to intercept 0 tracks
06-25 23:10:21.505 D/EGL_emulation(10059): app_time_stats: avg=23.53ms min=13.89ms max=46.92ms count=38
06-25 23:10:21.771 D/AF::Track(  418): interceptBuffer: took 1873us to intercept 0 tracks
06-25 23:10:22.523 D/EGL_emulation(10059): app_time_stats: avg=17.50ms min=12.12ms max=27.50ms count=49
06-25 23:10:22.655 D/BufferPoolAccessor2.0(  484): bufferpool2 0x78aab4613ea8 : 5(20548 size) total buffers - 1(4608 size) used buffers - 19645/19658 (recycle/alloc) - 101/19657 (fetch/transfer)
06-25 23:10:23.100 I/wpa_supplicant( 3589): wlan0: CTRL-EVENT-BEACON-LOSS 
06-25 23:10:23.539 D/AF::Track(  418): interceptBuffer: took 513us to intercept 0 tracks
06-25 23:10:23.543 D/EGL_emulation(10059): app_time_stats: avg=14.74ms min=9.64ms max=23.04ms count=57
06-25 23:10:23.618 D/StatusBarIconController(  749): ignoring old pipeline callbacks, because the new mobile icons are enabled
06-25 23:10:23.624 D/EGL_emulation(  749): app_time_stats: avg=23547.16ms min=23547.16ms max=23547.16ms count=1
06-25 23:10:24.284 D/AF::Track(  418): interceptBuffer: took 791us to intercept 0 tracks
06-25 23:10:24.552 D/EGL_emulation(10059): app_time_stats: avg=14.73ms min=11.13ms max=23.33ms count=56
06-25 23:10:24.815 D/StatusBarIconController(  749): ignoring old pipeline callback because the new wifi icon is enabled
06-25 23:10:25.553 D/EGL_emulation(10059): app_time_stats: avg=14.55ms min=10.68ms max=18.49ms count=58
06-25 23:10:26.083 D/BufferPoolAccessor2.0(10059): bufferpool2 0x72b009068af8 : 5(40960 size) total buffers - 1(8192 size) used buffers - 19856/19867 (recycle/alloc) - 43/39528 (fetch/transfer)
06-25 23:10:26.553 D/EGL_emulation(10059): app_time_stats: avg=17.88ms min=12.71ms max=29.26ms count=49
06-25 23:10:27.050 D/AF::Track(  418): interceptBuffer: took 1455us to intercept 0 tracks
06-25 23:10:27.555 D/EGL_emulation(10059): app_time_stats: avg=14.92ms min=11.08ms max=27.51ms count=57
06-25 23:10:27.804 D/AF::Track(  418): interceptBuffer: took 1991us to intercept 0 tracks
06-25 23:10:27.826 D/StatusBarIconController(  749): ignoring old pipeline callback because the new wifi icon is enabled
06-25 23:10:28.006 D/AF::Track(  418): interceptBuffer: took 3619us to intercept 0 tracks
06-25 23:10:28.213 D/BufferPoolAccessor2.0(  484): bufferpool2 0x78aab4613ea8 : 5(20548 size) total buffers - 1(4608 size) used buffers - 19857/19870 (recycle/alloc) - 102/19869 (fetch/transfer)
06-25 23:10:28.560 D/EGL_emulation(10059): app_time_stats: avg=15.40ms min=10.55ms max=26.25ms count=56
06-25 23:10:29.567 D/EGL_emulation(10059): app_time_stats: avg=14.90ms min=9.65ms max=21.74ms count=57
06-25 23:10:30.571 D/EGL_emulation(10059): app_time_stats: avg=15.83ms min=10.99ms max=30.82ms count=53
06-25 23:10:30.821 D/WifiNl80211Manager(  544): Scan result ready event
06-25 23:10:30.821 D/WifiNative(  544): Scan result ready event
06-25 23:10:30.837 D/StatusBarIconController(  749): ignoring old pipeline callback because the new wifi icon is enabled
06-25 23:10:30.853 D/MediaCodec(10059): keep callback message for reclaim
06-25 23:10:30.857 I/CCodecConfig(10059): query failed after returning 7 values (BAD_INDEX)
06-25 23:10:30.864 W/Codec2Client(10059): query -- param skipped: index = 1342179345.
06-25 23:10:30.866 W/Codec2Client(10059): query -- param skipped: index = 2415921170.
06-25 23:10:31.063 D/AF::Track(  418): interceptBuffer: took 891us to intercept 0 tracks
06-25 23:10:31.453 D/BufferPoolAccessor2.0(10059): bufferpool2 0x72b009068af8 : 5(40960 size) total buffers - 1(8192 size) used buffers - 20066/20077 (recycle/alloc) - 44/39942 (fetch/transfer)
06-25 23:10:31.577 D/EGL_emulation(10059): app_time_stats: avg=17.79ms min=11.69ms max=31.00ms count=49
06-25 23:10:31.880 I/ActivityTaskManager(  544): START u0 {act=android.intent.action.VIEW dat=expertnabiblia://licoes/... flg=0x10000000 pkg=com.donizetiferr.expertnabiblia cmp=com.donizetiferr.expertnabiblia/.MainActivity} with LAUNCH_SINGLE_TASK from uid 0 (BAL_ALLOW_ALLOWLISTED_UID) result code=3
06-25 23:10:31.887 D/KeyguardService(  749): setOccluded(false)
06-25 23:10:31.887 D/KeyguardViewMediator(  749): setOccluded(false)
06-25 23:10:31.888 D/WindowManagerShell(  749): onActivityRestartAttempt: ComponentInfo{com.donizetiferr.expertnabiblia/com.donizetiferr.expertnabiblia.MainActivity}
06-25 23:10:31.891 D/KeyguardViewMediator(  749): handleSetOccluded(false)
06-25 23:10:31.897 W/unknown:BridgelessReact(10059): ReactHost{0}.onHostPause(activity)
06-25 23:10:31.898 W/unknown:BridgelessReact(10059): ReactHost{0}.ReactContext.onHostPause()
06-25 23:10:31.911 I/MediaFocusControl(  544): abandonAudioFocus() from uid/pid 10221/10059 clientId=android.media.AudioManager@8bcffcdexpo.modules.av.AVManager@606491d
06-25 23:10:31.921 W/unknown:BridgelessReact(10059): ReactHost{0}.onHostResume(activity)
06-25 23:10:31.922 W/unknown:BridgelessReact(10059): ReactHost{0}.ReactContext.onHostResume()
06-25 23:10:31.926 W/ReactNativeJS(10059): '[Layout children]: No route named "licoes" exists in nested children:', [ 'config',
06-25 23:10:31.926 W/ReactNativeJS(10059):   'index',
06-25 23:10:31.926 W/ReactNativeJS(10059):   'modos',
06-25 23:10:31.926 W/ReactNativeJS(10059):   'onboarding',
06-25 23:10:31.926 W/ReactNativeJS(10059):   'trofeu',
06-25 23:10:31.926 W/ReactNativeJS(10059):   'licoes/[moduloId]',
06-25 23:10:31.926 W/ReactNativeJS(10059):   'licoes/index',
06-25 23:10:31.926 W/ReactNativeJS(10059):   'licoes/[moduloId]/[licaoId]',
06-25 23:10:31.926 W/ReactNativeJS(10059):   'licoes/[moduloId]/[licaoId]/feedback',
06-25 23:10:31.926 W/ReactNativeJS(10059):   'licoes/[moduloId]/[licaoId]/final',
06-25 23:10:31.926 W/ReactNativeJS(10059):   'quiz/customizar',
06-25 23:10:31.926 W/ReactNativeJS(10059):   'quiz/final',
06-25 23:10:31.926 W/ReactNativeJS(10059):   'quiz/index',
06-25 23:10:31.926 W/ReactNativeJS(10059):   'quiz/jogar' ]
06-25 23:10:31.929 W/AudioManager(10059): Use of stream types is deprecated for operations other than volume control
06-25 23:10:31.931 W/AudioManager(10059): See the documentation of requestAudioFocus() for what to use instead with android.media.AudioAttributes to qualify your playback use case
06-25 23:10:31.934 W/ReactNativeJS(10059): '[Layout children]: No route named "quiz" exists in nested children:', [ 'config',
06-25 23:10:31.934 W/ReactNativeJS(10059):   'index',
06-25 23:10:31.934 W/ReactNativeJS(10059):   'modos',
06-25 23:10:31.934 W/ReactNativeJS(10059):   'onboarding',
06-25 23:10:31.934 W/ReactNativeJS(10059):   'trofeu',
06-25 23:10:31.934 W/ReactNativeJS(10059):   'licoes/[moduloId]',
06-25 23:10:31.934 W/ReactNativeJS(10059):   'licoes/index',
06-25 23:10:31.934 W/ReactNativeJS(10059):   'licoes/[moduloId]/[licaoId]',
06-25 23:10:31.934 W/ReactNativeJS(10059):   'licoes/[moduloId]/[licaoId]/feedback',
06-25 23:10:31.934 W/ReactNativeJS(10059):   'licoes/[moduloId]/[licaoId]/final',
06-25 23:10:31.934 W/ReactNativeJS(10059):   'quiz/customizar',
06-25 23:10:31.934 W/ReactNativeJS(10059):   'quiz/final',
06-25 23:10:31.934 W/ReactNativeJS(10059):   'quiz/index',
06-25 23:10:31.934 W/ReactNativeJS(10059):   'quiz/jogar' ]
06-25 23:10:31.938 I/MediaFocusControl(  544): requestAudioFocus() from uid/pid 10221/10059 AA=USAGE_MEDIA/CONTENT_TYPE_MUSIC clientId=android.media.AudioManager@8bcffcdexpo.modules.av.AVManager@606491d callingPack=com.donizetiferr.expertnabiblia req=3 flags=0x0 sdk=36
06-25 23:10:31.940 I/AudioService.FadeOutManager(  544): unfadeOutUid() uid:10221
06-25 23:10:31.960 I/ActivityManager(  544): Killing 5579:com.google.android.configupdater/u0a129 (adj 985): empty #17
06-25 23:10:31.963 I/libprocessgroup(  544): Successfully killed process cgroup uid 10129 pid 5579 in 0ms
06-25 23:10:31.974 I/Zygote  (  359): Process 5579 exited due to signal 9 (Killed)
06-25 23:10:31.955 I/binder  (    0): undelivered transaction 1696114, process died.
06-25 23:10:31.956 I/binder  (    0): undelivered transaction 3820141, process died.
06-25 23:10:31.957 I/binder  (    0): undelivered transaction 3820194, process died.
06-25 23:10:31.958 I/binder  (    0): undelivered transaction 1696073, process died.
06-25 23:10:31.987 D/BoundBrokerSvc( 1259): onUnbind: Intent { act=com.google.android.gms.phenotype.service.START pkg=com.google.android.gms }
06-25 23:10:32.000 D/DisplayManagerService(  544): Drop pending events for gone uid 10129
06-25 23:10:32.013 D/AudioFlinger(  418): mixer(0x7eac95bc9930) throttle end: throttle time(6)
06-25 23:10:32.071 W/[RNScreens](10059): backTitleFontFamily prop is not available on Android
06-25 23:10:32.071 W/[RNScreens](10059): disableBackButtonMenu prop is not available on Android
06-25 23:10:32.071 W/[RNScreens](10059): backTitleVisible prop is not available on Android
06-25 23:10:32.071 W/[RNScreens](10059): topInsetEnabled prop is not available on Android
06-25 23:10:32.071 W/[RNScreens](10059): largeTitleHideShadow prop is not available on Android
06-25 23:10:32.072 W/[RNScreens](10059): largeTitleFontWeight prop is not available on Android
06-25 23:10:32.074 W/[RNScreens](10059): userInterfaceStyle prop is not available on Android
06-25 23:10:32.074 W/[RNScreens](10059): largeTitleFontFamily prop is not available on Android
06-25 23:10:32.098 W/ReactNativeJS(10059): '[Layout children]: No route named "licoes" exists in nested children:', [ 'config',
06-25 23:10:32.098 W/ReactNativeJS(10059):   'index',
06-25 23:10:32.098 W/ReactNativeJS(10059):   'modos',
06-25 23:10:32.098 W/ReactNativeJS(10059):   'onboarding',
06-25 23:10:32.098 W/ReactNativeJS(10059):   'trofeu',
06-25 23:10:32.098 W/ReactNativeJS(10059):   'licoes/[moduloId]',
06-25 23:10:32.098 W/ReactNativeJS(10059):   'licoes/index',
06-25 23:10:32.098 W/ReactNativeJS(10059):   'licoes/[moduloId]/[licaoId]',
06-25 23:10:32.098 W/ReactNativeJS(10059):   'licoes/[moduloId]/[licaoId]/feedback',
06-25 23:10:32.098 W/ReactNativeJS(10059):   'licoes/[moduloId]/[licaoId]/final',
06-25 23:10:32.098 W/ReactNativeJS(10059):   'quiz/customizar',
06-25 23:10:32.098 W/ReactNativeJS(10059):   'quiz/final',
06-25 23:10:32.098 W/ReactNativeJS(10059):   'quiz/index',
06-25 23:10:32.098 W/ReactNativeJS(10059):   'quiz/jogar' ]
06-25 23:10:32.099 W/ReactNativeJS(10059): '[Layout children]: No route named "quiz" exists in nested children:', [ 'config',
06-25 23:10:32.099 W/ReactNativeJS(10059):   'index',
06-25 23:10:32.099 W/ReactNativeJS(10059):   'modos',
06-25 23:10:32.099 W/ReactNativeJS(10059):   'onboarding',
06-25 23:10:32.099 W/ReactNativeJS(10059):   'trofeu',
06-25 23:10:32.099 W/ReactNativeJS(10059):   'licoes/[moduloId]',
06-25 23:10:32.099 W/ReactNativeJS(10059):   'licoes/index',
06-25 23:10:32.099 W/ReactNativeJS(10059):   'licoes/[moduloId]/[licaoId]',
06-25 23:10:32.099 W/ReactNativeJS(10059):   'licoes/[moduloId]/[licaoId]/feedback',
06-25 23:10:32.099 W/ReactNativeJS(10059):   'licoes/[moduloId]/[licaoId]/final',
06-25 23:10:32.099 W/ReactNativeJS(10059):   'quiz/customizar',
06-25 23:10:32.099 W/ReactNativeJS(10059):   'quiz/final',
06-25 23:10:32.099 W/ReactNativeJS(10059):   'quiz/index',
06-25 23:10:32.099 W/ReactNativeJS(10059):   'quiz/jogar' ]
06-25 23:10:32.150 W/unknown:ReactNative(10059): StatusBarModule: Ignored status bar change, current activity is edge-to-edge.
06-25 23:10:32.215 D/AutofillManager(10059): view not autofillable - not passing ime action check
06-25 23:10:32.215 D/AutofillManager(10059): view not autofillable - not passing ime action check
06-25 23:10:32.422 I/ImeTracker(10059): com.donizetiferr.expertnabiblia:165e1b49: onRequestHide at ORIGIN_CLIENT_HIDE_SOFT_INPUT reason HIDE_SOFT_INPUT
06-25 23:10:32.426 I/ImeTracker(  544): com.donizetiferr.expertnabiblia:165e1b49: onCancelled at PHASE_SERVER_SHOULD_HIDE
06-25 23:10:32.582 D/EGL_emulation(10059): app_time_stats: avg=19.96ms min=9.15ms max=64.31ms count=44
06-25 23:10:33.599 D/EGL_emulation(10059): app_time_stats: avg=12.29ms min=8.39ms max=19.28ms count=61
06-25 23:10:33.606 D/StatusBarIconController(  749): ignoring old pipeline callbacks, because the new mobile icons are enabled
06-25 23:10:33.783 D/BufferPoolAccessor2.0(  484): bufferpool2 0x78aab4613ea8 : 5(20548 size) total buffers - 1(4608 size) used buffers - 20072/20085 (recycle/alloc) - 103/20084 (fetch/transfer)
06-25 23:10:33.855 D/StatusBarIconController(  749): ignoring old pipeline callback because the new wifi icon is enabled
06-25 23:10:34.604 D/EGL_emulation(10059): app_time_stats: avg=14.04ms min=9.33ms max=27.02ms count=57
06-25 23:10:34.913 I/AlarmManager( 1259): setExactAndAllowWhileIdle [name: GCM_HB_ALARM type: 2 triggerAtMillis: 8536807]
06-25 23:10:34.917 D/CompatibilityChangeReporter(  544): Compat change id reported: 171306433; UID 10130; state: ENABLED
06-25 23:10:34.922 D/CompatibilityChangeReporter(  544): Compat change id reported: 218533173; UID 10130; state: ENABLED
06-25 23:10:34.942 D/BoundBrokerSvc( 1259): onBind: Intent { act=com.google.android.gms.scheduler.ACTION_PROXY_SCHEDULE dat=chimera-action:/... cmp=com.google.android.gms/.chimera.PersistentApiService }
06-25 23:10:34.942 D/BoundBrokerSvc( 1259): Loading bound service for intent: Intent { act=com.google.android.gms.scheduler.ACTION_PROXY_SCHEDULE dat=chimera-action:/... cmp=com.google.android.gms/.chimera.PersistentApiService }
06-25 23:10:34.942 I/AlarmManager( 1259): setExactAndAllowWhileIdle [name: GCM_HB_ALARM type: 2 triggerAtMillis: 8536837]
06-25 23:10:35.125 D/AutofillManager(10059): view not autofillable - not passing ime action check
06-25 23:10:35.138 I/GoogleInputMethodService( 1389): GoogleInputMethodService.onFinishInput():3227 
06-25 23:10:35.138 I/ImeTracker(10059): com.donizetiferr.expertnabiblia:5e67eb62: onRequestShow at ORIGIN_CLIENT_SHOW_SOFT_INPUT reason SHOW_SOFT_INPUT
06-25 23:10:35.142 D/InputMethodManager(10059): showSoftInput() view=com.facebook.react.views.textinput.ReactEditText{4d58e57 VFED..CL. .F.P..ID 111,1267-905,1410 #75a aid=1073741829} flags=0 reason=SHOW_SOFT_INPUT
06-25 23:10:35.151 W/ProcessStats(  544): Tracking association SourceState{c60347e system/1000 BFgs #6863} whose proc state 4 is better than process ProcessState{5e13851 com.google.android.inputmethod.latin/10140 pkg=com.google.android.inputmethod.latin} proc state 6 (4 skipped)
06-25 23:10:35.153 I/GoogleInputMethodService( 1389): GoogleInputMethodService.updateDeviceLockedStatus():2087 repeatCheckTimes = 0, unlocked = true
06-25 23:10:35.156 I/GoogleInputMethodService( 1389): GoogleInputMethodService.onStartInput():1877 onStartInput(EditorInfo{inputType=0x84001(Normal) imeOptions=0x4 privateImeOptions=null actionName=SEND actionLabel=null actionId=0 initialSelStart=0 initialSelEnd=0 initialCapsMode=0x2000 hintText=non-empty label=null packageName=com.donizetiferr.expertnabiblia fieldId=1882 fieldName=null extras=Bundle[mParcelledData.dataSize=240]}, false)
06-25 23:10:35.156 I/GoogleInputMethodService( 1389): GoogleInputMethodService.shouldHideHeaderOnInitialState():4008 ShouldHideHeaderOnInitialState = false
06-25 23:10:35.159 I/GoogleInputMethodService( 1389): GoogleInputMethodService.updateDeviceLockedStatus():2087 repeatCheckTimes = 2, unlocked = true
06-25 23:10:35.170 I/DeviceModeUtil( 1389): DeviceModeUtil.getDeviceMode():122 Get device mode tablet_large by ui mode:1 and smallestScreenWidthDp:411
06-25 23:10:35.174 D/audioserver(  418): FGS Logger Transaction failed
06-25 23:10:35.174 D/audioserver(  418): -129
06-25 23:10:35.181 I/GoogleInputMethodService( 1389): GoogleInputMethodService.onStartInputView():1995 onStartInputView(EditorInfo{inputType=0x84001(Normal) imeOptions=0x4 privateImeOptions=null actionName=SEND actionLabel=null actionId=0 initialSelStart=0 initialSelEnd=0 initialCapsMode=0x2000 hintText=non-empty label=null packageName=com.donizetiferr.expertnabiblia fieldId=1882 fieldName=null extras=Bundle[{android.support.text.emoji.emojiCompat_metadataVersion=9, android.support.text.emoji.emojiCompat_replaceAll=false}]}, false)
06-25 23:10:35.183 I/ImeTracker(10059): com.donizetiferr.expertnabiblia:38dbe506: onRequestShow at ORIGIN_CLIENT_SHOW_SOFT_INPUT reason SHOW_SOFT_INPUT
06-25 23:10:35.184 D/InputMethodManager(10059): showSoftInput() view=com.facebook.react.views.textinput.ReactEditText{4d58e57 VFED..CL. .F.P.... 111,1267-905,1410 #75a aid=1073741829} flags=0 reason=SHOW_SOFT_INPUT
06-25 23:10:35.192 I/GoogleInputMethodService( 1389): GoogleInputMethodService.updateDeviceLockedStatus():2087 repeatCheckTimes = 2, unlocked = true
06-25 23:10:35.194 I/DeviceModeUtil( 1389): DeviceModeUtil.getDeviceMode():122 Get device mode tablet_large by ui mode:1 and smallestScreenWidthDp:411
06-25 23:10:35.203 W/ModuleManager( 1389): ModuleManager.loadModule():450 Module erj is not available
06-25 23:10:35.212 I/KeyboardViewUtil( 1389): KeyboardViewUtil.getKeyboardHeightRatio():189 systemKeyboardHeightRatio:1.000000; userKeyboardHeightRatio:1.000000.
06-25 23:10:35.214 I/AndroidIME( 1389): AbstractIme.onActivate():86 LatinIme.onActivate() : EditorInfo = inputType=0x84001(Normal) imeOptions=0x4 privateImeOptions=null actionName=SEND actionLabel=null actionId=0 initialSelStart=0 initialSelEnd=0 initialCapsMode=0x2000 hintText=non-empty label=null packageName=com.donizetiferr.expertnabiblia fieldId=1882 fieldName=null extras=Bundle[{android.support.text.emoji.emojiCompat_metadataVersion=9, android.support.text.emoji.emojiCompat_replaceAll=false}], IncognitoMode = false, DeviceLocked = false
06-25 23:10:35.219 I/Delight5Facilitator( 1389): Delight5Facilitator.initializeForIme():777 initializeForIme() : Locale = [en_US], layout = qwerty
06-25 23:10:35.220 I/VoiceInputManagerWrapper( 1389): VoiceInputManagerWrapper.cancelShutdown():55 cancelShutdown()
06-25 23:10:35.222 I/VoiceInputManagerWrapper( 1389): VoiceInputManagerWrapper.syncLanguagePacks():67 syncLanguagePacks()
06-25 23:10:35.227 I/SpeechFactory( 1389): SpeechRecognitionFactory.maybeScheduleAutoPackDownloadForFallback():205 maybeScheduleAutoPackDownloadForFallback()
06-25 23:10:35.230 I/LatinIme( 1389): LatinIme.updateEnableInlineSuggestionsOnDecoderSideFlags():1003 inline flag updated to:false
06-25 23:10:35.239 I/FallbackOnDeviceRecognitionProvider( 1389): FallbackOnDeviceRecognitionProvider.maybeScheduleAutoPackDownload():195 maybeScheduleAutoPackDownload() for language tag en-US
06-25 23:10:35.248 I/KeyboardWrapper( 1389): KeyboardWrapper.consumeEvent():275 Skip consuming an event as current keyboard is deactivated (state=0, keyboard existence=true)
06-25 23:10:35.260 I/KeyboardViewUtil( 1389): KeyboardViewUtil.calculateMaxKeyboardBodyHeight():40 leave 354 height for app when screen height:1920, header height:131 and isFullscreenMode:false, so the max keyboard body height is:1435
06-25 23:10:35.263 I/DeviceModeUtil( 1389): DeviceModeUtil.getDeviceMode():122 Get device mode tablet_large by ui mode:1 and smallestScreenWidthDp:411
06-25 23:10:35.264 I/GoogleInputMethodService( 1389): GoogleInputMethodService.setKeyboardViewShown():3483 setKeyboardViewShown() : type = HEADER, shownType = SHOW_OPTIONAL
06-25 23:10:35.264 I/GoogleInputMethodService( 1389): GoogleInputMethodService.setKeyboardViewShown():3530 setKeyboardViewShown() : shouldShow = true
06-25 23:10:35.273 I/GoogleInputMethodService( 1389): GoogleInputMethodService.setKeyboardViewShown():3483 setKeyboardViewShown() : type = BODY, shownType = SHOW_MANDATORY
06-25 23:10:35.275 I/GoogleInputMethodService( 1389): GoogleInputMethodService.setKeyboardViewShown():3530 setKeyboardViewShown() : shouldShow = true
06-25 23:10:35.277 I/GoogleInputMethodService( 1389): GoogleInputMethodService.setKeyboardViewShown():3483 setKeyboardViewShown() : type = FLOATING_CANDIDATES, shownType = HIDE
06-25 23:10:35.277 I/GoogleInputMethodService( 1389): GoogleInputMethodService.setKeyboardViewShown():3530 setKeyboardViewShown() : shouldShow = false
06-25 23:10:35.282 I/KeyboardViewUtil( 1389): KeyboardViewUtil.calculateMaxKeyboardBodyHeight():40 leave 354 height for app when screen height:1920, header height:131 and isFullscreenMode:false, so the max keyboard body height is:1435
06-25 23:10:35.292 I/DeviceModeUtil( 1389): DeviceModeUtil.getDeviceMode():122 Get device mode tablet_large by ui mode:1 and smallestScreenWidthDp:411
06-25 23:10:35.297 I/DeviceModeUtil( 1389): DeviceModeUtil.getDeviceMode():122 Get device mode tablet_large by ui mode:1 and smallestScreenWidthDp:411
06-25 23:10:35.298 I/DeviceModeUtil( 1389): DeviceModeUtil.getDeviceMode():122 Get device mode tablet_large by ui mode:1 and smallestScreenWidthDp:411
06-25 23:10:35.298 I/KeyboardModeManager( 1389): KeyboardModeManager.setInputView():364 setInputView() : supportsOneHandedMode=true
06-25 23:10:35.300 I/NormalModeController( 1389): NormalModeController.getKeyboardBodyViewHolderPaddingBottom():116 currentPrimeKeyboardType:SOFT systemPaddingBottom:-1
06-25 23:10:35.304 I/AndroidIME( 1389): KeyboardViewManager.updateKeyboardBodyViewHolderPaddingBottom():604 Set finalPaddingBottom = 0 while keyboardBottomGapFromScreen = 0; navigationHeight = 0
06-25 23:10:35.307 I/NormalModeController( 1389): NormalModeController.getKeyboardBodyViewHolderPaddingBottom():116 currentPrimeKeyboardType:SOFT systemPaddingBottom:-1
06-25 23:10:35.314 I/AndroidIME( 1389): KeyboardViewManager.updateKeyboardBodyViewHolderPaddingBottom():604 Set finalPaddingBottom = 0 while keyboardBottomGapFromScreen = 0; navigationHeight = 0
06-25 23:10:35.314 I/KeyboardModeManager( 1389): KeyboardModeManager.setInputView():356 setInputView() : entry=hwn{languageTag=en-US, variant=qwerty, hasLocalizedResources=true, conditionCacheKey=_device=tablet_device_size=large_enable_adaptive_text_editing=true_enable_inline_suggestions_on_client_side=false_enable_large_tablet_batch_1=false_enable_large_tablet_batch_2=false_enable_more_candidates_view_for_multilingual=false_enable_nav_redesign=false_enable_number_row=false_enable_preemptive_decode=true_enable_secondary_symbols=false_expressions=normal_four_or_more_letter_rows=false_keyboard_mode=normal_language=en-US_orientation=portrait_physical_keyboard=qwerty_show_secondary_digits=true_show_suggestions=true_split_with_duplicate_keys=true_variant=qwerty, imeDef.stringId=ime_english_united_states, imeDef.className=com.google.android.apps.inputmethod.libs.latin5.LatinIme, imeDef.languageTag=en-US}
06-25 23:10:35.320 I/VoiceImeExtension( 1389): VoiceImeExtension.shouldStartVoiceInputAutomatically():383 No private IME option set to start voice input.
06-25 23:10:35.383 D/CoreBackPreview(  544): Window{5b34cf8 u0 com.donizetiferr.expertnabiblia/com.donizetiferr.expertnabiblia.MainActivity}: Setting back callback OnBackInvokedCallbackInfo{mCallback=android.window.IOnBackInvokedCallback$Stub$Proxy@1149b57, mPriority=0, mIsAnimationCallback=false}
06-25 23:10:35.396 D/InsetsController(10059): show(ime(), fromIme=true)
06-25 23:10:35.409 I/DeviceModeUtil( 1389): DeviceModeUtil.getDeviceMode():122 Get device mode tablet_large by ui mode:1 and smallestScreenWidthDp:411
06-25 23:10:35.428 D/audioserver(  418): FGS Logger Transaction failed
06-25 23:10:35.430 D/audioserver(  418): -129
06-25 23:10:35.444 I/DeviceModeUtil( 1389): DeviceModeUtil.getDeviceMode():122 Get device mode tablet_large by ui mode:1 and smallestScreenWidthDp:411
06-25 23:10:35.445 I/DeviceModeUtil( 1389): DeviceModeUtil.getDeviceMode():122 Get device mode tablet_large by ui mode:1 and smallestScreenWidthDp:411
06-25 23:10:35.448 D/ActivityManager(  544): sync unfroze 1658 com.google.android.gms for 6
06-25 23:10:35.456 I/NormalModeController( 1389): NormalModeController.getKeyboardBodyViewHolderPaddingBottom():116 currentPrimeKeyboardType:SOFT systemPaddingBottom:-1
06-25 23:10:35.459 I/Delight5Decoder( 1389): Delight5DecoderWrapper.setKeyboardLayout():457 setKeyboardLayout()
06-25 23:10:35.472 D/InsetsController(10059): show(ime(), fromIme=true)
06-25 23:10:35.476 I/ImeTracker(10059): com.donizetiferr.expertnabiblia:38dbe506: onCancelled at PHASE_CLIENT_APPLY_ANIMATION
06-25 23:10:35.482 D/AudioFlinger(  418): mixer(0x7eac95bc9930) throttle end: throttle time(11)
06-25 23:10:35.493 W/TooltipLifecycleManager( 1389): TooltipLifecycleManager.dismissTooltips():159 Tooltip with id spell_check_add_to_dictionary not found in tooltipManager.
06-25 23:10:35.506 D/BoundBrokerSvc( 1658): onBind: Intent { act=com.google.firebase.dynamiclinks.service.START pkg=com.google.android.gms }
06-25 23:10:35.507 D/BoundBrokerSvc( 1658): Loading bound service for intent: Intent { act=com.google.firebase.dynamiclinks.service.START pkg=com.google.android.gms }
06-25 23:10:35.589 D/BoundBrokerSvc( 1658): onBind: Intent { act=com.google.android.gms.common.BIND_SHARED_PREFS pkg=com.google.android.gms }
06-25 23:10:35.590 D/BoundBrokerSvc( 1658): Loading bound service for intent: Intent { act=com.google.android.gms.common.BIND_SHARED_PREFS pkg=com.google.android.gms }
06-25 23:10:35.607 D/BoundBrokerSvc( 1658): onUnbind: Intent { act=com.google.android.gms.common.BIND_SHARED_PREFS pkg=com.google.android.gms }
06-25 23:10:35.620 D/AF::Track(  418): interceptBuffer: took 566us to intercept 0 tracks
06-25 23:10:35.641 D/BoundBrokerSvc( 1658): onBind: Intent { act=com.google.android.gms.common.BIND_SHARED_PREFS pkg=com.google.android.gms }
06-25 23:10:35.642 D/BoundBrokerSvc( 1658): Loading bound service for intent: Intent { act=com.google.android.gms.common.BIND_SHARED_PREFS pkg=com.google.android.gms }
06-25 23:10:35.643 D/EGL_emulation(10059): app_time_stats: avg=18.09ms min=9.66ms max=53.43ms count=49
06-25 23:10:35.671 D/BoundBrokerSvc( 1658): onUnbind: Intent { act=com.google.android.gms.common.BIND_SHARED_PREFS pkg=com.google.android.gms }
06-25 23:10:35.678 I/ImeTracker(10059): com.donizetiferr.expertnabiblia:5e67eb62: onShown
06-25 23:10:36.580 I/GoogleInputMethodService( 1389): GoogleInputMethodService.setKeyboardViewShown():3483 setKeyboardViewShown() : type = HEADER, shownType = SHOW_MANDATORY_WITH_ANIMATION
06-25 23:10:36.584 I/GoogleInputMethodService( 1389): GoogleInputMethodService.setKeyboardViewShown():3530 setKeyboardViewShown() : shouldShow = true
06-25 23:10:36.666 D/EGL_emulation(10059): app_time_stats: avg=20.24ms min=10.22ms max=52.54ms count=43
06-25 23:10:36.716 W/TooltipLifecycleManager( 1389): TooltipLifecycleManager.dismissTooltips():159 Tooltip with id spell_check_add_to_dictionary not found in tooltipManager.
06-25 23:10:36.822 I/native  ( 1389): I0000 00:00:1782429036.819739    2142 input-context-store.cc:195] Using roll back input context for operation: [FetchSuggestions] rolled back operation: [OverrideDecodedCandidates] reason: client [3950] vs decoder [3952]
06-25 23:10:36.825 W/InputContextProxyV4( 1389): InputContextProxyV4.applyClientDiffInternal():897 Ignore [FetchSuggestions] diff due to stale request: 4294<4295, inputStateId=3952, lastInputStateId=3950
06-25 23:10:36.839 I/GoogleInputMethodService( 1389): GoogleInputMethodService.setKeyboardViewShown():3483 setKeyboardViewShown() : type = HEADER, shownType = SHOW_MANDATORY_WITH_ANIMATION
06-25 23:10:36.840 I/GoogleInputMethodService( 1389): GoogleInputMethodService.setKeyboardViewShown():3530 setKeyboardViewShown() : shouldShow = true
06-25 23:10:36.898 D/BufferPoolAccessor2.0(10059): bufferpool2 0x72b009068af8 : 5(40960 size) total buffers - 1(8192 size) used buffers - 20273/20284 (recycle/alloc) - 44/40356 (fetch/transfer)
06-25 23:10:36.988 I/GoogleInputMethodService( 1389): GoogleInputMethodService.setKeyboardViewShown():3483 setKeyboardViewShown() : type = HEADER, shownType = SHOW_MANDATORY_WITH_ANIMATION
06-25 23:10:36.988 I/GoogleInputMethodService( 1389): GoogleInputMethodService.setKeyboardViewShown():3530 setKeyboardViewShown() : shouldShow = true
06-25 23:10:37.072 W/InputContextProxyV4( 1389): InputContextProxyV4.applyClientDiffInternal():897 Ignore [FetchSuggestions] diff due to stale request: 4300<4302, inputStateId=3959, lastInputStateId=3960
06-25 23:10:37.074 I/GoogleInputMethodService( 1389): GoogleInputMethodService.setKeyboardViewShown():3483 setKeyboardViewShown() : type = HEADER, shownType = SHOW_MANDATORY_WITH_ANIMATION
06-25 23:10:37.074 I/GoogleInputMethodService( 1389): GoogleInputMethodService.setKeyboardViewShown():3530 setKeyboardViewShown() : shouldShow = true
06-25 23:10:37.180 I/KeyboardViewController( 1389): KeyboardViewController.lambda$showSelfAndAncestors$6():609 current view doesn't has the priority com.google.android.libraries.inputmethod.accesspoint.widget.AccessPointsBar{fd928e3 I.E...... ......ID 0,0-644,131 #7f0b0018 app:id/0_resource_name_obfuscated} to show itself, DEFAULT
06-25 23:10:37.188 I/GoogleInputMethodService( 1389): GoogleInputMethodService.setKeyboardViewShown():3483 setKeyboardViewShown() : type = HEADER, shownType = SHOW_MANDATORY_WITH_ANIMATION
06-25 23:10:37.188 I/GoogleInputMethodService( 1389): GoogleInputMethodService.setKeyboardViewShown():3530 setKeyboardViewShown() : shouldShow = true
06-25 23:10:37.263 I/GoogleInputMethodService( 1389): GoogleInputMethodService.setKeyboardViewShown():3483 setKeyboardViewShown() : type = HEADER, shownType = SHOW_MANDATORY_WITH_ANIMATION
06-25 23:10:37.263 I/GoogleInputMethodService( 1389): GoogleInputMethodService.setKeyboardViewShown():3530 setKeyboardViewShown() : shouldShow = true
06-25 23:10:37.340 I/GoogleInputMethodService( 1389): GoogleInputMethodService.setKeyboardViewShown():3483 setKeyboardViewShown() : type = HEADER, shownType = SHOW_MANDATORY_WITH_ANIMATION
06-25 23:10:37.340 I/GoogleInputMethodService( 1389): GoogleInputMethodService.setKeyboardViewShown():3530 setKeyboardViewShown() : shouldShow = true
06-25 23:10:37.490 W/InputContextProxyV4( 1389): InputContextProxyV4.applyClientDiffInternal():897 Ignore [FetchSuggestions] diff due to stale request: 4310<4312, inputStateId=3969, lastInputStateId=3970
06-25 23:10:37.541 I/GoogleInputMethodService( 1389): GoogleInputMethodService.setKeyboardViewShown():3483 setKeyboardViewShown() : type = HEADER, shownType = SHOW_MANDATORY_WITH_ANIMATION
06-25 23:10:37.541 I/GoogleInputMethodService( 1389): GoogleInputMethodService.setKeyboardViewShown():3530 setKeyboardViewShown() : shouldShow = true
06-25 23:10:37.583 D/EGL_emulation( 1389): app_time_stats: avg=180.54ms min=21.15ms max=1154.25ms count=12
06-25 23:10:37.631 I/native  ( 1389): I0000 00:00:1782429037.621641    2142 input-context-store.cc:255] Ignoring stale client request for FetchSuggestions
06-25 23:10:37.631 W/InputContextProxyV4( 1389): InputContextProxyV4.applyClientDiffInternal():897 Ignore [FetchSuggestions] diff due to stale request: 4314<4318, inputStateId=3974, lastInputStateId=3977
06-25 23:10:37.640 W/InputContextProxyV4( 1389): InputContextProxyV4.applyClientDiffInternal():897 Ignore [FetchSuggestions] diff due to stale request: 4316<4319, inputStateId=3977, lastInputStateId=3977
06-25 23:10:37.646 I/GoogleInputMethodService( 1389): GoogleInputMethodService.setKeyboardViewShown():3483 setKeyboardViewShown() : type = HEADER, shownType = SHOW_MANDATORY_WITH_ANIMATION
06-25 23:10:37.646 I/GoogleInputMethodService( 1389): GoogleInputMethodService.setKeyboardViewShown():3530 setKeyboardViewShown() : shouldShow = true
06-25 23:10:37.690 D/EGL_emulation(10059): app_time_stats: avg=25.22ms min=11.44ms max=51.96ms count=37
06-25 23:10:37.822 W/InputContextProxyV4( 1389): InputContextProxyV4.applyClientDiffInternal():897 Ignore [FetchSuggestions] diff due to stale request: 4322<4324, inputStateId=3981, lastInputStateId=3982
06-25 23:10:37.838 I/native  ( 1389): I0000 00:00:1782429037.799093    2142 input-context-store.cc:195] Using roll back input context for operation: [FetchSuggestions] rolled back operation: [OverrideDecodedCandidates] reason: client [3982] vs decoder [3984]
06-25 23:10:37.854 W/InputContextProxyV4( 1389): InputContextProxyV4.applyClientDiffInternal():897 Ignore [FetchSuggestions] diff due to stale request: 4324<4325, inputStateId=3984, lastInputStateId=3982
06-25 23:10:37.855 I/GoogleInputMethodService( 1389): GoogleInputMethodService.setKeyboardViewShown():3483 setKeyboardViewShown() : type = HEADER, shownType = SHOW_MANDATORY_WITH_ANIMATION
06-25 23:10:37.857 I/GoogleInputMethodService( 1389): GoogleInputMethodService.setKeyboardViewShown():3530 setKeyboardViewShown() : shouldShow = true
06-25 23:10:38.027 I/GoogleInputMethodService( 1389): GoogleInputMethodService.setKeyboardViewShown():3483 setKeyboardViewShown() : type = HEADER, shownType = SHOW_MANDATORY_WITH_ANIMATION
06-25 23:10:38.027 I/GoogleInputMethodService( 1389): GoogleInputMethodService.setKeyboardViewShown():3530 setKeyboardViewShown() : shouldShow = true
06-25 23:10:38.113 I/GoogleInputMethodService( 1389): GoogleInputMethodService.setKeyboardViewShown():3483 setKeyboardViewShown() : type = HEADER, shownType = SHOW_MANDATORY_WITH_ANIMATION
06-25 23:10:38.114 I/GoogleInputMethodService( 1389): GoogleInputMethodService.setKeyboardViewShown():3530 setKeyboardViewShown() : shouldShow = true
06-25 23:10:38.179 I/GoogleInputMethodService( 1389): GoogleInputMethodService.setKeyboardViewShown():3483 setKeyboardViewShown() : type = HEADER, shownType = SHOW_MANDATORY_WITH_ANIMATION
06-25 23:10:38.179 I/GoogleInputMethodService( 1389): GoogleInputMethodService.setKeyboardViewShown():3530 setKeyboardViewShown() : shouldShow = true
06-25 23:10:38.196 I/KeyboardViewController( 1389): KeyboardViewController.lambda$showSelfAndAncestors$6():609 current view doesn't has the priority com.google.android.libraries.inputmethod.accesspoint.widget.AccessPointsBar{fd928e3 I.E...... ......ID 0,0-644,131 #7f0b0018 app:id/0_resource_name_obfuscated} to show itself, DEFAULT
06-25 23:10:38.277 I/GoogleInputMethodService( 1389): GoogleInputMethodService.setKeyboardViewShown():3483 setKeyboardViewShown() : type = HEADER, shownType = SHOW_MANDATORY_WITH_ANIMATION
06-25 23:10:38.277 I/GoogleInputMethodService( 1389): GoogleInputMethodService.setKeyboardViewShown():3530 setKeyboardViewShown() : shouldShow = true
06-25 23:10:38.319 I/GoogleInputMethodService( 1389): GoogleInputMethodService.setKeyboardViewShown():3483 setKeyboardViewShown() : type = HEADER, shownType = SHOW_MANDATORY_WITH_ANIMATION
06-25 23:10:38.320 I/GoogleInputMethodService( 1389): GoogleInputMethodService.setKeyboardViewShown():3530 setKeyboardViewShown() : shouldShow = true
06-25 23:10:38.354 I/putmethod.latin( 1389): Background young concurrent copying GC freed 232601(9625KB) AllocSpace objects, 25(1488KB) LOS objects, 48% free, 11MB/22MB, paused 5.901ms,125us total 150.127ms
06-25 23:10:38.358 W/putmethod.latin( 1389): Reducing the number of considered missed Gc histogram windows from 109 to 100
06-25 23:10:38.363 D/AudioFlinger(  418): mixer(0x7eac95bc9930) throttle end: throttle time(1)
06-25 23:10:38.486 W/Delight5Decoder( 1389): Delight5DecoderWrapper.shouldAbandonMessage():1983 Detected old [FetchSuggestions] request in background: 4340<4341
06-25 23:10:38.502 W/InputContextProxyV4( 1389): InputContextProxyV4.applyClientDiffInternal():897 Ignore [FetchSuggestions] diff due to stale request: 4338<4343, inputStateId=4000, lastInputStateId=4003
06-25 23:10:38.507 I/GoogleInputMethodService( 1389): GoogleInputMethodService.setKeyboardViewShown():3483 setKeyboardViewShown() : type = HEADER, shownType = SHOW_MANDATORY_WITH_ANIMATION
06-25 23:10:38.509 I/GoogleInputMethodService( 1389): GoogleInputMethodService.setKeyboardViewShown():3530 setKeyboardViewShown() : shouldShow = true
