06-25 23:12:07.091 I/KeyboardModeManager( 1389): KeyboardModeManager.setInputView():356 setInputView() : entry=hwn{languageTag=en-US, variant=qwerty, hasLocalizedResources=true, conditionCacheKey=_device=tablet_device_size=large_enable_adaptive_text_editing=true_enable_inline_suggestions_on_client_side=false_enable_large_tablet_batch_1=false_enable_large_tablet_batch_2=false_enable_more_candidates_view_for_multilingual=false_enable_nav_redesign=false_enable_number_row=false_enable_preemptive_decode=true_enable_secondary_symbols=false_expressions=normal_four_or_more_letter_rows=false_keyboard_mode=normal_language=en-US_orientation=portrait_physical_keyboard=qwerty_show_secondary_digits=true_show_suggestions=true_split_with_duplicate_keys=true_variant=qwerty, imeDef.stringId=ime_english_united_states, imeDef.className=com.google.android.apps.inputmethod.libs.latin5.LatinIme, imeDef.languageTag=en-US}
06-25 23:12:07.102 I/VoiceImeExtension( 1389): VoiceImeExtension.shouldStartVoiceInputAutomatically():383 No private IME option set to start voice input.
06-25 23:12:07.171 I/GoogleInputMethodService( 1389): GoogleInputMethodService.onFinishInputView():2241 
06-25 23:12:07.172 W/TooltipLifecycleManager( 1389): TooltipLifecycleManager.dismissTooltips():159 Tooltip with id spell_check_add_to_dictionary not found in tooltipManager.
06-25 23:12:07.178 I/AndroidIME( 1389): AbstractIme.onDeactivate():207 PasswordIme.onDeactivate()
06-25 23:12:07.192 D/BoundBrokerSvc( 1658): onBind: Intent { act=com.google.android.gms.common.BIND_SHARED_PREFS pkg=com.google.android.gms }
06-25 23:12:07.193 D/BoundBrokerSvc( 1658): Loading bound service for intent: Intent { act=com.google.android.gms.common.BIND_SHARED_PREFS pkg=com.google.android.gms }
06-25 23:12:07.241 D/BoundBrokerSvc( 1658): onUnbind: Intent { act=com.google.android.gms.common.BIND_SHARED_PREFS pkg=com.google.android.gms }
06-25 23:12:07.279 D/BoundBrokerSvc( 1658): onBind: Intent { act=com.google.android.gms.common.BIND_SHARED_PREFS pkg=com.google.android.gms }
06-25 23:12:07.280 D/BoundBrokerSvc( 1658): Loading bound service for intent: Intent { act=com.google.android.gms.common.BIND_SHARED_PREFS pkg=com.google.android.gms }
06-25 23:12:07.283 D/AudioFlinger(  418): mixer(0x7eac95bc9930) throttle end: throttle time(1)
06-25 23:12:07.327 D/BoundBrokerSvc( 1658): onUnbind: Intent { act=com.google.android.gms.common.BIND_SHARED_PREFS pkg=com.google.android.gms }
06-25 23:12:07.331 W/FrameTracker(10059): Missed SF frame:UNKNOWN: 80, 3101567, 0, CUJ=J<IME_INSETS_ANIMATION::0@0@com.donizetiferr.expertnabiblia>
06-25 23:12:07.333 W/FrameTracker(10059): Missed SF frame:JANK_SURFACEFLINGER_DEADLINE_MISSED, 3101583, 0, CUJ=J<IME_INSETS_ANIMATION::0@0@com.donizetiferr.expertnabiblia>
06-25 23:12:07.336 W/FrameTracker(10059): Missed SF frame:PREDICTION_ERROR, 3101598, 0, CUJ=J<IME_INSETS_ANIMATION::0@0@com.donizetiferr.expertnabiblia>
06-25 23:12:07.338 W/FrameTracker(10059): Missed SF frame:PREDICTION_ERROR, 3101613, 0, CUJ=J<IME_INSETS_ANIMATION::0@0@com.donizetiferr.expertnabiblia>
06-25 23:12:07.338 W/FrameTracker(10059): Missed SF frame:PREDICTION_ERROR, 3101621, 0, CUJ=J<IME_INSETS_ANIMATION::0@0@com.donizetiferr.expertnabiblia>
06-25 23:12:07.339 W/FrameTracker(10059): Missed SF frame:PREDICTION_ERROR, 3101636, 0, CUJ=J<IME_INSETS_ANIMATION::0@0@com.donizetiferr.expertnabiblia>
06-25 23:12:07.339 W/FrameTracker(10059): Missed SF frame:PREDICTION_ERROR, 3101651, 0, CUJ=J<IME_INSETS_ANIMATION::0@0@com.donizetiferr.expertnabiblia>
06-25 23:12:07.339 W/FrameTracker(10059): Missed SF frame:PREDICTION_ERROR, 3101696, 0, CUJ=J<IME_INSETS_ANIMATION::0@0@com.donizetiferr.expertnabiblia>
06-25 23:12:07.339 W/FrameTracker(10059): Missed SF frame:PREDICTION_ERROR, 3101719, 0, CUJ=J<IME_INSETS_ANIMATION::0@0@com.donizetiferr.expertnabiblia>
06-25 23:12:07.339 W/FrameTracker(10059): Missed App frame:JANK_APP_DEADLINE_MISSED, 3101734, 0, CUJ=J<IME_INSETS_ANIMATION::0@0@com.donizetiferr.expertnabiblia>
06-25 23:12:07.341 V/PerfettoTrigger(10059): Triggering /system/bin/trigger_perfetto com.android.telemetry.interaction-jank-monitor-69
06-25 23:12:07.386 W/ReactNativeJS(10059): '[Layout children]: No route named "licoes" exists in nested children:', [ 'config',
06-25 23:12:07.386 W/ReactNativeJS(10059):   'index',
06-25 23:12:07.386 W/ReactNativeJS(10059):   'modos',
06-25 23:12:07.386 W/ReactNativeJS(10059):   'onboarding',
06-25 23:12:07.386 W/ReactNativeJS(10059):   'trofeu',
06-25 23:12:07.386 W/ReactNativeJS(10059):   'licoes/[moduloId]',
06-25 23:12:07.386 W/ReactNativeJS(10059):   'licoes/index',
06-25 23:12:07.386 W/ReactNativeJS(10059):   'licoes/[moduloId]/[licaoId]',
06-25 23:12:07.386 W/ReactNativeJS(10059):   'licoes/[moduloId]/[licaoId]/feedback',
06-25 23:12:07.386 W/ReactNativeJS(10059):   'licoes/[moduloId]/[licaoId]/final',
06-25 23:12:07.386 W/ReactNativeJS(10059):   'quiz/customizar',
06-25 23:12:07.386 W/ReactNativeJS(10059):   'quiz/final',
06-25 23:12:07.386 W/ReactNativeJS(10059):   'quiz/index',
06-25 23:12:07.386 W/ReactNativeJS(10059):   'quiz/jogar' ]
06-25 23:12:07.387 W/ReactNativeJS(10059): '[Layout children]: No route named "quiz" exists in nested children:', [ 'config',
06-25 23:12:07.387 W/ReactNativeJS(10059):   'index',
06-25 23:12:07.387 W/ReactNativeJS(10059):   'modos',
06-25 23:12:07.387 W/ReactNativeJS(10059):   'onboarding',
06-25 23:12:07.387 W/ReactNativeJS(10059):   'trofeu',
06-25 23:12:07.387 W/ReactNativeJS(10059):   'licoes/[moduloId]',
06-25 23:12:07.387 W/ReactNativeJS(10059):   'licoes/index',
06-25 23:12:07.387 W/ReactNativeJS(10059):   'licoes/[moduloId]/[licaoId]',
06-25 23:12:07.387 W/ReactNativeJS(10059):   'licoes/[moduloId]/[licaoId]/feedback',
06-25 23:12:07.387 W/ReactNativeJS(10059):   'licoes/[moduloId]/[licaoId]/final',
06-25 23:12:07.387 W/ReactNativeJS(10059):   'quiz/customizar',
06-25 23:12:07.387 W/ReactNativeJS(10059):   'quiz/final',
06-25 23:12:07.387 W/ReactNativeJS(10059):   'quiz/index',
06-25 23:12:07.387 W/ReactNativeJS(10059):   'quiz/jogar' ]
06-25 23:12:07.506 I/ImeTracker(10059): com.donizetiferr.expertnabiblia:b5c835b6: onRequestHide at ORIGIN_CLIENT_HIDE_SOFT_INPUT reason HIDE_SOFT_INPUT_BY_INSETS_API
06-25 23:12:07.515 I/ImeTracker(  544): com.donizetiferr.expertnabiblia:b5c835b6: onCancelled at PHASE_SERVER_SHOULD_HIDE
06-25 23:12:07.524 I/ImeTracker(10059): com.donizetiferr.expertnabiblia:ece80e2b: onHidden
06-25 23:12:07.613 W/unknown:ReactNative(10059): StatusBarModule: Ignored status bar change, current activity is edge-to-edge.
06-25 23:12:07.686 W/[RNScreens](10059): backTitleFontFamily prop is not available on Android
06-25 23:12:07.692 W/[RNScreens](10059): disableBackButtonMenu prop is not available on Android
06-25 23:12:07.696 W/[RNScreens](10059): backTitleVisible prop is not available on Android
06-25 23:12:07.711 W/[RNScreens](10059): topInsetEnabled prop is not available on Android
06-25 23:12:07.712 W/[RNScreens](10059): largeTitleHideShadow prop is not available on Android
06-25 23:12:07.712 W/[RNScreens](10059): largeTitleFontWeight prop is not available on Android
06-25 23:12:07.712 W/[RNScreens](10059): userInterfaceStyle prop is not available on Android
06-25 23:12:07.712 W/[RNScreens](10059): largeTitleFontFamily prop is not available on Android
06-25 23:12:07.729 I/ExoPlayerImpl(10059): Init 8fa285 [ExoPlayerLib/2.18.1] [emu64xa, sdk_gphone64_x86_64, Google, 34]
06-25 23:12:07.787 I/DMCodecAdapterFactory(10059): Creating an asynchronous MediaCodec adapter for track type audio
06-25 23:12:07.801 D/CCodec  (10059): allocate(c2.android.mp3.decoder)
06-25 23:12:07.801 I/ImeTracker(10059): com.donizetiferr.expertnabiblia:575aefcc: onRequestHide at ORIGIN_CLIENT_HIDE_SOFT_INPUT reason HIDE_SOFT_INPUT
06-25 23:12:07.802 I/ImeTracker(  544): com.donizetiferr.expertnabiblia:575aefcc: onCancelled at PHASE_SERVER_SHOULD_HIDE
06-25 23:12:07.805 I/CCodec  (10059): setting up 'default' as default (vendor) store
06-25 23:12:07.820 I/CCodec  (10059): Created component [c2.android.mp3.decoder]
06-25 23:12:07.827 D/CCodecConfig(10059): read media type: audio/mpeg
06-25 23:12:07.852 D/ReflectedParamUpdater(10059): extent() != 1 for single value type: algo.buffers.max-count.values
06-25 23:12:07.856 D/ReflectedParamUpdater(10059): extent() != 1 for single value type: output.subscribed-indices.values
06-25 23:12:07.859 D/ReflectedParamUpdater(10059): extent() != 1 for single value type: input.buffers.allocator-ids.values
06-25 23:12:07.860 D/ReflectedParamUpdater(10059): extent() != 1 for single value type: output.buffers.allocator-ids.values
06-25 23:12:07.860 D/ReflectedParamUpdater(10059): extent() != 1 for single value type: algo.buffers.allocator-ids.values
06-25 23:12:07.864 D/ReflectedParamUpdater(10059): extent() != 1 for single value type: output.buffers.pool-ids.values
06-25 23:12:07.868 D/ReflectedParamUpdater(10059): extent() != 1 for single value type: algo.buffers.pool-ids.values
06-25 23:12:07.871 D/BufferPoolAccessor2.0(10059): bufferpool2 0x72b009068af8 : 5(40960 size) total buffers - 1(8192 size) used buffers - 23771/23784 (recycle/alloc) - 56/47332 (fetch/transfer)
06-25 23:12:07.886 I/CCodecConfig(10059): query failed after returning 7 values (BAD_INDEX)
06-25 23:12:07.887 D/CCodecConfig(10059): c2 config diff is Dict {
06-25 23:12:07.887 D/CCodecConfig(10059):   c2::u32 coded.bitrate.value = 64000
06-25 23:12:07.887 D/CCodecConfig(10059):   c2::u32 input.buffers.max-size.value = 8192
06-25 23:12:07.887 D/CCodecConfig(10059):   c2::u32 input.delay.value = 0
06-25 23:12:07.887 D/CCodecConfig(10059):   string input.media-type.value = "audio/mpeg"
06-25 23:12:07.887 D/CCodecConfig(10059):   string output.media-type.value = "audio/raw"
06-25 23:12:07.887 D/CCodecConfig(10059):   c2::u32 raw.channel-count.value = 2
06-25 23:12:07.887 D/CCodecConfig(10059):   c2::u32 raw.sample-rate.value = 44100
06-25 23:12:07.887 D/CCodecConfig(10059): }
06-25 23:12:07.900 D/EGL_emulation(10059): app_time_stats: avg=37.00ms min=14.32ms max=139.43ms count=29
06-25 23:12:07.911 I/MediaCodec(10059): MediaCodec will operate in async mode
06-25 23:12:07.912 D/MediaCodec(10059): flushMediametrics
06-25 23:12:07.914 D/CCodec  (10059): [c2.android.mp3.decoder] buffers are bound to CCodec for this session
06-25 23:12:07.927 D/CCodecConfig(10059): no c2 equivalents for log-session-id
06-25 23:12:07.927 D/CCodecConfig(10059): no c2 equivalents for flags
06-25 23:12:07.931 D/CCodecConfig(10059): config failed => CORRUPTED
06-25 23:12:07.935 W/Codec2Client(10059): query -- param skipped: index = 1107298332.
06-25 23:12:07.935 D/CCodec  (10059): client requested max input size 4096, which is smaller than what component recommended (8192); overriding with component recommendation.
06-25 23:12:07.936 W/CCodec  (10059): This behavior is subject to change. It is recommended that app developers double check whether the requested max input size is in reasonable range.
06-25 23:12:07.937 D/CCodec  (10059): encoding statistics level = 0
06-25 23:12:07.937 D/CCodec  (10059): setup formats input: AMessage(what = 0x00000000) = {
06-25 23:12:07.937 D/CCodec  (10059):   int32_t bitrate = 64000
06-25 23:12:07.937 D/CCodec  (10059):   int32_t channel-count = 2
06-25 23:12:07.937 D/CCodec  (10059):   int32_t max-input-size = 8192
06-25 23:12:07.937 D/CCodec  (10059):   string mime = "audio/mpeg"
06-25 23:12:07.937 D/CCodec  (10059):   int32_t sample-rate = 44100
06-25 23:12:07.937 D/CCodec  (10059): }
06-25 23:12:07.938 D/AF::Track(  418): interceptBuffer: took 629us to intercept 0 tracks
06-25 23:12:07.943 D/CCodec  (10059): setup formats output: AMessage(what = 0x00000000) = {
06-25 23:12:07.943 D/CCodec  (10059):   int32_t channel-count = 2
06-25 23:12:07.943 D/CCodec  (10059):   string mime = "audio/raw"
06-25 23:12:07.943 D/CCodec  (10059):   int32_t sample-rate = 44100
06-25 23:12:07.943 D/CCodec  (10059):   int32_t android._config-pcm-encoding = 2
06-25 23:12:07.943 D/CCodec  (10059): }
06-25 23:12:07.945 I/CCodecConfig(10059): query failed after returning 7 values (BAD_INDEX)
06-25 23:12:07.958 D/MediaCodec(10059): keep callback message for reclaim
06-25 23:12:07.970 W/Codec2Client(10059): query -- param skipped: index = 1342179345.
06-25 23:12:07.971 W/Codec2Client(10059): query -- param skipped: index = 2415921170.
06-25 23:12:08.004 D/BufferPoolAccessor2.0(  484): bufferpool2 0x78aab46173d8 : 0(0 size) total buffers - 0(0 size) used buffers - 37/41 (recycle/alloc) - 4/41 (fetch/transfer)
06-25 23:12:08.005 D/BufferPoolAccessor2.0(  484): Destruction - bufferpool2 0x78aab46173d8 cached: 0/0M, 0/0% in use; allocs: 41, 90% recycled; transfers: 41, 90% unfetched
06-25 23:12:08.005 D/CCodecBufferChannel(10059): [c2.android.mp3.decoder#623] Created input block pool with allocatorID 16 => poolID 23 - OK (0)
06-25 23:12:08.014 I/CCodecBufferChannel(10059): [c2.android.mp3.decoder#623] Created output block pool with allocatorID 16 => poolID 83 - OK
06-25 23:12:08.018 D/CCodecBufferChannel(10059): [c2.android.mp3.decoder#623] Configured output block pool ids 83 => OK
06-25 23:12:08.028 D/BufferPoolAccessor2.0(10059): bufferpool2 0x72b009091028 : 0(0 size) total buffers - 0(0 size) used buffers - 43/48 (recycle/alloc) - 5/80 (fetch/transfer)
06-25 23:12:08.028 D/BufferPoolAccessor2.0(10059): Destruction - bufferpool2 0x72b009091028 cached: 0/0M, 0/0% in use; allocs: 48, 90% recycled; transfers: 80, 94% unfetched
06-25 23:12:08.042 D/SimpleC2Component(  484): Using output block pool with poolID 83 => got 83 - 0
06-25 23:12:08.043 D/AutofillManager(10059): view not autofillable - not passing ime action check
06-25 23:12:08.043 D/AutofillManager(10059): view not autofillable - not passing ime action check
06-25 23:12:08.069 I/C2SoftMp3Dec(  484): Reconfiguring decoder: 0->44100 Hz, 0->2 channels
06-25 23:12:08.138 W/AudioFlinger(  418): createTrack_l(): mismatch between requested flags (00000008) and output flags (00000002)
06-25 23:12:08.139 D/AudioFlinger(  418): Client defaulted notificationFrames to 8024 for frameCount 16048
06-25 23:12:08.150 D/AF::TrackHandle(  418): OpPlayAudio: track:114 usage:1 not muted
06-25 23:12:08.176 D/audioserver(  418): FGS Logger Transaction failed
06-25 23:12:08.177 D/audioserver(  418): -129
06-25 23:12:08.330 D/AudioTrack(10059): getTimestamp_l(74): device stall time corrected using current time 8010225268700
06-25 23:12:08.460 D/AF::Track(  418): interceptBuffer: took 636us to intercept 0 tracks
06-25 23:12:08.906 D/EGL_emulation(10059): app_time_stats: avg=21.94ms min=12.44ms max=69.87ms count=42
06-25 23:12:08.986 D/AudioTrack(10059): stop(74): called with 45504 frames delivered
06-25 23:12:09.478 I/ExoPlayerImpl(10059): Release 8fa285 [ExoPlayerLib/2.18.1] [emu64xa, sdk_gphone64_x86_64, Google, 34] [goog.exo.core, goog.exo.exoplayer, goog.exo.decoder, goog.exo.okhttp, goog.exo.datasource, goog.exo.extractor]
06-25 23:12:09.483 D/audioserver(  418): FGS Logger Transaction failed
06-25 23:12:09.483 D/audioserver(  418): -129
06-25 23:12:09.495 D/MediaCodec(10059): keep callback message for reclaim
06-25 23:12:09.500 I/CCodecConfig(10059): query failed after returning 7 values (BAD_INDEX)
06-25 23:12:09.504 D/audioserver(  418): FGS Logger Transaction failed
06-25 23:12:09.504 D/audioserver(  418): -129
06-25 23:12:09.512 W/Codec2Client(10059): query -- param skipped: index = 1342179345.
06-25 23:12:09.512 W/Codec2Client(10059): query -- param skipped: index = 2415921170.
06-25 23:12:09.527 D/CCodecBufferChannel(10059): [c2.android.mp3.decoder#623] MediaCodec discarded an unknown buffer
06-25 23:12:09.527 D/CCodecBufferChannel(10059): [c2.android.mp3.decoder#623] MediaCodec discarded an unknown buffer
06-25 23:12:09.527 D/CCodecBufferChannel(10059): [c2.android.mp3.decoder#623] MediaCodec discarded an unknown buffer
06-25 23:12:09.527 D/CCodecBufferChannel(10059): [c2.android.mp3.decoder#623] MediaCodec discarded an unknown buffer
06-25 23:12:09.535 I/hw-BpHwBinder(10059): onLastStrongRef automatically unlinking death recipients
06-25 23:12:09.535 I/hw-BpHwBinder(  484): onLastStrongRef automatically unlinking death recipients
06-25 23:12:09.542 D/MediaCodec(10059): flushMediametrics
06-25 23:12:09.546 D/MediaCodec(10059): flushMediametrics
06-25 23:12:09.546 W/MediaCodec(10059): no metrics handle found
06-25 23:12:09.661 D/AF::Track(  418): interceptBuffer: took 1156us to intercept 0 tracks
06-25 23:12:09.683 D/BufferPoolAccessor2.0(  484): bufferpool2 0x78aab4613ea8 : 3(13824 size) total buffers - 1(4608 size) used buffers - 23741/23766 (recycle/alloc) - 134/23765 (fetch/transfer)
06-25 23:12:09.823 D/AF::Track(  418): interceptBuffer: took 1345us to intercept 0 tracks
06-25 23:12:09.913 D/EGL_emulation(10059): app_time_stats: avg=18.46ms min=13.31ms max=51.81ms count=47
06-25 23:12:10.072 W/CpuMonitorService(  544): Current CPU frequency (3170490) is greater than maximum CPU frequency (2) for policy ID (0). Skipping CPU frequency policy
06-25 23:12:10.072 W/CpuMonitorService(  544): Current CPU frequency (3167570) is greater than maximum CPU frequency (2) for policy ID (1). Skipping CPU frequency policy
06-25 23:12:10.073 W/CpuMonitorService(  544): Current CPU frequency (3164981) is greater than maximum CPU frequency (2) for policy ID (2). Skipping CPU frequency policy
06-25 23:12:10.082 W/CpuMonitorService(  544): Current CPU frequency (3175209) is greater than maximum CPU frequency (2) for policy ID (3). Skipping CPU frequency policy
06-25 23:12:10.374 D/audioserver(  418): FGS Logger Transaction failed
06-25 23:12:10.375 D/audioserver(  418): -129
06-25 23:12:10.400 D/StatusBarIconController(  749): ignoring old pipeline callback because the new wifi icon is enabled
06-25 23:12:10.440 W/[RNScreens](10059): backTitleFontFamily prop is not available on Android
06-25 23:12:10.440 W/[RNScreens](10059): disableBackButtonMenu prop is not available on Android
06-25 23:12:10.440 W/[RNScreens](10059): backTitleVisible prop is not available on Android
06-25 23:12:10.441 W/[RNScreens](10059): topInsetEnabled prop is not available on Android
06-25 23:12:10.441 W/[RNScreens](10059): largeTitleHideShadow prop is not available on Android
06-25 23:12:10.444 W/[RNScreens](10059): largeTitleFontWeight prop is not available on Android
06-25 23:12:10.445 W/[RNScreens](10059): userInterfaceStyle prop is not available on Android
06-25 23:12:10.445 W/[RNScreens](10059): largeTitleFontFamily prop is not available on Android
06-25 23:12:10.476 W/ReactNativeJS(10059): '[Layout children]: No route named "licoes" exists in nested children:', [ 'config',
06-25 23:12:10.476 W/ReactNativeJS(10059):   'index',
06-25 23:12:10.476 W/ReactNativeJS(10059):   'modos',
06-25 23:12:10.476 W/ReactNativeJS(10059):   'onboarding',
06-25 23:12:10.476 W/ReactNativeJS(10059):   'trofeu',
06-25 23:12:10.476 W/ReactNativeJS(10059):   'licoes/[moduloId]',
06-25 23:12:10.476 W/ReactNativeJS(10059):   'licoes/index',
06-25 23:12:10.476 W/ReactNativeJS(10059):   'licoes/[moduloId]/[licaoId]',
06-25 23:12:10.476 W/ReactNativeJS(10059):   'licoes/[moduloId]/[licaoId]/feedback',
06-25 23:12:10.476 W/ReactNativeJS(10059):   'licoes/[moduloId]/[licaoId]/final',
06-25 23:12:10.476 W/ReactNativeJS(10059):   'quiz/customizar',
06-25 23:12:10.476 W/ReactNativeJS(10059):   'quiz/final',
06-25 23:12:10.476 W/ReactNativeJS(10059):   'quiz/index',
06-25 23:12:10.476 W/ReactNativeJS(10059):   'quiz/jogar' ]
06-25 23:12:10.478 W/ReactNativeJS(10059): '[Layout children]: No route named "quiz" exists in nested children:', [ 'config',
06-25 23:12:10.478 W/ReactNativeJS(10059):   'index',
06-25 23:12:10.478 W/ReactNativeJS(10059):   'modos',
06-25 23:12:10.478 W/ReactNativeJS(10059):   'onboarding',
06-25 23:12:10.478 W/ReactNativeJS(10059):   'trofeu',
06-25 23:12:10.478 W/ReactNativeJS(10059):   'licoes/[moduloId]',
06-25 23:12:10.478 W/ReactNativeJS(10059):   'licoes/index',
06-25 23:12:10.478 W/ReactNativeJS(10059):   'licoes/[moduloId]/[licaoId]',
06-25 23:12:10.478 W/ReactNativeJS(10059):   'licoes/[moduloId]/[licaoId]/feedback',
06-25 23:12:10.478 W/ReactNativeJS(10059):   'licoes/[moduloId]/[licaoId]/final',
06-25 23:12:10.478 W/ReactNativeJS(10059):   'quiz/customizar',
06-25 23:12:10.478 W/ReactNativeJS(10059):   'quiz/final',
06-25 23:12:10.478 W/ReactNativeJS(10059):   'quiz/index',
06-25 23:12:10.478 W/ReactNativeJS(10059):   'quiz/jogar' ]
06-25 23:12:10.516 W/unknown:ReactNative(10059): StatusBarModule: Ignored status bar change, current activity is edge-to-edge.
06-25 23:12:10.559 D/AutofillManager(10059): view not autofillable - not passing ime action check
06-25 23:12:10.559 D/AutofillManager(10059): view not autofillable - not passing ime action check
06-25 23:12:10.564 D/AutofillManager(10059): view not autofillable - not passing ime action check
06-25 23:12:10.570 D/AutofillManager(10059): view not autofillable - not passing ime action check
06-25 23:12:10.615 D/audioserver(  418): FGS Logger Transaction failed
06-25 23:12:10.616 D/audioserver(  418): -129
06-25 23:12:10.791 I/ImeTracker(10059): com.donizetiferr.expertnabiblia:8207e931: onRequestHide at ORIGIN_CLIENT_HIDE_SOFT_INPUT reason HIDE_SOFT_INPUT
06-25 23:12:10.792 I/ImeTracker(  544): com.donizetiferr.expertnabiblia:8207e931: onCancelled at PHASE_SERVER_SHOULD_HIDE
06-25 23:12:10.887 D/MediaCodec(10059): keep callback message for reclaim
06-25 23:12:10.894 I/CCodecConfig(10059): query failed after returning 7 values (BAD_INDEX)
06-25 23:12:10.899 W/Codec2Client(10059): query -- param skipped: index = 1342179345.
06-25 23:12:10.900 W/Codec2Client(10059): query -- param skipped: index = 2415921170.
06-25 23:12:10.928 D/EGL_emulation(10059): app_time_stats: avg=22.36ms min=13.47ms max=111.43ms count=40
06-25 23:12:11.113 D/AudioFlinger(  418): mixer(0x7eac95bc9930) throttle end: throttle time(2)
06-25 23:12:11.870 I/.expertnabiblia(10059): Background young concurrent copying GC freed 338613(11MB) AllocSpace objects, 6(248KB) LOS objects, 42% free, 15MB/26MB, paused 7.251ms,140us total 115.011ms
06-25 23:12:11.944 D/EGL_emulation(10059): app_time_stats: avg=16.06ms min=11.40ms max=23.37ms count=50
06-25 23:12:11.999 D/AF::Track(  418): interceptBuffer: took 2486us to intercept 0 tracks
06-25 23:12:12.612 D/AutofillManager(10059): view not autofillable - not passing ime action check
06-25 23:12:12.622 I/GoogleInputMethodService( 1389): GoogleInputMethodService.onFinishInput():3227 
06-25 23:12:12.623 I/ImeTracker(10059): com.donizetiferr.expertnabiblia:a067e970: onRequestShow at ORIGIN_CLIENT_SHOW_SOFT_INPUT reason SHOW_SOFT_INPUT
06-25 23:12:12.623 D/InputMethodManager(10059): showSoftInput() view=com.facebook.react.views.textinput.ReactEditText{31bde36 VFED..CL. .F.P..ID 111,1267-905,1410 #90a aid=1073741838} flags=0 reason=SHOW_SOFT_INPUT
06-25 23:12:12.627 I/GoogleInputMethodService( 1389): GoogleInputMethodService.updateDeviceLockedStatus():2087 repeatCheckTimes = 0, unlocked = true
06-25 23:12:12.627 I/GoogleInputMethodService( 1389): GoogleInputMethodService.onStartInput():1877 onStartInput(EditorInfo{inputType=0x84001(Normal) imeOptions=0x4 privateImeOptions=null actionName=SEND actionLabel=null actionId=0 initialSelStart=0 initialSelEnd=0 initialCapsMode=0x2000 hintText=non-empty label=null packageName=com.donizetiferr.expertnabiblia fieldId=2314 fieldName=null extras=Bundle[mParcelledData.dataSize=240]}, false)
06-25 23:12:12.630 I/GoogleInputMethodService( 1389): GoogleInputMethodService.shouldHideHeaderOnInitialState():4008 ShouldHideHeaderOnInitialState = false
06-25 23:12:12.632 W/ProcessStats(  544): Tracking association SourceState{c60347e system/1000 BFgs #6969} whose proc state 4 is better than process ProcessState{5e13851 com.google.android.inputmethod.latin/10140 pkg=com.google.android.inputmethod.latin} proc state 6 (9 skipped)
06-25 23:12:12.637 I/GoogleInputMethodService( 1389): GoogleInputMethodService.updateDeviceLockedStatus():2087 repeatCheckTimes = 2, unlocked = true
06-25 23:12:12.644 I/DeviceModeUtil( 1389): DeviceModeUtil.getDeviceMode():122 Get device mode tablet_large by ui mode:1 and smallestScreenWidthDp:411
06-25 23:12:12.651 I/GoogleInputMethodService( 1389): GoogleInputMethodService.onStartInputView():1995 onStartInputView(EditorInfo{inputType=0x84001(Normal) imeOptions=0x4 privateImeOptions=null actionName=SEND actionLabel=null actionId=0 initialSelStart=0 initialSelEnd=0 initialCapsMode=0x2000 hintText=non-empty label=null packageName=com.donizetiferr.expertnabiblia fieldId=2314 fieldName=null extras=Bundle[{android.support.text.emoji.emojiCompat_metadataVersion=9, android.support.text.emoji.emojiCompat_replaceAll=false}]}, false)
06-25 23:12:12.654 I/DeviceModeUtil( 1389): DeviceModeUtil.getDeviceMode():122 Get device mode tablet_large by ui mode:1 and smallestScreenWidthDp:411
06-25 23:12:12.659 I/GoogleInputMethodService( 1389): GoogleInputMethodService.updateDeviceLockedStatus():2087 repeatCheckTimes = 2, unlocked = true
06-25 23:12:12.659 W/ModuleManager( 1389): ModuleManager.loadModule():450 Module erj is not available
06-25 23:12:12.667 I/KeyboardViewUtil( 1389): KeyboardViewUtil.getKeyboardHeightRatio():189 systemKeyboardHeightRatio:1.000000; userKeyboardHeightRatio:1.000000.
06-25 23:12:12.673 I/ImeTracker(10059): com.donizetiferr.expertnabiblia:d44a583d: onRequestShow at ORIGIN_CLIENT_SHOW_SOFT_INPUT reason SHOW_SOFT_INPUT
06-25 23:12:12.674 D/InputMethodManager(10059): showSoftInput() view=com.facebook.react.views.textinput.ReactEditText{31bde36 VFED..CL. .F.P.... 111,1267-905,1410 #90a aid=1073741838} flags=0 reason=SHOW_SOFT_INPUT
06-25 23:12:12.678 D/audioserver(  418): FGS Logger Transaction failed
06-25 23:12:12.679 D/audioserver(  418): -129
06-25 23:12:12.682 I/AndroidIME( 1389): AbstractIme.onActivate():86 LatinIme.onActivate() : EditorInfo = inputType=0x84001(Normal) imeOptions=0x4 privateImeOptions=null actionName=SEND actionLabel=null actionId=0 initialSelStart=0 initialSelEnd=0 initialCapsMode=0x2000 hintText=non-empty label=null packageName=com.donizetiferr.expertnabiblia fieldId=2314 fieldName=null extras=Bundle[{android.support.text.emoji.emojiCompat_metadataVersion=9, android.support.text.emoji.emojiCompat_replaceAll=false}], IncognitoMode = false, DeviceLocked = false
06-25 23:12:12.690 D/AudioAnalytics(  472): gc(1700, 2000): log size:1700 item map size:12, item map items:1700
06-25 23:12:12.694 I/Delight5Facilitator( 1389): Delight5Facilitator.initializeForIme():777 initializeForIme() : Locale = [en_US], layout = qwerty
06-25 23:12:12.694 I/VoiceInputManagerWrapper( 1389): VoiceInputManagerWrapper.cancelShutdown():55 cancelShutdown()
06-25 23:12:12.696 I/VoiceInputManagerWrapper( 1389): VoiceInputManagerWrapper.syncLanguagePacks():67 syncLanguagePacks()
06-25 23:12:12.701 I/LatinIme( 1389): LatinIme.updateEnableInlineSuggestionsOnDecoderSideFlags():1003 inline flag updated to:false
06-25 23:12:12.706 I/SpeechFactory( 1389): SpeechRecognitionFactory.maybeScheduleAutoPackDownloadForFallback():205 maybeScheduleAutoPackDownloadForFallback()
06-25 23:12:12.708 I/FallbackOnDeviceRecognitionProvider( 1389): FallbackOnDeviceRecognitionProvider.maybeScheduleAutoPackDownload():195 maybeScheduleAutoPackDownload() for language tag en-US
06-25 23:12:12.746 I/KeyboardWrapper( 1389): KeyboardWrapper.consumeEvent():275 Skip consuming an event as current keyboard is deactivated (state=0, keyboard existence=true)
06-25 23:12:12.786 I/KeyboardViewHelper( 1389): KeyboardViewHelper.getView():170 Get view with height ratio:1.000000
06-25 23:12:12.820 I/KeyboardViewUtil( 1389): KeyboardViewUtil.calculateMaxKeyboardBodyHeight():40 leave 354 height for app when screen height:1920, header height:131 and isFullscreenMode:false, so the max keyboard body height is:1435
06-25 23:12:12.824 I/DeviceModeUtil( 1389): DeviceModeUtil.getDeviceMode():122 Get device mode tablet_large by ui mode:1 and smallestScreenWidthDp:411
06-25 23:12:12.827 I/GoogleInputMethodService( 1389): GoogleInputMethodService.setKeyboardViewShown():3483 setKeyboardViewShown() : type = HEADER, shownType = SHOW_OPTIONAL
06-25 23:12:12.828 I/GoogleInputMethodService( 1389): GoogleInputMethodService.setKeyboardViewShown():3530 setKeyboardViewShown() : shouldShow = true
06-25 23:12:12.832 I/GoogleInputMethodService( 1389): GoogleInputMethodService.setKeyboardViewShown():3483 setKeyboardViewShown() : type = BODY, shownType = SHOW_MANDATORY
06-25 23:12:12.832 I/GoogleInputMethodService( 1389): GoogleInputMethodService.setKeyboardViewShown():3530 setKeyboardViewShown() : shouldShow = true
06-25 23:12:12.833 I/GoogleInputMethodService( 1389): GoogleInputMethodService.setKeyboardViewShown():3483 setKeyboardViewShown() : type = FLOATING_CANDIDATES, shownType = HIDE
06-25 23:12:12.834 I/GoogleInputMethodService( 1389): GoogleInputMethodService.setKeyboardViewShown():3530 setKeyboardViewShown() : shouldShow = false
06-25 23:12:12.836 I/KeyboardViewUtil( 1389): KeyboardViewUtil.calculateMaxKeyboardBodyHeight():40 leave 354 height for app when screen height:1920, header height:131 and isFullscreenMode:false, so the max keyboard body height is:1435
06-25 23:12:12.843 I/DeviceModeUtil( 1389): DeviceModeUtil.getDeviceMode():122 Get device mode tablet_large by ui mode:1 and smallestScreenWidthDp:411
06-25 23:12:12.850 I/DeviceModeUtil( 1389): DeviceModeUtil.getDeviceMode():122 Get device mode tablet_large by ui mode:1 and smallestScreenWidthDp:411
06-25 23:12:12.851 I/DeviceModeUtil( 1389): DeviceModeUtil.getDeviceMode():122 Get device mode tablet_large by ui mode:1 and smallestScreenWidthDp:411
06-25 23:12:12.853 I/KeyboardModeManager( 1389): KeyboardModeManager.setInputView():364 setInputView() : supportsOneHandedMode=true
06-25 23:12:12.856 I/NormalModeController( 1389): NormalModeController.getKeyboardBodyViewHolderPaddingBottom():116 currentPrimeKeyboardType:SOFT systemPaddingBottom:-1
06-25 23:12:12.858 I/AndroidIME( 1389): KeyboardViewManager.updateKeyboardBodyViewHolderPaddingBottom():604 Set finalPaddingBottom = 0 while keyboardBottomGapFromScreen = 0; navigationHeight = 0
06-25 23:12:12.860 I/NormalModeController( 1389): NormalModeController.getKeyboardBodyViewHolderPaddingBottom():116 currentPrimeKeyboardType:SOFT systemPaddingBottom:-1
06-25 23:12:12.870 I/AndroidIME( 1389): KeyboardViewManager.updateKeyboardBodyViewHolderPaddingBottom():604 Set finalPaddingBottom = 0 while keyboardBottomGapFromScreen = 0; navigationHeight = 0
06-25 23:12:12.872 I/KeyboardModeManager( 1389): KeyboardModeManager.setInputView():356 setInputView() : entry=hwn{languageTag=en-US, variant=qwerty, hasLocalizedResources=true, conditionCacheKey=_device=tablet_device_size=large_enable_adaptive_text_editing=true_enable_inline_suggestions_on_client_side=false_enable_large_tablet_batch_1=false_enable_large_tablet_batch_2=false_enable_more_candidates_view_for_multilingual=false_enable_nav_redesign=false_enable_number_row=false_enable_preemptive_decode=true_enable_secondary_symbols=false_expressions=normal_four_or_more_letter_rows=false_keyboard_mode=normal_language=en-US_orientation=portrait_physical_keyboard=qwerty_show_secondary_digits=true_show_suggestions=true_split_with_duplicate_keys=true_variant=qwerty, imeDef.stringId=ime_english_united_states, imeDef.className=com.google.android.apps.inputmethod.libs.latin5.LatinIme, imeDef.languageTag=en-US}
06-25 23:12:12.886 I/VoiceImeExtension( 1389): VoiceImeExtension.shouldStartVoiceInputAutomatically():383 No private IME option set to start voice input.
06-25 23:12:12.927 D/audioserver(  418): FGS Logger Transaction failed
06-25 23:12:12.927 D/audioserver(  418): -129
06-25 23:12:12.931 D/BufferPoolAccessor2.0(10059): bufferpool2 0x72b009068af8 : 5(40960 size) total buffers - 4(32768 size) used buffers - 23969/23983 (recycle/alloc) - 60/47723 (fetch/transfer)
06-25 23:12:12.950 D/CoreBackPreview(  544): Window{5b34cf8 u0 com.donizetiferr.expertnabiblia/com.donizetiferr.expertnabiblia.MainActivity}: Setting back callback OnBackInvokedCallbackInfo{mCallback=android.window.IOnBackInvokedCallback$Stub$Proxy@ff93def, mPriority=0, mIsAnimationCallback=false}
06-25 23:12:12.958 D/EGL_emulation(10059): app_time_stats: avg=19.05ms min=12.59ms max=59.82ms count=46
06-25 23:12:12.989 D/BoundBrokerSvc( 1658): onBind: Intent { act=com.google.android.gms.common.BIND_SHARED_PREFS pkg=com.google.android.gms }
06-25 23:12:12.990 D/BoundBrokerSvc( 1658): Loading bound service for intent: Intent { act=com.google.android.gms.common.BIND_SHARED_PREFS pkg=com.google.android.gms }
06-25 23:12:13.005 I/DeviceModeUtil( 1389): DeviceModeUtil.getDeviceMode():122 Get device mode tablet_large by ui mode:1 and smallestScreenWidthDp:411
06-25 23:12:13.012 I/ImeTracker(  544): com.donizetiferr.expertnabiblia:a067e970: onFailed at PHASE_WM_SHOW_IME_RUNNER
06-25 23:12:13.018 I/DeviceModeUtil( 1389): DeviceModeUtil.getDeviceMode():122 Get device mode tablet_large by ui mode:1 and smallestScreenWidthDp:411
06-25 23:12:13.023 D/BoundBrokerSvc( 1658): onUnbind: Intent { act=com.google.android.gms.common.BIND_SHARED_PREFS pkg=com.google.android.gms }
06-25 23:12:13.031 I/DeviceModeUtil( 1389): DeviceModeUtil.getDeviceMode():122 Get device mode tablet_large by ui mode:1 and smallestScreenWidthDp:411
06-25 23:12:13.036 I/NormalModeController( 1389): NormalModeController.getKeyboardBodyViewHolderPaddingBottom():116 currentPrimeKeyboardType:SOFT systemPaddingBottom:-1
06-25 23:12:13.042 D/InsetsController(10059): show(ime(), fromIme=true)
06-25 23:12:13.043 I/Delight5Decoder( 1389): Delight5DecoderWrapper.setKeyboardLayout():457 setKeyboardLayout()
06-25 23:12:13.067 I/Delight5Decoder( 1389): Delight5DecoderWrapper.setKeyboardLayout():457 setKeyboardLayout()
06-25 23:12:13.101 W/TooltipLifecycleManager( 1389): TooltipLifecycleManager.dismissTooltips():159 Tooltip with id spell_check_add_to_dictionary not found in tooltipManager.
06-25 23:12:13.116 D/BoundBrokerSvc( 1658): onBind: Intent { act=com.google.android.gms.common.BIND_SHARED_PREFS pkg=com.google.android.gms }
06-25 23:12:13.122 D/BoundBrokerSvc( 1658): Loading bound service for intent: Intent { act=com.google.android.gms.common.BIND_SHARED_PREFS pkg=com.google.android.gms }
06-25 23:12:13.126 D/BufferPoolAccessor2.0(10059): evictor expired: 1, evicted: 0
06-25 23:12:13.137 D/BoundBrokerSvc( 1658): onUnbind: Intent { act=com.google.android.gms.common.BIND_SHARED_PREFS pkg=com.google.android.gms }
06-25 23:12:13.153 W/FrameTracker(10059): Missed SF frame:PREDICTION_ERROR, 3105212, 0, CUJ=J<IME_INSETS_ANIMATION::1@0@com.donizetiferr.expertnabiblia>
06-25 23:12:13.154 W/FrameTracker(10059): Missed App frame:JANK_APP_DEADLINE_MISSED, 3105227, 0, CUJ=J<IME_INSETS_ANIMATION::1@0@com.donizetiferr.expertnabiblia>
06-25 23:12:13.154 W/FrameTracker(10059): Missed SF frame:PREDICTION_ERROR, 3105249, 0, CUJ=J<IME_INSETS_ANIMATION::1@0@com.donizetiferr.expertnabiblia>
06-25 23:12:13.154 W/FrameTracker(10059): Missed App frame:UNKNOWN: 88, 3105257, 0, CUJ=J<IME_INSETS_ANIMATION::1@0@com.donizetiferr.expertnabiblia>
06-25 23:12:13.154 W/FrameTracker(10059): Missed SF frame:UNKNOWN: 88, 3105257, 0, CUJ=J<IME_INSETS_ANIMATION::1@0@com.donizetiferr.expertnabiblia>
06-25 23:12:13.154 W/FrameTracker(10059): Missed SF frame:PREDICTION_ERROR, 3105287, 0, CUJ=J<IME_INSETS_ANIMATION::1@0@com.donizetiferr.expertnabiblia>
06-25 23:12:13.156 W/FrameTracker(10059): Missed App frame:JANK_APP_DEADLINE_MISSED, 3105309, 0, CUJ=J<IME_INSETS_ANIMATION::1@0@com.donizetiferr.expertnabiblia>
06-25 23:12:13.160 V/PerfettoTrigger(10059): Not triggering com.android.telemetry.interaction-jank-monitor-69 - not enough time since last trigger
06-25 23:12:13.216 D/BufferPoolAccessor2.0(  484): evictor expired: 1, evicted: 0
06-25 23:12:13.311 I/ImeTracker(10059): com.donizetiferr.expertnabiblia:d44a583d: onShown
06-25 23:12:13.412 D/StatusBarIconController(  749): ignoring old pipeline callback because the new wifi icon is enabled
06-25 23:12:13.612 D/StatusBarIconController(  749): ignoring old pipeline callbacks, because the new mobile icons are enabled
06-25 23:12:13.940 I/GoogleInputMethodService( 1389): GoogleInputMethodService.setKeyboardViewShown():3483 setKeyboardViewShown() : type = HEADER, shownType = SHOW_MANDATORY_WITH_ANIMATION
06-25 23:12:13.946 I/GoogleInputMethodService( 1389): GoogleInputMethodService.setKeyboardViewShown():3530 setKeyboardViewShown() : shouldShow = true
06-25 23:12:13.975 D/EGL_emulation(10059): app_time_stats: avg=18.41ms min=11.00ms max=53.01ms count=46
06-25 23:12:14.091 I/GoogleInputMethodService( 1389): GoogleInputMethodService.setKeyboardViewShown():3483 setKeyboardViewShown() : type = HEADER, shownType = SHOW_MANDATORY_WITH_ANIMATION
06-25 23:12:14.094 I/GoogleInputMethodService( 1389): GoogleInputMethodService.setKeyboardViewShown():3530 setKeyboardViewShown() : shouldShow = true
06-25 23:12:14.124 D/EGL_emulation( 1389): app_time_stats: avg=223.11ms min=18.56ms max=862.22ms count=5
06-25 23:12:14.198 I/GoogleInputMethodService( 1389): GoogleInputMethodService.setKeyboardViewShown():3483 setKeyboardViewShown() : type = HEADER, shownType = SHOW_MANDATORY_WITH_ANIMATION
06-25 23:12:14.198 I/GoogleInputMethodService( 1389): GoogleInputMethodService.setKeyboardViewShown():3530 setKeyboardViewShown() : shouldShow = true
06-25 23:12:14.357 I/GoogleInputMethodService( 1389): GoogleInputMethodService.setKeyboardViewShown():3483 setKeyboardViewShown() : type = HEADER, shownType = SHOW_MANDATORY_WITH_ANIMATION
06-25 23:12:14.358 I/GoogleInputMethodService( 1389): GoogleInputMethodService.setKeyboardViewShown():3530 setKeyboardViewShown() : shouldShow = true
06-25 23:12:14.419 I/native  ( 1389): I0000 00:00:1782429134.418945    2142 input-context-store.cc:255] Ignoring stale client request for FetchSuggestions
06-25 23:12:14.432 W/InputContextProxyV4( 1389): InputContextProxyV4.applyClientDiffInternal():897 Ignore [FetchSuggestions] diff due to stale request: 4785<4788, inputStateId=4406, lastInputStateId=4406
06-25 23:12:14.445 D/AF::Track(  418): interceptBuffer: took 758us to intercept 0 tracks
06-25 23:12:14.468 I/native  ( 1389): I0000 00:00:1782429134.467997    2142 input-context-store.cc:255] Ignoring stale client request for FetchSuggestions
06-25 23:12:14.471 I/native  ( 1389): I0000 00:00:1782429134.471680    2142 input-context-store.cc:178] Ignoring stale client request for OverrideDecodedCandidates
06-25 23:12:14.490 W/InputContextProxyV4( 1389): InputContextProxyV4.applyClientDiffInternal():897 Ignore [FetchSuggestions] diff due to stale request: 4788<4792, inputStateId=0, lastInputStateId=4409
06-25 23:12:14.560 I/GoogleInputMethodService( 1389): GoogleInputMethodService.setKeyboardViewShown():3483 setKeyboardViewShown() : type = HEADER, shownType = SHOW_MANDATORY_WITH_ANIMATION
06-25 23:12:14.567 I/GoogleInputMethodService( 1389): GoogleInputMethodService.setKeyboardViewShown():3530 setKeyboardViewShown() : shouldShow = true
06-25 23:12:14.640 I/GoogleInputMethodService( 1389): GoogleInputMethodService.setKeyboardViewShown():3483 setKeyboardViewShown() : type = HEADER, shownType = SHOW_MANDATORY_WITH_ANIMATION
06-25 23:12:14.647 I/GoogleInputMethodService( 1389): GoogleInputMethodService.setKeyboardViewShown():3530 setKeyboardViewShown() : shouldShow = true
06-25 23:12:14.710 I/GoogleInputMethodService( 1389): GoogleInputMethodService.setKeyboardViewShown():3483 setKeyboardViewShown() : type = HEADER, shownType = SHOW_MANDATORY_WITH_ANIMATION
06-25 23:12:14.711 I/GoogleInputMethodService( 1389): GoogleInputMethodService.setKeyboardViewShown():3530 setKeyboardViewShown() : shouldShow = true
06-25 23:12:14.725 D/BufferPoolAccessor2.0(  484): bufferpool2 0x78aab4613ea8 : 5(20548 size) total buffers - 2(9216 size) used buffers - 23937/23964 (recycle/alloc) - 136/23964 (fetch/transfer)
06-25 23:12:14.804 I/GoogleInputMethodService( 1389): GoogleInputMethodService.setKeyboardViewShown():3483 setKeyboardViewShown() : type = HEADER, shownType = SHOW_MANDATORY_WITH_ANIMATION
06-25 23:12:14.805 I/GoogleInputMethodService( 1389): GoogleInputMethodService.setKeyboardViewShown():3530 setKeyboardViewShown() : shouldShow = true
06-25 23:12:14.975 I/wpa_supplicant( 3589): wlan0: CTRL-EVENT-BEACON-LOSS 
06-25 23:12:14.993 D/EGL_emulation(10059): app_time_stats: avg=19.73ms min=11.10ms max=43.03ms count=43
06-25 23:12:15.006 I/native  ( 1389): I0000 00:00:1782429134.923079    2142 input-context-store.cc:255] Ignoring stale client request for FetchSuggestions
06-25 23:12:15.024 W/InputContextProxyV4( 1389): InputContextProxyV4.applyClientDiffInternal():897 Ignore [FetchSuggestions] diff due to stale request: 4801<4803, inputStateId=4418, lastInputStateId=4418
06-25 23:12:15.101 D/AF::Track(  418): interceptBuffer: took 938us to intercept 0 tracks
06-25 23:12:15.130 I/native  ( 1389): I0000 00:00:1782429135.047513    2142 input-context-store.cc:255] Ignoring stale client request for FetchSuggestions
06-25 23:12:15.134 D/BufferPoolAccessor2.0(10059): bufferpool2 0x72b009085978 : 0(0 size) total buffers - 0(0 size) used buffers - 42/47 (recycle/alloc) - 5/80 (fetch/transfer)
06-25 23:12:15.136 D/BufferPoolAccessor2.0(10059): evictor expired: 1, evicted: 1
06-25 23:12:15.151 I/native  ( 1389): I0000 00:00:1782429135.070434    2142 input-context-store.cc:178] Ignoring stale client request for OverrideDecodedCandidates
06-25 23:12:15.172 W/InputContextProxyV4( 1389): InputContextProxyV4.applyClientDiffInternal():897 Ignore [FetchSuggestions] diff due to stale request: 4803<4810, inputStateId=0, lastInputStateId=4422
06-25 23:12:15.205 I/native  ( 1389): I0000 00:00:1782429135.205140    2142 input-context-store.cc:255] Ignoring stale client request for FetchSuggestions
06-25 23:12:15.223 D/BufferPoolAccessor2.0(  484): bufferpool2 0x78aab46173d8 : 0(0 size) total buffers - 0(0 size) used buffers - 37/41 (recycle/alloc) - 4/41 (fetch/transfer)
06-25 23:12:15.223 D/BufferPoolAccessor2.0(  484): evictor expired: 1, evicted: 1
06-25 23:12:15.251 D/EGL_emulation( 1389): app_time_stats: avg=140.83ms min=55.05ms max=411.96ms count=8
06-25 23:12:15.255 I/native  ( 1389): I0000 00:00:1782429135.255801    2142 input-context-store.cc:178] Ignoring stale client request for OverrideDecodedCandidates
06-25 23:12:15.341 W/Delight5Decoder( 1389): Delight5DecoderWrapper.shouldAbandonMessage():1983 Detected old [FetchSuggestions] request in background: 4817<4818
06-25 23:12:15.342 W/InputContextProxyV4( 1389): InputContextProxyV4.applyClientDiffInternal():897 Ignore [FetchSuggestions] diff due to stale request: 4809<4818, inputStateId=0, lastInputStateId=4428
06-25 23:12:15.358 W/InputContextProxyV4( 1389): InputContextProxyV4.applyClientDiffInternal():897 Ignore [FetchSuggestions] diff due to stale request: 4815<4818, inputStateId=4426, lastInputStateId=4428
06-25 23:12:15.428 I/GoogleInputMethodService( 1389): GoogleInputMethodService.setKeyboardViewShown():3483 setKeyboardViewShown() : type = HEADER, shownType = SHOW_MANDATORY_WITH_ANIMATION
06-25 23:12:15.428 I/GoogleInputMethodService( 1389): GoogleInputMethodService.setKeyboardViewShown():3530 setKeyboardViewShown() : shouldShow = true
06-25 23:12:15.493 I/GoogleInputMethodService( 1389): GoogleInputMethodService.setKeyboardViewShown():3483 setKeyboardViewShown() : type = HEADER, shownType = SHOW_MANDATORY_WITH_ANIMATION
06-25 23:12:15.494 I/GoogleInputMethodService( 1389): GoogleInputMethodService.setKeyboardViewShown():3530 setKeyboardViewShown() : shouldShow = true
06-25 23:12:15.556 I/GoogleInputMethodService( 1389): GoogleInputMethodService.setKeyboardViewShown():3483 setKeyboardViewShown() : type = HEADER, shownType = SHOW_MANDATORY_WITH_ANIMATION
06-25 23:12:15.558 I/GoogleInputMethodService( 1389): GoogleInputMethodService.setKeyboardViewShown():3530 setKeyboardViewShown() : shouldShow = true
06-25 23:12:15.692 I/GoogleInputMethodService( 1389): GoogleInputMethodService.setKeyboardViewShown():3483 setKeyboardViewShown() : type = HEADER, shownType = SHOW_MANDATORY_WITH_ANIMATION
06-25 23:12:15.694 I/GoogleInputMethodService( 1389): GoogleInputMethodService.setKeyboardViewShown():3530 setKeyboardViewShown() : shouldShow = true
06-25 23:12:15.830 I/GoogleInputMethodService( 1389): GoogleInputMethodService.setKeyboardViewShown():3483 setKeyboardViewShown() : type = HEADER, shownType = SHOW_MANDATORY_WITH_ANIMATION
06-25 23:12:15.836 I/GoogleInputMethodService( 1389): GoogleInputMethodService.setKeyboardViewShown():3530 setKeyboardViewShown() : shouldShow = true
06-25 23:12:15.996 D/EGL_emulation(10059): app_time_stats: avg=21.58ms min=12.31ms max=45.39ms count=39
06-25 23:12:16.044 I/native  ( 1389): I0000 00:00:1782429136.043967    2142 input-context-store.cc:255] Ignoring stale client request for FetchSuggestions
06-25 23:12:16.091 W/InputContextProxyV4( 1389): InputContextProxyV4.applyClientDiffInternal():897 Ignore [FetchSuggestions] diff due to stale request: 4830<4832, inputStateId=4440, lastInputStateId=4440
06-25 23:12:16.126 I/GoogleInputMethodService( 1389): GoogleInputMethodService.setKeyboardViewShown():3483 setKeyboardViewShown() : type = HEADER, shownType = SHOW_MANDATORY_WITH_ANIMATION
06-25 23:12:16.126 I/GoogleInputMethodService( 1389): GoogleInputMethodService.setKeyboardViewShown():3530 setKeyboardViewShown() : shouldShow = true
06-25 23:12:16.172 I/GoogleInputMethodService( 1389): GoogleInputMethodService.setKeyboardViewShown():3483 setKeyboardViewShown() : type = HEADER, shownType = SHOW_MANDATORY_WITH_ANIMATION
06-25 23:12:16.172 I/GoogleInputMethodService( 1389): GoogleInputMethodService.setKeyboardViewShown():3530 setKeyboardViewShown() : shouldShow = true
06-25 23:12:16.273 I/native  ( 1389): I0000 00:00:1782429136.273195    2142 input-context-store.cc:255] Ignoring stale client request for FetchSuggestions
06-25 23:12:16.298 I/native  ( 1389): I0000 00:00:1782429136.298669    2142 input-context-store.cc:178] Ignoring stale client request for OverrideDecodedCandidates
06-25 23:12:16.362 D/EGL_emulation( 1389): app_time_stats: avg=123.15ms min=61.00ms max=174.46ms count=9
06-25 23:12:16.376 W/InputContextProxyV4( 1389): InputContextProxyV4.applyClientDiffInternal():897 Ignore [FetchSuggestions] diff due to stale request: 4836<4841, inputStateId=0, lastInputStateId=4449
06-25 23:12:16.425 W/InputContextProxyV4( 1389): InputContextProxyV4.applyClientDiffInternal():897 Ignore [FetchSuggestions] diff due to stale request: 4839<4844, inputStateId=4448, lastInputStateId=4452
06-25 23:12:16.447 W/InputContextProxyV4( 1389): InputContextProxyV4.applyClientDiffInternal():897 Ignore [FetchSuggestions] diff due to stale request: 4841<4844, inputStateId=4450, lastInputStateId=4452
06-25 23:12:16.448 D/StatusBarIconController(  749): ignoring old pipeline callback because the new wifi icon is enabled
06-25 23:12:16.451 W/InputContextProxyV4( 1389): InputContextProxyV4.applyClientDiffInternal():897 Ignore [FetchSuggestions] diff due to stale request: 4842<4844, inputStateId=4451, lastInputStateId=4452
06-25 23:12:16.454 I/GoogleInputMethodService( 1389): GoogleInputMethodService.setKeyboardViewShown():3483 setKeyboardViewShown() : type = HEADER, shownType = SHOW_MANDATORY_WITH_ANIMATION
06-25 23:12:16.455 I/GoogleInputMethodService( 1389): GoogleInputMethodService.setKeyboardViewShown():3530 setKeyboardViewShown() : shouldShow = true
06-25 23:12:16.533 I/native  ( 1389): I0000 00:00:1782429136.632448    2142 input-context-store.cc:255] Ignoring stale client request for FetchSuggestions
06-25 23:12:16.543 I/native  ( 1389): I0000 00:00:1782429136.539158    2142 input-context-store.cc:178] Ignoring stale client request for OverrideDecodedCandidates
06-25 23:12:16.550 W/InputContextProxyV4( 1389): InputContextProxyV4.applyClientDiffInternal():897 Ignore [FetchSuggestions] diff due to stale request: 4846<4847, inputStateId=0, lastInputStateId=4456
06-25 23:12:16.556 D/AF::Track(  418): interceptBuffer: took 1221us to intercept 0 tracks
06-25 23:12:16.603 I/GoogleInputMethodService( 1389): GoogleInputMethodService.setKeyboardViewShown():3483 setKeyboardViewShown() : type = HEADER, shownType = SHOW_MANDATORY_WITH_ANIMATION
06-25 23:12:16.603 I/GoogleInputMethodService( 1389): GoogleInputMethodService.setKeyboardViewShown():3530 setKeyboardViewShown() : shouldShow = true
06-25 23:12:16.622 I/KeyboardViewController( 1389): KeyboardViewController.lambda$showSelfAndAncestors$6():609 current view doesn't has the priority com.google.android.libraries.inputmethod.accesspoint.widget.AccessPointsBar{fd928e3 I.E...... ......ID 0,0-644,131 #7f0b0018 app:id/0_resource_name_obfuscated} to show itself, DEFAULT
06-25 23:12:16.715 I/GoogleInputMethodService( 1389): GoogleInputMethodService.setKeyboardViewShown():3483 setKeyboardViewShown() : type = HEADER, shownType = SHOW_MANDATORY_WITH_ANIMATION
06-25 23:12:16.715 I/GoogleInputMethodService( 1389): GoogleInputMethodService.setKeyboardViewShown():3530 setKeyboardViewShown() : shouldShow = true
06-25 23:12:16.764 I/GoogleInputMethodService( 1389): GoogleInputMethodService.setKeyboardViewShown():3483 setKeyboardViewShown() : type = HEADER, shownType = SHOW_MANDATORY_WITH_ANIMATION
06-25 23:12:16.766 I/GoogleInputMethodService( 1389): GoogleInputMethodService.setKeyboardViewShown():3530 setKeyboardViewShown() : shouldShow = true
06-25 23:12:16.871 I/GoogleInputMethodService( 1389): GoogleInputMethodService.setKeyboardViewShown():3483 setKeyboardViewShown() : type = HEADER, shownType = SHOW_MANDATORY_WITH_ANIMATION
06-25 23:12:16.871 I/GoogleInputMethodService( 1389): GoogleInputMethodService.setKeyboardViewShown():3530 setKeyboardViewShown() : shouldShow = true
06-25 23:12:16.998 D/EGL_emulation(10059): app_time_stats: avg=24.01ms min=13.25ms max=59.77ms count=37
06-25 23:12:16.998 I/GoogleInputMethodService( 1389): GoogleInputMethodService.setKeyboardViewShown():3483 setKeyboardViewShown() : type = HEADER, shownType = SHOW_MANDATORY_WITH_ANIMATION
