06-25 23:10:38.571 D/AF::Track(  418): interceptBuffer: took 1720us to intercept 0 tracks
06-25 23:10:38.625 W/Delight5Decoder( 1389): Delight5DecoderWrapper.shouldAbandonMessage():1983 Detected old [FetchSuggestions] request in background: 4346<4347
06-25 23:10:38.635 D/AF::Track(  418): interceptBuffer: took 3728us to intercept 0 tracks
06-25 23:10:38.655 I/GoogleInputMethodService( 1389): GoogleInputMethodService.setKeyboardViewShown():3483 setKeyboardViewShown() : type = HEADER, shownType = SHOW_MANDATORY_WITH_ANIMATION
06-25 23:10:38.655 I/GoogleInputMethodService( 1389): GoogleInputMethodService.setKeyboardViewShown():3530 setKeyboardViewShown() : shouldShow = true
06-25 23:10:38.682 D/EGL_emulation( 1389): app_time_stats: avg=91.29ms min=19.00ms max=227.48ms count=12
06-25 23:10:38.689 I/KeyboardViewController( 1389): KeyboardViewController.lambda$showSelfAndAncestors$6():609 current view doesn't has the priority com.google.android.libraries.inputmethod.accesspoint.widget.AccessPointsBar{fd928e3 I.E...... ......ID 0,0-644,131 #7f0b0018 app:id/0_resource_name_obfuscated} to show itself, DEFAULT
06-25 23:10:38.714 D/EGL_emulation(10059): app_time_stats: avg=19.70ms min=13.20ms max=51.79ms count=46
06-25 23:10:38.743 I/GoogleInputMethodService( 1389): GoogleInputMethodService.setKeyboardViewShown():3483 setKeyboardViewShown() : type = HEADER, shownType = SHOW_MANDATORY_WITH_ANIMATION
06-25 23:10:38.743 I/GoogleInputMethodService( 1389): GoogleInputMethodService.setKeyboardViewShown():3530 setKeyboardViewShown() : shouldShow = true
06-25 23:10:38.828 I/GoogleInputMethodService( 1389): GoogleInputMethodService.setKeyboardViewShown():3483 setKeyboardViewShown() : type = HEADER, shownType = SHOW_MANDATORY_WITH_ANIMATION
06-25 23:10:38.828 I/GoogleInputMethodService( 1389): GoogleInputMethodService.setKeyboardViewShown():3530 setKeyboardViewShown() : shouldShow = true
06-25 23:10:38.870 D/AF::Track(  418): interceptBuffer: took 842us to intercept 0 tracks
06-25 23:10:38.971 I/wpa_supplicant( 3589): wlan0: CTRL-EVENT-BEACON-LOSS 
06-25 23:10:38.988 I/native  ( 1389): I0000 00:00:1782429038.988334    2142 input-context-store.cc:255] Ignoring stale client request for FetchSuggestions
06-25 23:10:38.999 W/InputContextProxyV4( 1389): InputContextProxyV4.applyClientDiffInternal():897 Ignore [FetchSuggestions] diff due to stale request: 4354<4355, inputStateId=4014, lastInputStateId=4014
06-25 23:10:39.094 I/native  ( 1389): I0000 00:00:1782429039.094878    2142 input-context-store.cc:255] Ignoring stale client request for FetchSuggestions
06-25 23:10:39.129 W/InputContextProxyV4( 1389): InputContextProxyV4.applyClientDiffInternal():897 Ignore [FetchSuggestions] diff due to stale request: 4356<4359, inputStateId=4015, lastInputStateId=4016
06-25 23:10:39.145 D/BufferPoolAccessor2.0(  484): bufferpool2 0x78aab4613ea8 : 5(20548 size) total buffers - 1(4608 size) used buffers - 20277/20290 (recycle/alloc) - 103/20289 (fetch/transfer)
06-25 23:10:39.226 I/native  ( 1389): I0000 00:00:1782429039.217664    2142 input-context-store.cc:255] Ignoring stale client request for FetchSuggestions
06-25 23:10:39.231 W/InputContextProxyV4( 1389): InputContextProxyV4.applyClientDiffInternal():897 Ignore [FetchSuggestions] diff due to stale request: 4358<4364, inputStateId=4019, lastInputStateId=4019
06-25 23:10:39.244 I/native  ( 1389): I0000 00:00:1782429039.233335    2142 input-context-store.cc:255] Ignoring stale client request for FetchSuggestions
06-25 23:10:39.251 W/InputContextProxyV4( 1389): InputContextProxyV4.applyClientDiffInternal():897 Ignore [FetchSuggestions] diff due to stale request: 4365<4366, inputStateId=4020, lastInputStateId=4020
06-25 23:10:39.256 I/GoogleInputMethodService( 1389): GoogleInputMethodService.setKeyboardViewShown():3483 setKeyboardViewShown() : type = HEADER, shownType = SHOW_MANDATORY_WITH_ANIMATION
06-25 23:10:39.259 I/GoogleInputMethodService( 1389): GoogleInputMethodService.setKeyboardViewShown():3530 setKeyboardViewShown() : shouldShow = true
06-25 23:10:39.265 I/KeyboardViewController( 1389): KeyboardViewController.lambda$showSelfAndAncestors$6():609 current view doesn't has the priority com.google.android.libraries.inputmethod.accesspoint.widget.AccessPointsBar{fd928e3 I.E...... ......ID 0,0-644,131 #7f0b0018 app:id/0_resource_name_obfuscated} to show itself, DEFAULT
06-25 23:10:39.380 I/GoogleInputMethodService( 1389): GoogleInputMethodService.setKeyboardViewShown():3483 setKeyboardViewShown() : type = HEADER, shownType = SHOW_MANDATORY_WITH_ANIMATION
06-25 23:10:39.380 I/GoogleInputMethodService( 1389): GoogleInputMethodService.setKeyboardViewShown():3530 setKeyboardViewShown() : shouldShow = true
06-25 23:10:39.461 I/GoogleInputMethodService( 1389): GoogleInputMethodService.setKeyboardViewShown():3483 setKeyboardViewShown() : type = HEADER, shownType = SHOW_MANDATORY_WITH_ANIMATION
06-25 23:10:39.461 I/GoogleInputMethodService( 1389): GoogleInputMethodService.setKeyboardViewShown():3530 setKeyboardViewShown() : shouldShow = true
06-25 23:10:39.594 W/InputContextProxyV4( 1389): InputContextProxyV4.applyClientDiffInternal():897 Ignore [FetchSuggestions] diff due to stale request: 4373<4376, inputStateId=4028, lastInputStateId=4030
06-25 23:10:39.596 I/GoogleInputMethodService( 1389): GoogleInputMethodService.setKeyboardViewShown():3483 setKeyboardViewShown() : type = HEADER, shownType = SHOW_MANDATORY_WITH_ANIMATION
06-25 23:10:39.596 I/GoogleInputMethodService( 1389): GoogleInputMethodService.setKeyboardViewShown():3530 setKeyboardViewShown() : shouldShow = true
06-25 23:10:39.641 I/KeyboardViewController( 1389): KeyboardViewController.lambda$showSelfAndAncestors$6():609 current view doesn't has the priority com.google.android.libraries.inputmethod.accesspoint.widget.AccessPointsBar{fd928e3 I.E...... ......ID 0,0-644,131 #7f0b0018 app:id/0_resource_name_obfuscated} to show itself, DEFAULT
06-25 23:10:39.643 I/GoogleInputMethodService( 1389): GoogleInputMethodService.setKeyboardViewShown():3483 setKeyboardViewShown() : type = HEADER, shownType = SHOW_MANDATORY_WITH_ANIMATION
06-25 23:10:39.647 I/GoogleInputMethodService( 1389): GoogleInputMethodService.setKeyboardViewShown():3530 setKeyboardViewShown() : shouldShow = true
06-25 23:10:39.691 D/EGL_emulation( 1389): app_time_stats: avg=90.83ms min=11.59ms max=327.94ms count=11
06-25 23:10:39.692 I/GoogleInputMethodService( 1389): GoogleInputMethodService.setKeyboardViewShown():3483 setKeyboardViewShown() : type = HEADER, shownType = SHOW_MANDATORY_WITH_ANIMATION
06-25 23:10:39.692 I/GoogleInputMethodService( 1389): GoogleInputMethodService.setKeyboardViewShown():3530 setKeyboardViewShown() : shouldShow = true
06-25 23:10:39.725 D/EGL_emulation(10059): app_time_stats: avg=20.29ms min=9.85ms max=53.69ms count=44
06-25 23:10:39.851 W/InputContextProxyV4( 1389): InputContextProxyV4.applyClientDiffInternal():897 Ignore [FetchSuggestions] diff due to stale request: 4382<4383, inputStateId=4037, lastInputStateId=4038
06-25 23:10:39.865 D/StatusBarIconController(  749): ignoring old pipeline callback because the new wifi icon is enabled
06-25 23:10:39.943 I/native  ( 1389): I0000 00:00:1782429039.836997    2142 input-context-store.cc:255] Ignoring stale client request for FetchSuggestions
06-25 23:10:39.950 I/native  ( 1389): I0000 00:00:1782429039.842945    2142 input-context-store.cc:178] Ignoring stale client request for OverrideDecodedCandidates
06-25 23:10:39.974 W/InputContextProxyV4( 1389): InputContextProxyV4.applyClientDiffInternal():897 Ignore [FetchSuggestions] diff due to stale request: 4384<4386, inputStateId=0, lastInputStateId=4039
06-25 23:10:40.011 W/InputContextProxyV4( 1389): InputContextProxyV4.applyClientDiffInternal():897 Ignore [FetchSuggestions] diff due to stale request: 4386<4389, inputStateId=4041, lastInputStateId=4044
06-25 23:10:40.050 W/InputContextProxyV4( 1389): InputContextProxyV4.applyClientDiffInternal():897 Ignore [FetchSuggestions] diff due to stale request: 4388<4391, inputStateId=4043, lastInputStateId=4045
06-25 23:10:40.090 I/GoogleInputMethodService( 1389): GoogleInputMethodService.setKeyboardViewShown():3483 setKeyboardViewShown() : type = HEADER, shownType = SHOW_MANDATORY_WITH_ANIMATION
06-25 23:10:40.090 I/GoogleInputMethodService( 1389): GoogleInputMethodService.setKeyboardViewShown():3530 setKeyboardViewShown() : shouldShow = true
06-25 23:10:40.189 I/KeyboardViewController( 1389): KeyboardViewController.lambda$showSelfAndAncestors$6():609 current view doesn't has the priority com.google.android.libraries.inputmethod.accesspoint.widget.AccessPointsBar{fd928e3 I.E...... ......ID 0,0-644,131 #7f0b0018 app:id/0_resource_name_obfuscated} to show itself, DEFAULT
06-25 23:10:40.202 W/InputContextProxyV4( 1389): InputContextProxyV4.applyClientDiffInternal():897 Ignore [FetchSuggestions] diff due to stale request: 4393<4395, inputStateId=4048, lastInputStateId=4049
06-25 23:10:40.257 I/GoogleInputMethodService( 1389): GoogleInputMethodService.setKeyboardViewShown():3483 setKeyboardViewShown() : type = HEADER, shownType = SHOW_MANDATORY_WITH_ANIMATION
06-25 23:10:40.259 I/GoogleInputMethodService( 1389): GoogleInputMethodService.setKeyboardViewShown():3530 setKeyboardViewShown() : shouldShow = true
06-25 23:10:40.355 I/GoogleInputMethodService( 1389): GoogleInputMethodService.setKeyboardViewShown():3483 setKeyboardViewShown() : type = HEADER, shownType = SHOW_MANDATORY_WITH_ANIMATION
06-25 23:10:40.355 I/GoogleInputMethodService( 1389): GoogleInputMethodService.setKeyboardViewShown():3530 setKeyboardViewShown() : shouldShow = true
06-25 23:10:40.436 I/GoogleInputMethodService( 1389): GoogleInputMethodService.setKeyboardViewShown():3483 setKeyboardViewShown() : type = HEADER, shownType = SHOW_MANDATORY_WITH_ANIMATION
06-25 23:10:40.436 I/GoogleInputMethodService( 1389): GoogleInputMethodService.setKeyboardViewShown():3530 setKeyboardViewShown() : shouldShow = true
06-25 23:10:40.508 I/GoogleInputMethodService( 1389): GoogleInputMethodService.setKeyboardViewShown():3483 setKeyboardViewShown() : type = HEADER, shownType = SHOW_MANDATORY_WITH_ANIMATION
06-25 23:10:40.508 I/GoogleInputMethodService( 1389): GoogleInputMethodService.setKeyboardViewShown():3530 setKeyboardViewShown() : shouldShow = true
06-25 23:10:40.727 D/EGL_emulation(10059): app_time_stats: avg=20.23ms min=11.01ms max=38.64ms count=44
06-25 23:10:40.777 I/native  ( 1389): I0000 00:00:1782429040.777285    2142 input-context-store.cc:255] Ignoring stale client request for FetchSuggestions
06-25 23:10:40.792 W/Delight5Decoder( 1389): Delight5DecoderWrapper.shouldAbandonMessage():1983 Detected old [FetchSuggestions] request in background: 4405<4406
06-25 23:10:40.796 W/InputContextProxyV4( 1389): InputContextProxyV4.applyClientDiffInternal():897 Ignore [FetchSuggestions] diff due to stale request: 4403<4407, inputStateId=4058, lastInputStateId=4059
06-25 23:10:40.909 I/native  ( 1389): I0000 00:00:1782429040.903319    2142 input-context-store.cc:255] Ignoring stale client request for FetchSuggestions
06-25 23:10:40.928 W/Delight5Decoder( 1389): Delight5DecoderWrapper.shouldAbandonMessage():1983 Detected old [FetchSuggestions] request in background: 4409<4410
06-25 23:10:40.959 I/native  ( 1389): I0000 00:00:1782429040.959239    2142 input-context-store.cc:178] Ignoring stale client request for FetchSuggestions
06-25 23:10:40.977 D/EGL_emulation( 1389): app_time_stats: avg=142.53ms min=31.58ms max=417.16ms count=9
06-25 23:10:40.997 W/InputContextProxyV4( 1389): InputContextProxyV4.applyClientDiffInternal():897 Ignore [FetchSuggestions] diff due to stale request: 4407<4414, inputStateId=4060, lastInputStateId=4063
06-25 23:10:40.998 W/InputContextProxyV4( 1389): InputContextProxyV4.applyClientDiffInternal():897 Ignore [FetchSuggestions] diff due to stale request: 4411<4414, inputStateId=0, lastInputStateId=4063
06-25 23:10:41.025 I/native  ( 1389): I0000 00:00:1782429041.025211    2142 input-context-store.cc:255] Ignoring stale client request for FetchSuggestions
06-25 23:10:41.034 D/AudioFlinger(  418): mixer(0x7eac95bc9930) throttle end: throttle time(7)
06-25 23:10:41.036 D/AF::Track(  418): interceptBuffer: took 707us to intercept 0 tracks
06-25 23:10:41.075 W/InputContextProxyV4( 1389): InputContextProxyV4.applyClientDiffInternal():897 Ignore [FetchSuggestions] diff due to stale request: 4414<4417, inputStateId=4065, lastInputStateId=4065
06-25 23:10:41.077 I/GoogleInputMethodService( 1389): GoogleInputMethodService.setKeyboardViewShown():3483 setKeyboardViewShown() : type = HEADER, shownType = SHOW_MANDATORY_WITH_ANIMATION
06-25 23:10:41.081 I/GoogleInputMethodService( 1389): GoogleInputMethodService.setKeyboardViewShown():3530 setKeyboardViewShown() : shouldShow = true
06-25 23:10:41.189 I/GoogleInputMethodService( 1389): GoogleInputMethodService.setKeyboardViewShown():3483 setKeyboardViewShown() : type = HEADER, shownType = SHOW_MANDATORY_WITH_ANIMATION
06-25 23:10:41.191 I/GoogleInputMethodService( 1389): GoogleInputMethodService.setKeyboardViewShown():3530 setKeyboardViewShown() : shouldShow = true
06-25 23:10:41.297 I/GoogleInputMethodService( 1389): GoogleInputMethodService.setKeyboardViewShown():3483 setKeyboardViewShown() : type = HEADER, shownType = SHOW_MANDATORY_WITH_ANIMATION
06-25 23:10:41.299 I/GoogleInputMethodService( 1389): GoogleInputMethodService.setKeyboardViewShown():3530 setKeyboardViewShown() : shouldShow = true
06-25 23:10:41.376 I/native  ( 1389): I0000 00:00:1782429041.372580    2142 input-context-store.cc:195] Using roll back input context for operation: [FetchSuggestions] rolled back operation: [OverrideDecodedCandidates] reason: client [4071] vs decoder [4073]
06-25 23:10:41.379 W/InputContextProxyV4( 1389): InputContextProxyV4.applyClientDiffInternal():897 Ignore [FetchSuggestions] diff due to stale request: 4423<4424, inputStateId=4073, lastInputStateId=4071
06-25 23:10:41.399 I/GoogleInputMethodService( 1389): GoogleInputMethodService.setKeyboardViewShown():3483 setKeyboardViewShown() : type = HEADER, shownType = SHOW_MANDATORY_WITH_ANIMATION
06-25 23:10:41.400 I/GoogleInputMethodService( 1389): GoogleInputMethodService.setKeyboardViewShown():3530 setKeyboardViewShown() : shouldShow = true
06-25 23:10:41.603 D/AudioFlinger(  418): mixer(0x7eac95bc9930) throttle end: throttle time(2)
06-25 23:10:41.687 I/GoogleInputMethodService( 1389): GoogleInputMethodService.setKeyboardViewShown():3483 setKeyboardViewShown() : type = HEADER, shownType = SHOW_MANDATORY_WITH_ANIMATION
06-25 23:10:41.692 I/GoogleInputMethodService( 1389): GoogleInputMethodService.setKeyboardViewShown():3530 setKeyboardViewShown() : shouldShow = true
06-25 23:10:41.695 D/AudioFlinger(  418): mixer(0x7eac95bc9930) throttle end: throttle time(1)
06-25 23:10:41.720 D/AudioFlinger(  418): mixer(0x7eac95bc9930) throttle end: throttle time(2)
06-25 23:10:41.787 D/EGL_emulation(10059): app_time_stats: avg=25.02ms min=14.57ms max=55.29ms count=37
06-25 23:10:41.866 D/AudioFlinger(  418): mixer(0x7eac95bc9930) throttle end: throttle time(6)
06-25 23:10:41.896 D/AudioFlinger(  418): mixer(0x7eac95bc9930) throttle end: throttle time(3)
06-25 23:10:41.949 I/GoogleInputMethodService( 1389): GoogleInputMethodService.setKeyboardViewShown():3483 setKeyboardViewShown() : type = HEADER, shownType = SHOW_MANDATORY_WITH_ANIMATION
06-25 23:10:41.954 I/GoogleInputMethodService( 1389): GoogleInputMethodService.setKeyboardViewShown():3530 setKeyboardViewShown() : shouldShow = true
06-25 23:10:41.986 D/EGL_emulation( 1389): app_time_stats: avg=167.78ms min=55.25ms max=469.96ms count=6
06-25 23:10:41.993 D/ActivityManager(  544): freezing 9678 android.process.acore
06-25 23:10:42.058 D/BufferPoolAccessor2.0(10059): bufferpool2 0x72b009068af8 : 5(40960 size) total buffers - 1(8192 size) used buffers - 20471/20482 (recycle/alloc) - 44/40752 (fetch/transfer)
06-25 23:10:42.062 I/KeyboardViewController( 1389): KeyboardViewController.lambda$showSelfAndAncestors$6():609 current view doesn't has the priority com.google.android.libraries.inputmethod.accesspoint.widget.AccessPointsBar{fd928e3 I.E...... ......ID 0,0-644,131 #7f0b0018 app:id/0_resource_name_obfuscated} to show itself, DEFAULT
06-25 23:10:42.150 I/GoogleInputMethodService( 1389): GoogleInputMethodService.setKeyboardViewShown():3483 setKeyboardViewShown() : type = HEADER, shownType = SHOW_MANDATORY_WITH_ANIMATION
06-25 23:10:42.151 I/GoogleInputMethodService( 1389): GoogleInputMethodService.setKeyboardViewShown():3530 setKeyboardViewShown() : shouldShow = true
06-25 23:10:42.154 D/AF::Track(  418): interceptBuffer: took 512us to intercept 0 tracks
06-25 23:10:42.243 I/GoogleInputMethodService( 1389): GoogleInputMethodService.setKeyboardViewShown():3483 setKeyboardViewShown() : type = HEADER, shownType = SHOW_MANDATORY_WITH_ANIMATION
06-25 23:10:42.251 I/GoogleInputMethodService( 1389): GoogleInputMethodService.setKeyboardViewShown():3530 setKeyboardViewShown() : shouldShow = true
06-25 23:10:42.260 D/AudioFlinger(  418): mixer(0x7eac95bc9930) throttle end: throttle time(4)
06-25 23:10:42.407 I/native  ( 1389): I0000 00:00:1782429042.407300    2142 input-context-store.cc:255] Ignoring stale client request for FetchSuggestions
06-25 23:10:42.439 W/InputContextProxyV4( 1389): InputContextProxyV4.applyClientDiffInternal():897 Ignore [FetchSuggestions] diff due to stale request: 4435<4437, inputStateId=4086, lastInputStateId=4086
06-25 23:10:42.441 D/AF::Track(  418): interceptBuffer: took 527us to intercept 0 tracks
06-25 23:10:42.575 I/native  ( 1389): I0000 00:00:1782429042.575794    2142 input-context-store.cc:255] Ignoring stale client request for FetchSuggestions
06-25 23:10:42.655 W/InputContextProxyV4( 1389): InputContextProxyV4.applyClientDiffInternal():897 Ignore [FetchSuggestions] diff due to stale request: 4437<4440, inputStateId=4087, lastInputStateId=4088
06-25 23:10:42.679 I/native  ( 1389): I0000 00:00:1782429042.679759    2142 input-context-store.cc:255] Ignoring stale client request for FetchSuggestions
06-25 23:10:42.735 W/InputContextProxyV4( 1389): InputContextProxyV4.applyClientDiffInternal():897 Ignore [FetchSuggestions] diff due to stale request: 4439<4441, inputStateId=4088, lastInputStateId=4088
06-25 23:10:42.804 D/EGL_emulation(10059): app_time_stats: avg=27.73ms min=15.00ms max=75.90ms count=34
06-25 23:10:42.887 D/StatusBarIconController(  749): ignoring old pipeline callback because the new wifi icon is enabled
06-25 23:10:42.892 I/native  ( 1389): I0000 00:00:1782429042.891842    2142 input-context-store.cc:255] Ignoring stale client request for FetchSuggestions
06-25 23:10:42.904 I/native  ( 1389): I0000 00:00:1782429042.904112    2142 input-context-store.cc:178] Ignoring stale client request for OverrideDecodedCandidates
06-25 23:10:42.922 W/InputContextProxyV4( 1389): InputContextProxyV4.applyClientDiffInternal():897 Ignore [FetchSuggestions] diff due to stale request: 4441<4444, inputStateId=0, lastInputStateId=4089
06-25 23:10:42.925 I/GoogleInputMethodService( 1389): GoogleInputMethodService.setKeyboardViewShown():3483 setKeyboardViewShown() : type = HEADER, shownType = SHOW_MANDATORY_WITH_ANIMATION
06-25 23:10:42.925 I/GoogleInputMethodService( 1389): GoogleInputMethodService.setKeyboardViewShown():3530 setKeyboardViewShown() : shouldShow = true
06-25 23:10:43.024 I/GoogleInputMethodService( 1389): GoogleInputMethodService.setKeyboardViewShown():3483 setKeyboardViewShown() : type = HEADER, shownType = SHOW_MANDATORY_WITH_ANIMATION
06-25 23:10:43.025 I/GoogleInputMethodService( 1389): GoogleInputMethodService.setKeyboardViewShown():3530 setKeyboardViewShown() : shouldShow = true
06-25 23:10:43.072 D/EGL_emulation( 1389): app_time_stats: avg=179.77ms min=88.73ms max=457.49ms count=6
06-25 23:10:43.171 W/InputContextProxyV4( 1389): InputContextProxyV4.applyClientDiffInternal():897 Ignore [FetchSuggestions] diff due to stale request: 4449<4450, inputStateId=4096, lastInputStateId=4097
06-25 23:10:43.212 I/GoogleInputMethodService( 1389): GoogleInputMethodService.setKeyboardViewShown():3483 setKeyboardViewShown() : type = HEADER, shownType = SHOW_MANDATORY_WITH_ANIMATION
06-25 23:10:43.212 I/GoogleInputMethodService( 1389): GoogleInputMethodService.setKeyboardViewShown():3530 setKeyboardViewShown() : shouldShow = true
06-25 23:10:43.223 I/KeyboardViewController( 1389): KeyboardViewController.lambda$showSelfAndAncestors$6():609 current view doesn't has the priority com.google.android.libraries.inputmethod.accesspoint.widget.AccessPointsBar{fd928e3 I.E...... ......ID 0,0-644,131 #7f0b0018 app:id/0_resource_name_obfuscated} to show itself, DEFAULT
06-25 23:10:43.311 D/AF::Track(  418): interceptBuffer: took 749us to intercept 0 tracks
06-25 23:10:43.331 I/GoogleInputMethodService( 1389): GoogleInputMethodService.setKeyboardViewShown():3483 setKeyboardViewShown() : type = HEADER, shownType = SHOW_MANDATORY_WITH_ANIMATION
06-25 23:10:43.332 I/GoogleInputMethodService( 1389): GoogleInputMethodService.setKeyboardViewShown():3530 setKeyboardViewShown() : shouldShow = true
06-25 23:10:43.578 D/AF::Track(  418): interceptBuffer: took 583us to intercept 0 tracks
06-25 23:10:43.620 D/AutofillManager(10059): view not autofillable - not passing ime action check
06-25 23:10:43.631 I/ImeTracker(10059): com.donizetiferr.expertnabiblia:8b9c705c: onRequestHide at ORIGIN_CLIENT_HIDE_SOFT_INPUT reason HIDE_SOFT_INPUT
06-25 23:10:43.636 W/TooltipLifecycleManager( 1389): TooltipLifecycleManager.dismissTooltips():159 Tooltip with id spell_check_add_to_dictionary not found in tooltipManager.
06-25 23:10:43.639 D/StatusBarIconController(  749): ignoring old pipeline callbacks, because the new mobile icons are enabled
06-25 23:10:43.642 D/AF::Track(  418): interceptBuffer: took 1508us to intercept 0 tracks
06-25 23:10:43.651 I/GoogleInputMethodService( 1389): GoogleInputMethodService.onFinishInputView():2241 
06-25 23:10:43.659 W/RemoteInputConnectionImpl(10059): setComposingRegion on inactive InputConnection
06-25 23:10:43.667 W/TooltipLifecycleManager( 1389): TooltipLifecycleManager.dismissTooltips():159 Tooltip with id spell_check_add_to_dictionary not found in tooltipManager.
06-25 23:10:43.696 I/InputBundle( 1389): InputBundle.consumeEvent():923 Skip consuming an event as keyboard status is 0
06-25 23:10:43.706 I/KeyboardWrapper( 1389): KeyboardWrapper.consumeEvent():275 Skip consuming an event as current keyboard is deactivated (state=0, keyboard existence=true)
06-25 23:10:43.716 I/VoiceInputManagerWrapper( 1389): VoiceInputManagerWrapper.shutdown():77 shutdown()
06-25 23:10:43.735 W/ModuleManager( 1389): ModuleManager.loadModule():450 Module jjj is not available
06-25 23:10:43.748 I/AndroidIME( 1389): AbstractIme.onDeactivate():207 LatinIme.onDeactivate()
06-25 23:10:43.753 I/GoogleInputMethodService( 1389): GoogleInputMethodService.onFinishInput():3227 
06-25 23:10:43.759 I/GoogleInputMethodService( 1389): GoogleInputMethodService.updateDeviceLockedStatus():2087 repeatCheckTimes = 0, unlocked = true
06-25 23:10:43.768 I/GoogleInputMethodService( 1389): GoogleInputMethodService.onStartInput():1877 onStartInput(EditorInfo{inputType=0x0(NULL) imeOptions=0x0 privateImeOptions=null actionName=UNSPECIFIED actionLabel=null actionId=0 initialSelStart=-1 initialSelEnd=-1 initialCapsMode=0x0 hintText=null label=null packageName=com.donizetiferr.expertnabiblia fieldId=0 fieldName=null extras=null}, false)
06-25 23:10:43.769 I/GoogleInputMethodService( 1389): GoogleInputMethodService.shouldHideHeaderOnInitialState():4008 ShouldHideHeaderOnInitialState = false
06-25 23:10:43.778 I/GoogleInputMethodService( 1389): GoogleInputMethodService.updateDeviceLockedStatus():2087 repeatCheckTimes = 2, unlocked = true
06-25 23:10:43.796 I/GoogleInputMethodService( 1389): GoogleInputMethodService.onStartInputView():1995 onStartInputView(EditorInfo{inputType=0x0(NULL) imeOptions=0x0 privateImeOptions=null actionName=UNSPECIFIED actionLabel=null actionId=0 initialSelStart=-1 initialSelEnd=-1 initialCapsMode=0x0 hintText=null label=null packageName=com.donizetiferr.expertnabiblia fieldId=0 fieldName=null extras=null}, false)
06-25 23:10:43.800 D/ReactNativeJS(10059): [resposta] pergunta=FB01-L01-Q01 resposta="A Palavra de Deus escrita por homens inspirados pelo Espirit" correto=true score=1.00
06-25 23:10:43.805 D/EGL_emulation(10059): app_time_stats: avg=28.95ms min=15.42ms max=78.06ms count=32
06-25 23:10:43.808 I/GoogleInputMethodService( 1389): GoogleInputMethodService.updateDeviceLockedStatus():2087 repeatCheckTimes = 2, unlocked = true
06-25 23:10:43.815 W/ModuleManager( 1389): ModuleManager.loadModule():450 Module erj is not available
06-25 23:10:43.820 I/NebulaeTrainingCacheMetricsProcessor( 1389): NebulaeTrainingCacheMetricsProcessor.processEndSession():447 No input action collection in this session, skip logging.
06-25 23:10:43.831 W/WindowOnBackDispatcher(10059): sendCancelIfRunning: isInProgress=falsecallback=ImeCallback=ImeOnBackInvokedCallback@131111192 Callback=android.window.IOnBackInvokedCallback$Stub$Proxy@a19bdcb
06-25 23:10:43.835 D/CoreBackPreview(  544): Window{5b34cf8 u0 com.donizetiferr.expertnabiblia/com.donizetiferr.expertnabiblia.MainActivity}: Setting back callback OnBackInvokedCallbackInfo{mCallback=android.window.IOnBackInvokedCallback$Stub$Proxy@59a3952, mPriority=0, mIsAnimationCallback=false}
06-25 23:10:43.851 I/DeviceModeUtil( 1389): DeviceModeUtil.getDeviceMode():122 Get device mode tablet_large by ui mode:1 and smallestScreenWidthDp:411
06-25 23:10:43.860 I/KeyboardViewUtil( 1389): KeyboardViewUtil.getKeyboardHeightRatio():189 systemKeyboardHeightRatio:1.000000; userKeyboardHeightRatio:1.000000.
06-25 23:10:43.870 I/AndroidIME( 1389): AbstractIme.onActivate():86 PasswordIme.onActivate() : EditorInfo = inputType=0x0(NULL) imeOptions=0x0 privateImeOptions=null actionName=UNSPECIFIED actionLabel=null actionId=0 initialSelStart=-1 initialSelEnd=-1 initialCapsMode=0x0 hintText=null label=null packageName=com.donizetiferr.expertnabiblia fieldId=0 fieldName=null extras=null, IncognitoMode = false, DeviceLocked = false
06-25 23:10:43.959 I/KeyboardViewHelper( 1389): KeyboardViewHelper.getView():170 Get view with height ratio:1.000000
06-25 23:10:43.979 W/ReactNativeJS(10059): '[Layout children]: No route named "licoes" exists in nested children:', [ 'config',
06-25 23:10:43.979 W/ReactNativeJS(10059):   'index',
06-25 23:10:43.979 W/ReactNativeJS(10059):   'modos',
06-25 23:10:43.979 W/ReactNativeJS(10059):   'onboarding',
06-25 23:10:43.979 W/ReactNativeJS(10059):   'trofeu',
06-25 23:10:43.979 W/ReactNativeJS(10059):   'licoes/[moduloId]',
06-25 23:10:43.979 W/ReactNativeJS(10059):   'licoes/index',
06-25 23:10:43.979 W/ReactNativeJS(10059):   'licoes/[moduloId]/[licaoId]',
06-25 23:10:43.979 W/ReactNativeJS(10059):   'licoes/[moduloId]/[licaoId]/feedback',
06-25 23:10:43.979 W/ReactNativeJS(10059):   'licoes/[moduloId]/[licaoId]/final',
06-25 23:10:43.979 W/ReactNativeJS(10059):   'quiz/customizar',
06-25 23:10:43.979 W/ReactNativeJS(10059):   'quiz/final',
06-25 23:10:43.979 W/ReactNativeJS(10059):   'quiz/index',
06-25 23:10:43.979 W/ReactNativeJS(10059):   'quiz/jogar' ]
06-25 23:10:43.980 W/ReactNativeJS(10059): '[Layout children]: No route named "quiz" exists in nested children:', [ 'config',
06-25 23:10:43.980 W/ReactNativeJS(10059):   'index',
06-25 23:10:43.980 W/ReactNativeJS(10059):   'modos',
06-25 23:10:43.980 W/ReactNativeJS(10059):   'onboarding',
06-25 23:10:43.980 W/ReactNativeJS(10059):   'trofeu',
06-25 23:10:43.980 W/ReactNativeJS(10059):   'licoes/[moduloId]',
06-25 23:10:43.980 W/ReactNativeJS(10059):   'licoes/index',
06-25 23:10:43.980 W/ReactNativeJS(10059):   'licoes/[moduloId]/[licaoId]',
06-25 23:10:43.980 W/ReactNativeJS(10059):   'licoes/[moduloId]/[licaoId]/feedback',
06-25 23:10:43.980 W/ReactNativeJS(10059):   'licoes/[moduloId]/[licaoId]/final',
06-25 23:10:43.980 W/ReactNativeJS(10059):   'quiz/customizar',
06-25 23:10:43.980 W/ReactNativeJS(10059):   'quiz/final',
06-25 23:10:43.980 W/ReactNativeJS(10059):   'quiz/index',
06-25 23:10:43.980 W/ReactNativeJS(10059):   'quiz/jogar' ]
06-25 23:10:44.009 I/KeyboardViewUtil( 1389): KeyboardViewUtil.calculateMaxKeyboardBodyHeight():40 leave 354 height for app when screen height:1920, header height:131 and isFullscreenMode:false, so the max keyboard body height is:1435
06-25 23:10:44.022 I/GoogleInputMethodService( 1389): GoogleInputMethodService.setKeyboardViewShown():3483 setKeyboardViewShown() : type = HEADER, shownType = SHOW_MANDATORY
06-25 23:10:44.027 I/GoogleInputMethodService( 1389): GoogleInputMethodService.setKeyboardViewShown():3530 setKeyboardViewShown() : shouldShow = true
06-25 23:10:44.030 I/GoogleInputMethodService( 1389): GoogleInputMethodService.setKeyboardViewShown():3483 setKeyboardViewShown() : type = BODY, shownType = SHOW_MANDATORY
06-25 23:10:44.032 I/GoogleInputMethodService( 1389): GoogleInputMethodService.setKeyboardViewShown():3530 setKeyboardViewShown() : shouldShow = true
06-25 23:10:44.040 I/GoogleInputMethodService( 1389): GoogleInputMethodService.setKeyboardViewShown():3483 setKeyboardViewShown() : type = FLOATING_CANDIDATES, shownType = HIDE
06-25 23:10:44.040 I/GoogleInputMethodService( 1389): GoogleInputMethodService.setKeyboardViewShown():3530 setKeyboardViewShown() : shouldShow = false
06-25 23:10:44.042 I/DeviceModeUtil( 1389): DeviceModeUtil.getDeviceMode():122 Get device mode tablet_large by ui mode:1 and smallestScreenWidthDp:411
06-25 23:10:44.047 I/DeviceModeUtil( 1389): DeviceModeUtil.getDeviceMode():122 Get device mode tablet_large by ui mode:1 and smallestScreenWidthDp:411
06-25 23:10:44.051 I/DeviceModeUtil( 1389): DeviceModeUtil.getDeviceMode():122 Get device mode tablet_large by ui mode:1 and smallestScreenWidthDp:411
06-25 23:10:44.056 I/KeyboardViewUtil( 1389): KeyboardViewUtil.calculateMaxKeyboardBodyHeight():40 leave 354 height for app when screen height:1920, header height:131 and isFullscreenMode:false, so the max keyboard body height is:1435
06-25 23:10:44.059 I/DeviceModeUtil( 1389): DeviceModeUtil.getDeviceMode():122 Get device mode tablet_large by ui mode:1 and smallestScreenWidthDp:411
06-25 23:10:44.071 W/[RNScreens](10059): backTitleFontFamily prop is not available on Android
06-25 23:10:44.072 W/[RNScreens](10059): disableBackButtonMenu prop is not available on Android
06-25 23:10:44.078 W/[RNScreens](10059): backTitleVisible prop is not available on Android
06-25 23:10:44.085 W/[RNScreens](10059): topInsetEnabled prop is not available on Android
06-25 23:10:44.092 W/[RNScreens](10059): largeTitleHideShadow prop is not available on Android
06-25 23:10:44.093 W/[RNScreens](10059): largeTitleFontWeight prop is not available on Android
06-25 23:10:44.096 W/[RNScreens](10059): userInterfaceStyle prop is not available on Android
06-25 23:10:44.101 W/[RNScreens](10059): largeTitleFontFamily prop is not available on Android
06-25 23:10:44.105 I/.expertnabiblia(10059): Background young concurrent copying GC freed 340254(10MB) AllocSpace objects, 2(56KB) LOS objects, 40% free, 15MB/25MB, paused 7.536ms,3.246ms total 495.914ms
06-25 23:10:44.145 I/KeyboardManager( 1389): KeyboardManager.requestKeyboard():128 Using cached keyboard prime, imeId=password
06-25 23:10:44.156 W/unknown:ReactNative(10059): StatusBarModule: Ignored status bar change, current activity is edge-to-edge.
06-25 23:10:44.158 I/DeviceModeUtil( 1389): DeviceModeUtil.getDeviceMode():122 Get device mode tablet_large by ui mode:1 and smallestScreenWidthDp:411
06-25 23:10:44.159 I/DeviceModeUtil( 1389): DeviceModeUtil.getDeviceMode():122 Get device mode tablet_large by ui mode:1 and smallestScreenWidthDp:411
06-25 23:10:44.161 I/KeyboardModeManager( 1389): KeyboardModeManager.setInputView():364 setInputView() : supportsOneHandedMode=true
06-25 23:10:44.161 I/NormalModeController( 1389): NormalModeController.getKeyboardBodyViewHolderPaddingBottom():116 currentPrimeKeyboardType:SOFT systemPaddingBottom:-1
06-25 23:10:44.164 I/AndroidIME( 1389): KeyboardViewManager.updateKeyboardBodyViewHolderPaddingBottom():604 Set finalPaddingBottom = 0 while keyboardBottomGapFromScreen = 0; navigationHeight = 0
06-25 23:10:44.167 I/NormalModeController( 1389): NormalModeController.getKeyboardBodyViewHolderPaddingBottom():116 currentPrimeKeyboardType:SOFT systemPaddingBottom:-1
06-25 23:10:44.173 I/AndroidIME( 1389): KeyboardViewManager.updateKeyboardBodyViewHolderPaddingBottom():604 Set finalPaddingBottom = 0 while keyboardBottomGapFromScreen = 0; navigationHeight = 0
06-25 23:10:44.181 I/KeyboardModeManager( 1389): KeyboardModeManager.setInputView():356 setInputView() : entry=hwn{languageTag=en-US, variant=qwerty, hasLocalizedResources=true, conditionCacheKey=_device=tablet_device_size=large_enable_adaptive_text_editing=true_enable_inline_suggestions_on_client_side=false_enable_large_tablet_batch_1=false_enable_large_tablet_batch_2=false_enable_more_candidates_view_for_multilingual=false_enable_nav_redesign=false_enable_number_row=false_enable_preemptive_decode=true_enable_secondary_symbols=false_expressions=normal_four_or_more_letter_rows=false_keyboard_mode=normal_language=en-US_orientation=portrait_physical_keyboard=qwerty_show_secondary_digits=true_show_suggestions=true_split_with_duplicate_keys=true_variant=qwerty, imeDef.stringId=ime_english_united_states, imeDef.className=com.google.android.apps.inputmethod.libs.latin5.LatinIme, imeDef.languageTag=en-US}
06-25 23:10:44.204 I/VoiceImeExtension( 1389): VoiceImeExtension.shouldStartVoiceInputAutomatically():383 No private IME option set to start voice input.
06-25 23:10:44.214 I/GoogleInputMethodService( 1389): GoogleInputMethodService.onFinishInputView():2241 
06-25 23:10:44.224 W/TooltipLifecycleManager( 1389): TooltipLifecycleManager.dismissTooltips():159 Tooltip with id spell_check_add_to_dictionary not found in tooltipManager.
06-25 23:10:44.227 I/AndroidIME( 1389): AbstractIme.onDeactivate():207 PasswordIme.onDeactivate()
06-25 23:10:44.302 D/EGL_emulation( 1389): app_time_stats: avg=307.39ms min=73.81ms max=757.70ms count=4
06-25 23:10:44.302 D/BoundBrokerSvc( 1658): onBind: Intent { act=com.google.android.gms.common.BIND_SHARED_PREFS pkg=com.google.android.gms }
06-25 23:10:44.303 D/BoundBrokerSvc( 1658): Loading bound service for intent: Intent { act=com.google.android.gms.common.BIND_SHARED_PREFS pkg=com.google.android.gms }
06-25 23:10:44.309 D/BufferPoolAccessor2.0(  484): bufferpool2 0x78aab4613ea8 : 5(20548 size) total buffers - 1(4608 size) used buffers - 20475/20488 (recycle/alloc) - 104/20487 (fetch/transfer)
06-25 23:10:44.325 W/InputContextProxyV4( 1389): InputContextProxyV4.applyClientDiffInternal():897 Ignore [FetchSuggestions] diff due to stale request: 4455<4456, inputStateId=4102, lastInputStateId=4103
06-25 23:10:44.341 D/BoundBrokerSvc( 1658): onUnbind: Intent { act=com.google.android.gms.common.BIND_SHARED_PREFS pkg=com.google.android.gms }
06-25 23:10:44.342 I/ExoPlayerImpl(10059): Init 68d0faa [ExoPlayerLib/2.18.1] [emu64xa, sdk_gphone64_x86_64, Google, 34]
06-25 23:10:44.369 D/BoundBrokerSvc( 1658): onBind: Intent { act=com.google.android.gms.common.BIND_SHARED_PREFS pkg=com.google.android.gms }
06-25 23:10:44.369 D/BoundBrokerSvc( 1658): Loading bound service for intent: Intent { act=com.google.android.gms.common.BIND_SHARED_PREFS pkg=com.google.android.gms }
06-25 23:10:44.378 D/BoundBrokerSvc( 1658): onUnbind: Intent { act=com.google.android.gms.common.BIND_SHARED_PREFS pkg=com.google.android.gms }
06-25 23:10:44.403 I/DMCodecAdapterFactory(10059): Creating an asynchronous MediaCodec adapter for track type audio
06-25 23:10:44.407 D/CCodec  (10059): allocate(c2.android.mp3.decoder)
06-25 23:10:44.410 I/CCodec  (10059): setting up 'default' as default (vendor) store
06-25 23:10:44.416 I/ImeTracker(10059): com.donizetiferr.expertnabiblia:1bcc227b: onRequestHide at ORIGIN_CLIENT_HIDE_SOFT_INPUT reason HIDE_SOFT_INPUT
06-25 23:10:44.417 I/CCodec  (10059): Created component [c2.android.mp3.decoder]
06-25 23:10:44.419 I/ImeTracker(  544): com.donizetiferr.expertnabiblia:1bcc227b: onCancelled at PHASE_SERVER_SHOULD_HIDE
06-25 23:10:44.422 D/CCodecConfig(10059): read media type: audio/mpeg
06-25 23:10:44.423 D/ReflectedParamUpdater(10059): extent() != 1 for single value type: algo.buffers.max-count.values
06-25 23:10:44.425 D/ReflectedParamUpdater(10059): extent() != 1 for single value type: output.subscribed-indices.values
06-25 23:10:44.425 D/ReflectedParamUpdater(10059): extent() != 1 for single value type: input.buffers.allocator-ids.values
06-25 23:10:44.427 D/ReflectedParamUpdater(10059): extent() != 1 for single value type: output.buffers.allocator-ids.values
06-25 23:10:44.427 D/ReflectedParamUpdater(10059): extent() != 1 for single value type: algo.buffers.allocator-ids.values
06-25 23:10:44.429 D/ReflectedParamUpdater(10059): extent() != 1 for single value type: output.buffers.pool-ids.values
06-25 23:10:44.430 D/ReflectedParamUpdater(10059): extent() != 1 for single value type: algo.buffers.pool-ids.values
06-25 23:10:44.432 I/CCodecConfig(10059): query failed after returning 7 values (BAD_INDEX)
06-25 23:10:44.433 D/CCodecConfig(10059): c2 config diff is Dict {
06-25 23:10:44.433 D/CCodecConfig(10059):   c2::u32 coded.bitrate.value = 64000
06-25 23:10:44.433 D/CCodecConfig(10059):   c2::u32 input.buffers.max-size.value = 8192
06-25 23:10:44.433 D/CCodecConfig(10059):   c2::u32 input.delay.value = 0
06-25 23:10:44.433 D/CCodecConfig(10059):   string input.media-type.value = "audio/mpeg"
06-25 23:10:44.433 D/CCodecConfig(10059):   string output.media-type.value = "audio/raw"
06-25 23:10:44.433 D/CCodecConfig(10059):   c2::u32 raw.channel-count.value = 2
06-25 23:10:44.433 D/CCodecConfig(10059):   c2::u32 raw.sample-rate.value = 44100
06-25 23:10:44.433 D/CCodecConfig(10059): }
06-25 23:10:44.443 I/MediaCodec(10059): MediaCodec will operate in async mode
06-25 23:10:44.444 D/MediaCodec(10059): flushMediametrics
06-25 23:10:44.444 D/CCodec  (10059): [c2.android.mp3.decoder] buffers are bound to CCodec for this session
06-25 23:10:44.444 D/CCodecConfig(10059): no c2 equivalents for log-session-id
06-25 23:10:44.447 D/CCodecConfig(10059): no c2 equivalents for flags
06-25 23:10:44.448 D/CCodecConfig(10059): config failed => CORRUPTED
06-25 23:10:44.449 W/Codec2Client(10059): query -- param skipped: index = 1107298332.
06-25 23:10:44.449 D/CCodec  (10059): client requested max input size 4096, which is smaller than what component recommended (8192); overriding with component recommendation.
06-25 23:10:44.449 W/CCodec  (10059): This behavior is subject to change. It is recommended that app developers double check whether the requested max input size is in reasonable range.
06-25 23:10:44.451 D/CCodec  (10059): encoding statistics level = 0
06-25 23:10:44.451 D/CCodec  (10059): setup formats input: AMessage(what = 0x00000000) = {
06-25 23:10:44.451 D/CCodec  (10059):   int32_t bitrate = 64000
06-25 23:10:44.451 D/CCodec  (10059):   int32_t channel-count = 2
06-25 23:10:44.451 D/CCodec  (10059):   int32_t max-input-size = 8192
06-25 23:10:44.451 D/CCodec  (10059):   string mime = "audio/mpeg"
06-25 23:10:44.451 D/CCodec  (10059):   int32_t sample-rate = 44100
06-25 23:10:44.451 D/CCodec  (10059): }
06-25 23:10:44.451 D/CCodec  (10059): setup formats output: AMessage(what = 0x00000000) = {
06-25 23:10:44.451 D/CCodec  (10059):   int32_t channel-count = 2
06-25 23:10:44.451 D/CCodec  (10059):   string mime = "audio/raw"
06-25 23:10:44.451 D/CCodec  (10059):   int32_t sample-rate = 44100
06-25 23:10:44.451 D/CCodec  (10059):   int32_t android._config-pcm-encoding = 2
06-25 23:10:44.451 D/CCodec  (10059): }
06-25 23:10:44.455 I/CCodecConfig(10059): query failed after returning 7 values (BAD_INDEX)
06-25 23:10:44.458 D/MediaCodec(10059): keep callback message for reclaim
06-25 23:10:44.459 W/Codec2Client(10059): query -- param skipped: index = 1342179345.
06-25 23:10:44.462 W/Codec2Client(10059): query -- param skipped: index = 2415921170.
06-25 23:10:44.470 D/BufferPoolAccessor2.0(  484): bufferpool2 0x78aab46173d8 : 0(0 size) total buffers - 0(0 size) used buffers - 37/41 (recycle/alloc) - 4/41 (fetch/transfer)
06-25 23:10:44.472 D/BufferPoolAccessor2.0(  484): Destruction - bufferpool2 0x78aab46173d8 cached: 0/0M, 0/0% in use; allocs: 41, 90% recycled; transfers: 41, 90% unfetched
06-25 23:10:44.472 D/CCodecBufferChannel(10059): [c2.android.mp3.decoder#979] Created input block pool with allocatorID 16 => poolID 21 - OK (0)
06-25 23:10:44.485 D/BufferPoolAccessor2.0(10059): bufferpool2 0x72b009067d18 : 0(0 size) total buffers - 0(0 size) used buffers - 44/49 (recycle/alloc) - 5/80 (fetch/transfer)
06-25 23:10:44.487 D/BufferPoolAccessor2.0(10059): Destruction - bufferpool2 0x72b009067d18 cached: 0/0M, 0/0% in use; allocs: 49, 90% recycled; transfers: 80, 94% unfetched
06-25 23:10:44.490 I/CCodecBufferChannel(10059): [c2.android.mp3.decoder#979] Created output block pool with allocatorID 16 => poolID 81 - OK
06-25 23:10:44.492 D/CCodecBufferChannel(10059): [c2.android.mp3.decoder#979] Configured output block pool ids 81 => OK
06-25 23:10:44.499 D/SimpleC2Component(  484): Using output block pool with poolID 81 => got 81 - 0
06-25 23:10:44.536 I/C2SoftMp3Dec(  484): Reconfiguring decoder: 0->44100 Hz, 0->2 channels
06-25 23:10:44.569 W/FrameTracker(10059): Missed SF frame:PREDICTION_ERROR, 3067869, 0, CUJ=J<IME_INSETS_ANIMATION::0@0@com.donizetiferr.expertnabiblia>
06-25 23:10:44.571 W/FrameTracker(10059): Missed SF frame:PREDICTION_ERROR, 3067891, 0, CUJ=J<IME_INSETS_ANIMATION::0@0@com.donizetiferr.expertnabiblia>
06-25 23:10:44.572 W/FrameTracker(10059): Missed SF frame:UNKNOWN: 80, 3067906, 0, CUJ=J<IME_INSETS_ANIMATION::0@0@com.donizetiferr.expertnabiblia>
06-25 23:10:44.573 W/FrameTracker(10059): Missed SF frame:PREDICTION_ERROR, 3067936, 0, CUJ=J<IME_INSETS_ANIMATION::0@0@com.donizetiferr.expertnabiblia>
06-25 23:10:44.578 W/FrameTracker(10059): Missed SF frame:PREDICTION_ERROR, 3067966, 0, CUJ=J<IME_INSETS_ANIMATION::0@0@com.donizetiferr.expertnabiblia>
06-25 23:10:44.578 W/FrameTracker(10059): Missed SF frame:PREDICTION_ERROR, 3067981, 0, CUJ=J<IME_INSETS_ANIMATION::0@0@com.donizetiferr.expertnabiblia>
06-25 23:10:44.578 W/FrameTracker(10059): Missed SF frame:PREDICTION_ERROR, 3067989, 0, CUJ=J<IME_INSETS_ANIMATION::0@0@com.donizetiferr.expertnabiblia>
06-25 23:10:44.578 W/FrameTracker(10059): Missed SF frame:PREDICTION_ERROR, 3068004, 0, CUJ=J<IME_INSETS_ANIMATION::0@0@com.donizetiferr.expertnabiblia>
06-25 23:10:44.579 W/FrameTracker(10059): Missed SF frame:PREDICTION_ERROR, 3068019, 0, CUJ=J<IME_INSETS_ANIMATION::0@0@com.donizetiferr.expertnabiblia>
06-25 23:10:44.591 W/FrameTracker(10059): Missed SF frame:PREDICTION_ERROR, 3068034, 0, CUJ=J<IME_INSETS_ANIMATION::0@0@com.donizetiferr.expertnabiblia>
06-25 23:10:44.592 W/FrameTracker(10059): Missed App frame:JANK_APP_DEADLINE_MISSED, 3068049, 0, CUJ=J<IME_INSETS_ANIMATION::0@0@com.donizetiferr.expertnabiblia>
06-25 23:10:44.604 V/PerfettoTrigger(10059): Not triggering com.android.telemetry.interaction-jank-monitor-69 - not enough time since last trigger
06-25 23:10:44.610 W/AudioFlinger(  418): createTrack_l(): mismatch between requested flags (00000008) and output flags (00000002)
06-25 23:10:44.610 D/AudioFlinger(  418): Client defaulted notificationFrames to 8024 for frameCount 16048
06-25 23:10:44.620 D/AutofillManager(10059): view not autofillable - not passing ime action check
06-25 23:10:44.620 D/AF::TrackHandle(  418): OpPlayAudio: track:112 usage:1 not muted
06-25 23:10:44.620 D/AutofillManager(10059): view not autofillable - not passing ime action check
06-25 23:10:44.689 D/audioserver(  418): FGS Logger Transaction failed
06-25 23:10:44.692 D/audioserver(  418): -129
06-25 23:10:44.707 I/ImeTracker(10059): com.donizetiferr.expertnabiblia:4438da6f: onRequestHide at ORIGIN_CLIENT_HIDE_SOFT_INPUT reason HIDE_SOFT_INPUT_BY_INSETS_API
06-25 23:10:44.723 I/ImeTracker(  544): com.donizetiferr.expertnabiblia:4438da6f: onCancelled at PHASE_SERVER_SHOULD_HIDE
06-25 23:10:44.726 I/ImeTracker(10059): com.donizetiferr.expertnabiblia:8b9c705c: onHidden
06-25 23:10:44.821 D/EGL_emulation(10059): app_time_stats: avg=49.93ms min=19.05ms max=176.76ms count=20
06-25 23:10:44.847 D/AF::Track(  418): interceptBuffer: took 1476us to intercept 0 tracks
06-25 23:10:44.857 W/FrameTracker(10059): Missed App frame:UNKNOWN: 88, 3071207, 0, CUJ=J<IME_INSETS_ANIMATION::1@0@com.donizetiferr.expertnabiblia>
06-25 23:10:44.858 W/FrameTracker(10059): Missed SF frame:UNKNOWN: 88, 3071207, 0, CUJ=J<IME_INSETS_ANIMATION::1@0@com.donizetiferr.expertnabiblia>
06-25 23:10:44.861 W/FrameTracker(10059): Missed SF frame:PREDICTION_ERROR, 3071268, 0, CUJ=J<IME_INSETS_ANIMATION::1@0@com.donizetiferr.expertnabiblia>
06-25 23:10:44.861 W/FrameTracker(10059): Missed SF frame:PREDICTION_ERROR, 3071283, 0, CUJ=J<IME_INSETS_ANIMATION::1@0@com.donizetiferr.expertnabiblia>
06-25 23:10:44.868 W/FrameTracker(10059): Missed SF frame:PREDICTION_ERROR, 3071305, 0, CUJ=J<IME_INSETS_ANIMATION::1@0@com.donizetiferr.expertnabiblia>
06-25 23:10:44.869 W/FrameTracker(10059): Missed SF frame:PREDICTION_ERROR, 3071327, 0, CUJ=J<IME_INSETS_ANIMATION::1@0@com.donizetiferr.expertnabiblia>
06-25 23:10:44.869 W/FrameTracker(10059): Missed SF frame:PREDICTION_ERROR, 3071335, 0, CUJ=J<IME_INSETS_ANIMATION::1@0@com.donizetiferr.expertnabiblia>
06-25 23:10:44.869 W/FrameTracker(10059): Missed SF frame:PREDICTION_ERROR, 3071343, 0, CUJ=J<IME_INSETS_ANIMATION::1@0@com.donizetiferr.expertnabiblia>
06-25 23:10:44.869 W/FrameTracker(10059): Missed SF frame:PREDICTION_ERROR, 3071351, 0, CUJ=J<IME_INSETS_ANIMATION::1@0@com.donizetiferr.expertnabiblia>
06-25 23:10:44.869 W/FrameTracker(10059): Missed SF frame:PREDICTION_ERROR, 3071359, 0, CUJ=J<IME_INSETS_ANIMATION::1@0@com.donizetiferr.expertnabiblia>
06-25 23:10:44.869 W/FrameTracker(10059): Missed SF frame:PREDICTION_ERROR, 3071382, 0, CUJ=J<IME_INSETS_ANIMATION::1@0@com.donizetiferr.expertnabiblia>
06-25 23:10:44.872 V/PerfettoTrigger(10059): Not triggering com.android.telemetry.interaction-jank-monitor-69 - not enough time since last trigger
06-25 23:10:44.901 D/AudioTrack(10059): getTimestamp_l(72): device stall time corrected using current time 7926796715200
06-25 23:10:45.551 D/AudioTrack(10059): stop(72): called with 45504 frames delivered
06-25 23:10:45.823 D/AF::Track(  418): interceptBuffer: took 585us to intercept 0 tracks
06-25 23:10:45.825 D/EGL_emulation(10059): app_time_stats: avg=18.86ms min=11.92ms max=32.05ms count=46
06-25 23:10:45.906 D/StatusBarIconController(  749): ignoring old pipeline callback because the new wifi icon is enabled
06-25 23:10:46.045 D/audioserver(  418): FGS Logger Transaction failed
06-25 23:10:46.045 D/audioserver(  418): -129
06-25 23:10:46.049 I/ExoPlayerImpl(10059): Release 68d0faa [ExoPlayerLib/2.18.1] [emu64xa, sdk_gphone64_x86_64, Google, 34] [goog.exo.core, goog.exo.exoplayer, goog.exo.decoder, goog.exo.okhttp, goog.exo.datasource, goog.exo.extractor]
06-25 23:10:46.070 D/audioserver(  418): FGS Logger Transaction failed
06-25 23:10:46.070 D/audioserver(  418): -129
06-25 23:10:46.074 D/MediaCodec(10059): keep callback message for reclaim
06-25 23:10:46.078 I/CCodecConfig(10059): query failed after returning 7 values (BAD_INDEX)
06-25 23:10:46.089 W/Codec2Client(10059): query -- param skipped: index = 1342179345.
06-25 23:10:46.089 W/Codec2Client(10059): query -- param skipped: index = 2415921170.
06-25 23:10:46.094 W/MessageQueue(10059): Handler (android.media.MediaCodec$EventHandler) {288f886} sending message to a Handler on a dead thread
06-25 23:10:46.094 W/MessageQueue(10059): java.lang.IllegalStateException: Handler (android.media.MediaCodec$EventHandler) {288f886} sending message to a Handler on a dead thread
06-25 23:10:46.094 W/MessageQueue(10059): 	at android.os.MessageQueue.enqueueMessage(MessageQueue.java:560)
06-25 23:10:46.094 W/MessageQueue(10059): 	at android.os.Handler.enqueueMessage(Handler.java:786)
06-25 23:10:46.094 W/MessageQueue(10059): 	at android.os.Handler.sendMessageAtTime(Handler.java:735)
06-25 23:10:46.094 W/MessageQueue(10059): 	at android.os.Handler.sendMessageDelayed(Handler.java:705)
06-25 23:10:46.094 W/MessageQueue(10059): 	at android.os.Handler.sendMessage(Handler.java:643)
06-25 23:10:46.094 W/MessageQueue(10059): 	at android.media.MediaCodec.postEventFromNative(MediaCodec.java:5222)
06-25 23:10:46.096 W/MessageQueue(10059): Handler (android.media.MediaCodec$EventHandler) {288f886} sending message to a Handler on a dead thread
06-25 23:10:46.096 W/MessageQueue(10059): java.lang.IllegalStateException: Handler (android.media.MediaCodec$EventHandler) {288f886} sending message to a Handler on a dead thread
06-25 23:10:46.096 W/MessageQueue(10059): 	at android.os.MessageQueue.enqueueMessage(MessageQueue.java:560)
06-25 23:10:46.096 W/MessageQueue(10059): 	at android.os.Handler.enqueueMessage(Handler.java:786)
06-25 23:10:46.096 W/MessageQueue(10059): 	at android.os.Handler.sendMessageAtTime(Handler.java:735)
06-25 23:10:46.096 W/MessageQueue(10059): 	at android.os.Handler.sendMessageDelayed(Handler.java:705)
06-25 23:10:46.096 W/MessageQueue(10059): 	at android.os.Handler.sendMessage(Handler.java:643)
06-25 23:10:46.096 W/MessageQueue(10059): 	at android.media.MediaCodec.postEventFromNative(MediaCodec.java:5222)
06-25 23:10:46.096 W/MessageQueue(10059): Handler (android.media.MediaCodec$EventHandler) {288f886} sending message to a Handler on a dead thread
06-25 23:10:46.096 W/MessageQueue(10059): java.lang.IllegalStateException: Handler (android.media.MediaCodec$EventHandler) {288f886} sending message to a Handler on a dead thread
06-25 23:10:46.096 W/MessageQueue(10059): 	at android.os.MessageQueue.enqueueMessage(MessageQueue.java:560)
06-25 23:10:46.096 W/MessageQueue(10059): 	at android.os.Handler.enqueueMessage(Handler.java:786)
